******************************************************************************
                  TI ARM Linker PC v20.2.5                     
******************************************************************************
>> Linked Tue Apr 12 19:32:18 2022

OUTPUT FILE NAME:   <Lab16_Tach.out>
ENTRY POINT SYMBOL: "_c_int00_noargs"  address: 00001881


MEMORY CONFIGURATION

         name            origin    length      used     unused   attr    fill
----------------------  --------  ---------  --------  --------  ----  --------
  MAIN                  00000000   00040000  00001960  0003e6a0  R  X
  INFO                  00200000   00004000  00000000  00004000  R  X
  SRAM_CODE             01000000   00010000  000002b7  0000fd49  RW X
  SRAM_DATA             20000000   00010000  000002b7  0000fd49  RW  


SEGMENT ALLOCATION MAP

run origin  load origin   length   init length attrs members
----------  ----------- ---------- ----------- ----- -------
00000000    00000000    00001960   00001960    r-x
  00000000    00000000    000000e4   000000e4    r-- .intvecs
  000000e4    000000e4    00001834   00001834    r-x .text
  00001918    00001918    00000048   00000048    r-- .cinit
20000000    20000000    000000b8   00000000    rw-
  20000000    20000000    00000073   00000000    rw- .bss
  20000074    20000074    00000044   00000000    rw- .data
2000fe00    2000fe00    00000200   00000000    rw-
  2000fe00    2000fe00    00000200   00000000    rw- .stack


SECTION ALLOCATION MAP

 output                                  attributes/
section   page    origin      length       input sections
--------  ----  ----------  ----------   ----------------
.intvecs   0    00000000    000000e4     
                  00000000    000000e4     startup_msp432p401r_ccs.obj (.intvecs:retain)

.text      0    000000e4    00001834     
                  000000e4    000006c8     TExaS.obj (.text)
                  000007ac    0000032c     system_msp432p401r.obj (.text)
                  00000ad8    00000288     Motor.obj (.text)
                  00000d60    000001f8     PWM.obj (.text)
                  00000f58    000001e0     Clock.obj (.text)
                  00001138    000001d4     TA3InputCapture.obj (.text)
                  0000130c    00000144     TachDemo.obj (.text)
                  00001450    0000013c     Tachometer.obj (.text)
                  0000158c    00000104     Bump.obj (.text)
                  00001690    000000a8     TimerA1.obj (.text)
                  00001738    0000009c     rtsv7M4_T_le_v4SPD16_eabi.lib : memcpy_t2.asm.obj (.text)
                  000017d4    00000068                                   : copy_decompress_lzss.c.obj (.text:decompress:lzss:__TI_decompress_lzss)
                  0000183c    00000044                                   : autoinit.c.obj (.text:__TI_auto_init_nobinit_nopinit:__TI_auto_init_nobinit_nopinit)
                  00001880    00000034                                   : boot_cortex_m.c.obj (.text:_c_int00_noargs:_c_int00_noargs)
                  000018b4    00000024     CortexM.obj (.text)
                  000018d8    0000001c     rtsv7M4_T_le_v4SPD16_eabi.lib : copy_zero_init.c.obj (.text:decompress:ZI:__TI_zero_init_nomemset:__TI_zero_init_nomemset)
                  000018f4    0000000e                                   : copy_decompress_none.c.obj (.text:decompress:none:__TI_decompress_none)
                  00001902    0000000e     startup_msp432p401r_ccs.obj (.text)
                  00001910    00000004     rtsv7M4_T_le_v4SPD16_eabi.lib : pre_init.c.obj (.text:_system_pre_init)
                  00001914    00000004                                   : exit.c.obj (.text:abort:abort)

.cinit     0    00001918    00000048     
                  00001918    0000001e     (.cinit..data.load) [load image, compression = lzss]
                  00001936    00000002     --HOLE-- [fill = 0]
                  00001938    0000000c     (__TI_handler_table)
                  00001944    00000004     --HOLE-- [fill = 0]
                  00001948    00000008     (.cinit..bss.load) [load image, compression = zero_init]
                  00001950    00000010     (__TI_cinit_table)

.init_array 
*          0    00000000    00000000     UNINITIALIZED

.binit     0    00000000    00000000     

.bss       0    20000000    00000073     UNINITIALIZED
                  20000000    00000014     (.common:Average_RPM_L)
                  20000014    00000014     (.common:Average_RPM_R)
                  20000028    00000014     (.common:LeftTach)
                  2000003c    00000014     (.common:RightTach)
                  20000050    00000004     (.common:BumpTask)
                  20000054    00000004     (.common:LeftSteps)
                  20000058    00000004     (.common:PeriodicTask2)
                  2000005c    00000004     (.common:RightSteps)
                  20000060    00000004     (.common:TimerA1Task)
                  20000064    00000002     (.common:ActualL)
                  20000066    00000002     (.common:ActualR)
                  20000068    00000002     (.common:Tachometer_FirstLeftTime)
                  2000006a    00000002     (.common:Tachometer_FirstRightTime)
                  2000006c    00000002     (.common:Tachometer_SecondLeftTime)
                  2000006e    00000002     (.common:Tachometer_SecondRightTime)
                  20000070    00000001     (.common:LeftDir)
                  20000071    00000001     (.common:LogicData)
                  20000072    00000001     (.common:RightDir)

.data      0    20000074    00000044     UNINITIALIZED
                  20000074    00000018     Clock.obj (.data)
                  2000008c    0000000c     TA3InputCapture.obj (.data)
                  20000098    0000000c     TExaS.obj (.data)
                  200000a4    0000000a     Tachometer.obj (.data)
                  200000ae    00000004     TachDemo.obj (.data)
                  200000b2    00000002     --HOLE--
                  200000b4    00000004     system_msp432p401r.obj (.data)

.stack     0    2000fe00    00000200     UNINITIALIZED
                  2000fe00    00000004     rtsv7M4_T_le_v4SPD16_eabi.lib : boot_cortex_m.c.obj (.stack)
                  2000fe04    000001fc     --HOLE--

__llvm_prf_cnts 
*          0    20000000    00000000     UNINITIALIZED

MODULE SUMMARY

       Module                        code   ro data   rw data
       ------                        ----   -------   -------
    .\
       TExaS.obj                     1736   0         34     
       system_msp432p401r.obj        812    0         8      
       Motor.obj                     648    0         0      
       Clock.obj                     480    0         48     
       TachDemo.obj                  324    0         196    
       PWM.obj                       504    0         0      
       TA3InputCapture.obj           468    0         24     
       Tachometer.obj                316    0         36     
       Bump.obj                      260    0         8      
       startup_msp432p401r_ccs.obj   14     228       0      
       TimerA1.obj                   168    0         8      
       CortexM.obj                   36     0         0      
    +--+-----------------------------+------+---------+---------+
       Total:                        5766   228       362    
                                                             
    C:\ti\ccs1110\ccs\tools\compiler\ti-cgt-arm_20.2.5.LTS\lib\rtsv7M4_T_le_v4SPD16_eabi.lib
       memcpy_t2.asm.obj             156    0         0      
       copy_decompress_lzss.c.obj    104    0         0      
       autoinit.c.obj                68     0         0      
       boot_cortex_m.c.obj           52     0         0      
       copy_zero_init.c.obj          28     0         0      
       copy_decompress_none.c.obj    14     0         0      
       exit.c.obj                    4      0         0      
       pre_init.c.obj                4      0         0      
    +--+-----------------------------+------+---------+---------+
       Total:                        430    0         0      
                                                             
       Stack:                        0      0         1024   
       Linker Generated:             0      66        0      
    +--+-----------------------------+------+---------+---------+
       Grand Total:                  6196   294       1386   


LINKER GENERATED COPY TABLES

__TI_cinit_table @ 00001950 records: 2, size/record: 8, table size: 16
	.data: load addr=00001918, load size=0000001e bytes, run addr=20000074, run size=00000044 bytes, compression=lzss
	.bss: load addr=00001948, load size=00000008 bytes, run addr=20000000, run size=00000073 bytes, compression=zero_init


LINKER GENERATED HANDLER TABLE

__TI_handler_table @ 00001938 records: 3, size/record: 4, table size: 12
	index: 0, handler: __TI_decompress_lzss
	index: 1, handler: __TI_decompress_none
	index: 2, handler: __TI_zero_init


GLOBAL SYMBOLS: SORTED ALPHABETICALLY BY Name 

address   name                                   
-------   ----                                   
0000190f  ADC14_IRQHandler                       
000004f1  ADC_Init                               
0000190f  AES256_IRQHandler                      
20000064  ActualL                                
20000066  ActualR                                
20000000  Average_RPM_L                          
20000014  Average_RPM_R                          
20000050  BumpTask                               
0000158d  Bump_Init                              
00001603  Bump_Read                              
0000190f  BusFault_Handler                       
00001915  C$$EXIT                                
0000190f  COMP_E0_IRQHandler                     
0000190f  COMP_E1_IRQHandler                     
2000007c  CPMwait                                
0000190f  CS_IRQHandler                          
2000008c  CaptureTask0                           
20000090  CaptureTask1                           
20000094  CaptureTask2                           
20000074  ClockFrequency                         
000010ad  Clock_Delay1ms                         
00001083  Clock_Delay1us                         
0000106f  Clock_GetFreq                          
00000f59  Clock_Init48MHz                        
20000088  Crystalstable                          
0000190f  DMA_ERR_IRQHandler                     
0000190f  DMA_INT0_IRQHandler                    
0000190f  DMA_INT1_IRQHandler                    
0000190f  DMA_INT2_IRQHandler                    
0000190f  DMA_INT3_IRQHandler                    
0000190f  DebugMon_Handler                       
0000190f  Default_Handler                        
000018b5  DisableInterrupts                      
0000190f  EUSCIA0_IRQHandler                     
0000190f  EUSCIA1_IRQHandler                     
0000190f  EUSCIA2_IRQHandler                     
0000190f  EUSCIA3_IRQHandler                     
0000190f  EUSCIB0_IRQHandler                     
0000190f  EUSCIB1_IRQHandler                     
0000190f  EUSCIB2_IRQHandler                     
0000190f  EUSCIB3_IRQHandler                     
000018bb  EnableInterrupts                       
000018cb  EndCritical                            
0000190f  FLCTL_IRQHandler                       
0000190f  FPU_IRQHandler                         
0000190f  HardFault_Handler                      
20000084  IFlags                                 
20000070  LeftDir                                
200000ae  LeftDuty                               
20000054  LeftSteps                              
20000028  LeftTach                               
000000e5  LogicAnalyzer                          
000000ef  LogicAnalyzer_P1                       
000001c5  LogicAnalyzer_P10                      
000000fd  LogicAnalyzer_P2                       
000001d3  LogicAnalyzer_P27_P26_P82_P92_P104_P105
0000010b  LogicAnalyzer_P2_7654                  
0000011b  LogicAnalyzer_P3                       
00000129  LogicAnalyzer_P4                       
00000147  LogicAnalyzer_P4_765320                
00000137  LogicAnalyzer_P4_765432                
0000017f  LogicAnalyzer_P5                       
0000020b  LogicAnalyzer_P55_P54_P27_P26_P37_P36  
0000018d  LogicAnalyzer_P6                       
0000019b  LogicAnalyzer_P7                       
000001a9  LogicAnalyzer_P8                       
000001b7  LogicAnalyzer_P9                       
20000071  LogicData                              
0000190f  MemManage_Handler                      
00000be5  Motor_Backward                         
00000c89  Motor_Drive                            
00000bb5  Motor_Forward                          
00000aff  Motor_Init                             
00000c15  Motor_Left                             
00000c4f  Motor_Right                            
00000b95  Motor_Stop                             
0000190f  NMI_Handler                            
0000190f  PCM_IRQHandler                         
0000190f  PORT1_IRQHandler                       
0000190f  PORT2_IRQHandler                       
0000190f  PORT3_IRQHandler                       
00001649  PORT4_IRQHandler                       
00001649  PORT4_IRQHandler                       
0000190f  PORT5_IRQHandler                       
0000190f  PORT6_IRQHandler                       
0000190f  PSS_IRQHandler                         
00000e4b  PWM_Duty1                              
00000e6b  PWM_Duty2                              
00000ef7  PWM_Duty3                              
00000f0b  PWM_Duty4                              
00000d61  PWM_Init1                              
00000dc7  PWM_Init12                             
00000e8b  PWM_Init34                             
0000190f  PendSV_Handler                         
20000058  PeriodicTask2                          
000002b9  PeriodicTask2_Init                     
00000333  PeriodicTask2_Stop                     
20000080  Postwait                               
20000078  Prewait                                
0000190f  RTC_C_IRQHandler                       
00001903  Reset_Handler                          
20000072  RightDir                               
200000b0  RightDuty                              
2000005c  RightSteps                             
2000003c  RightTach                              
0000190f  SVC_Handler                            
00000235  Scope                                  
000018c1  StartCritical                          
0000190f  SysTick_Handler                        
00000ad9  SysTick_Wait1us                        
200000b4  SystemCoreClock                        
000007ad  SystemCoreClockUpdate                  
00000a21  SystemInit                             
00000323  T32_INT1_IRQHandler                    
00000323  T32_INT1_IRQHandler                    
0000190f  T32_INT2_IRQHandler                    
0000190f  T32_INTC_IRQHandler                    
0000190f  TA0_0_IRQHandler                       
0000190f  TA0_N_IRQHandler                       
00001703  TA1_0_IRQHandler                       
00001703  TA1_0_IRQHandler                       
0000190f  TA1_N_IRQHandler                       
0000190f  TA2_0_IRQHandler                       
0000190f  TA2_N_IRQHandler                       
000011c5  TA3_0_IRQHandler                       
000011c5  TA3_0_IRQHandler                       
000011df  TA3_N_IRQHandler                       
000011df  TA3_N_IRQHandler                       
00000485  TExaS_Clear0                           
00000491  TExaS_Clear1                           
000004a5  TExaS_Clear2                           
000004b1  TExaS_Clear3                           
000004bd  TExaS_Clear4                           
000004bf  TExaS_Clear5                           
000004cb  TExaS_Clear6                           
000005b5  TExaS_Init                             
2000009c  TExaS_ScopeErrConflict                 
20000098  TExaS_ScopeErrLostData                 
200000a0  TExaS_ScopeWrnReconfig                 
00000413  TExaS_Set                              
0000042b  TExaS_Set0                             
00000437  TExaS_Set1                             
00000443  TExaS_Set2                             
0000044f  TExaS_Set3                             
0000045b  TExaS_Set4                             
0000045d  TExaS_Set5                             
00000475  TExaS_Set6                             
00000741  TExaS_Stop                             
000003c9  TExaS_Task0                            
000003d5  TExaS_Task1                            
000003e1  TExaS_Task2                            
000003ed  TExaS_Task3                            
000003f9  TExaS_Task4                            
000003fb  TExaS_Task5                            
00000407  TExaS_Task6                            
20000068  Tachometer_FirstLeftTime               
2000006a  Tachometer_FirstRightTime              
00001507  Tachometer_Get                         
000014dd  Tachometer_Init                        
200000ad  Tachometer_LeftDir                     
200000a8  Tachometer_LeftSteps                   
200000ac  Tachometer_RightDir                    
200000a4  Tachometer_RightSteps                  
2000006c  Tachometer_SecondLeftTime              
2000006e  Tachometer_SecondRightTime             
20000060  TimerA1Task                            
00001691  TimerA1_Init                           
000016ef  TimerA1_Stop                           
00001145  TimerA3Capture_Init01                  
0000121f  TimerA3Capture_Init02                  
0000039d  UART_InChar                            
00000343  UART_Init                              
000003ad  UART_OutChar                           
0000190f  UsageFault_Handler                     
4000480c  WDTCTL_SYM                             
0000190f  WDT_A_IRQHandler                       
000018d3  WaitForInterrupt                       
20010000  __STACK_END                            
00000200  __STACK_SIZE                           
00001950  __TI_CINIT_Base                        
00001960  __TI_CINIT_Limit                       
00001938  __TI_Handler_Table_Base                
00001944  __TI_Handler_Table_Limit               
0000183d  __TI_auto_init_nobinit_nopinit         
000017d5  __TI_decompress_lzss                   
000018f5  __TI_decompress_none                   
ffffffff  __TI_pprof_out_hndl                    
ffffffff  __TI_prof_data_size                    
ffffffff  __TI_prof_data_start                   
00000000  __TI_static_base__                     
000018d9  __TI_zero_init_nomemset                
00001739  __aeabi_memcpy                         
00001739  __aeabi_memcpy4                        
00001739  __aeabi_memcpy8                        
ffffffff  __binit__                              
ffffffff  __c_args__                             
UNDEFED   __mpu_init                             
2000fe00  __stack                                
20000000  __start___llvm_prf_cnts                
20000000  __stop___llvm_prf_cnts                 
00001881  _c_int00_noargs                        
UNDEFED   _system_post_cinit                     
00001911  _system_pre_init                       
00001915  abort                                  
0000130d  avg                                    
ffffffff  binit                                  
00001075  delay                                  
00000000  interruptVectors                       
0000134f  main                                   
00001739  memcpy                                 
00001139  ta3dummy                               
00001497  tachometerLeftInt                      
00001451  tachometerRightInt                     


GLOBAL SYMBOLS: SORTED BY Symbol Address 

address   name                                   
-------   ----                                   
00000000  __TI_static_base__                     
00000000  interruptVectors                       
000000e5  LogicAnalyzer                          
000000ef  LogicAnalyzer_P1                       
000000fd  LogicAnalyzer_P2                       
0000010b  LogicAnalyzer_P2_7654                  
0000011b  LogicAnalyzer_P3                       
00000129  LogicAnalyzer_P4                       
00000137  LogicAnalyzer_P4_765432                
00000147  LogicAnalyzer_P4_765320                
0000017f  LogicAnalyzer_P5                       
0000018d  LogicAnalyzer_P6                       
0000019b  LogicAnalyzer_P7                       
000001a9  LogicAnalyzer_P8                       
000001b7  LogicAnalyzer_P9                       
000001c5  LogicAnalyzer_P10                      
000001d3  LogicAnalyzer_P27_P26_P82_P92_P104_P105
00000200  __STACK_SIZE                           
0000020b  LogicAnalyzer_P55_P54_P27_P26_P37_P36  
00000235  Scope                                  
000002b9  PeriodicTask2_Init                     
00000323  T32_INT1_IRQHandler                    
00000323  T32_INT1_IRQHandler                    
00000333  PeriodicTask2_Stop                     
00000343  UART_Init                              
0000039d  UART_InChar                            
000003ad  UART_OutChar                           
000003c9  TExaS_Task0                            
000003d5  TExaS_Task1                            
000003e1  TExaS_Task2                            
000003ed  TExaS_Task3                            
000003f9  TExaS_Task4                            
000003fb  TExaS_Task5                            
00000407  TExaS_Task6                            
00000413  TExaS_Set                              
0000042b  TExaS_Set0                             
00000437  TExaS_Set1                             
00000443  TExaS_Set2                             
0000044f  TExaS_Set3                             
0000045b  TExaS_Set4                             
0000045d  TExaS_Set5                             
00000475  TExaS_Set6                             
00000485  TExaS_Clear0                           
00000491  TExaS_Clear1                           
000004a5  TExaS_Clear2                           
000004b1  TExaS_Clear3                           
000004bd  TExaS_Clear4                           
000004bf  TExaS_Clear5                           
000004cb  TExaS_Clear6                           
000004f1  ADC_Init                               
000005b5  TExaS_Init                             
00000741  TExaS_Stop                             
000007ad  SystemCoreClockUpdate                  
00000a21  SystemInit                             
00000ad9  SysTick_Wait1us                        
00000aff  Motor_Init                             
00000b95  Motor_Stop                             
00000bb5  Motor_Forward                          
00000be5  Motor_Backward                         
00000c15  Motor_Left                             
00000c4f  Motor_Right                            
00000c89  Motor_Drive                            
00000d61  PWM_Init1                              
00000dc7  PWM_Init12                             
00000e4b  PWM_Duty1                              
00000e6b  PWM_Duty2                              
00000e8b  PWM_Init34                             
00000ef7  PWM_Duty3                              
00000f0b  PWM_Duty4                              
00000f59  Clock_Init48MHz                        
0000106f  Clock_GetFreq                          
00001075  delay                                  
00001083  Clock_Delay1us                         
000010ad  Clock_Delay1ms                         
00001139  ta3dummy                               
00001145  TimerA3Capture_Init01                  
000011c5  TA3_0_IRQHandler                       
000011c5  TA3_0_IRQHandler                       
000011df  TA3_N_IRQHandler                       
000011df  TA3_N_IRQHandler                       
0000121f  TimerA3Capture_Init02                  
0000130d  avg                                    
0000134f  main                                   
00001451  tachometerRightInt                     
00001497  tachometerLeftInt                      
000014dd  Tachometer_Init                        
00001507  Tachometer_Get                         
0000158d  Bump_Init                              
00001603  Bump_Read                              
00001649  PORT4_IRQHandler                       
00001649  PORT4_IRQHandler                       
00001691  TimerA1_Init                           
000016ef  TimerA1_Stop                           
00001703  TA1_0_IRQHandler                       
00001703  TA1_0_IRQHandler                       
00001739  __aeabi_memcpy                         
00001739  __aeabi_memcpy4                        
00001739  __aeabi_memcpy8                        
00001739  memcpy                                 
000017d5  __TI_decompress_lzss                   
0000183d  __TI_auto_init_nobinit_nopinit         
00001881  _c_int00_noargs                        
000018b5  DisableInterrupts                      
000018bb  EnableInterrupts                       
000018c1  StartCritical                          
000018cb  EndCritical                            
000018d3  WaitForInterrupt                       
000018d9  __TI_zero_init_nomemset                
000018f5  __TI_decompress_none                   
00001903  Reset_Handler                          
0000190f  ADC14_IRQHandler                       
0000190f  AES256_IRQHandler                      
0000190f  BusFault_Handler                       
0000190f  COMP_E0_IRQHandler                     
0000190f  COMP_E1_IRQHandler                     
0000190f  CS_IRQHandler                          
0000190f  DMA_ERR_IRQHandler                     
0000190f  DMA_INT0_IRQHandler                    
0000190f  DMA_INT1_IRQHandler                    
0000190f  DMA_INT2_IRQHandler                    
0000190f  DMA_INT3_IRQHandler                    
0000190f  DebugMon_Handler                       
0000190f  Default_Handler                        
0000190f  EUSCIA0_IRQHandler                     
0000190f  EUSCIA1_IRQHandler                     
0000190f  EUSCIA2_IRQHandler                     
0000190f  EUSCIA3_IRQHandler                     
0000190f  EUSCIB0_IRQHandler                     
0000190f  EUSCIB1_IRQHandler                     
0000190f  EUSCIB2_IRQHandler                     
0000190f  EUSCIB3_IRQHandler                     
0000190f  FLCTL_IRQHandler                       
0000190f  FPU_IRQHandler                         
0000190f  HardFault_Handler                      
0000190f  MemManage_Handler                      
0000190f  NMI_Handler                            
0000190f  PCM_IRQHandler                         
0000190f  PORT1_IRQHandler                       
0000190f  PORT2_IRQHandler                       
0000190f  PORT3_IRQHandler                       
0000190f  PORT5_IRQHandler                       
0000190f  PORT6_IRQHandler                       
0000190f  PSS_IRQHandler                         
0000190f  PendSV_Handler                         
0000190f  RTC_C_IRQHandler                       
0000190f  SVC_Handler                            
0000190f  SysTick_Handler                        
0000190f  T32_INT2_IRQHandler                    
0000190f  T32_INTC_IRQHandler                    
0000190f  TA0_0_IRQHandler                       
0000190f  TA0_N_IRQHandler                       
0000190f  TA1_N_IRQHandler                       
0000190f  TA2_0_IRQHandler                       
0000190f  TA2_N_IRQHandler                       
0000190f  UsageFault_Handler                     
0000190f  WDT_A_IRQHandler                       
00001911  _system_pre_init                       
00001915  C$$EXIT                                
00001915  abort                                  
00001938  __TI_Handler_Table_Base                
00001944  __TI_Handler_Table_Limit               
00001950  __TI_CINIT_Base                        
00001960  __TI_CINIT_Limit                       
20000000  Average_RPM_L                          
20000000  __start___llvm_prf_cnts                
20000000  __stop___llvm_prf_cnts                 
20000014  Average_RPM_R                          
20000028  LeftTach                               
2000003c  RightTach                              
20000050  BumpTask                               
20000054  LeftSteps                              
20000058  PeriodicTask2                          
2000005c  RightSteps                             
20000060  TimerA1Task                            
20000064  ActualL                                
20000066  ActualR                                
20000068  Tachometer_FirstLeftTime               
2000006a  Tachometer_FirstRightTime              
2000006c  Tachometer_SecondLeftTime              
2000006e  Tachometer_SecondRightTime             
20000070  LeftDir                                
20000071  LogicData                              
20000072  RightDir                               
20000074  ClockFrequency                         
20000078  Prewait                                
2000007c  CPMwait                                
20000080  Postwait                               
20000084  IFlags                                 
20000088  Crystalstable                          
2000008c  CaptureTask0                           
20000090  CaptureTask1                           
20000094  CaptureTask2                           
20000098  TExaS_ScopeErrLostData                 
2000009c  TExaS_ScopeErrConflict                 
200000a0  TExaS_ScopeWrnReconfig                 
200000a4  Tachometer_RightSteps                  
200000a8  Tachometer_LeftSteps                   
200000ac  Tachometer_RightDir                    
200000ad  Tachometer_LeftDir                     
200000ae  LeftDuty                               
200000b0  RightDuty                              
200000b4  SystemCoreClock                        
2000fe00  __stack                                
20010000  __STACK_END                            
4000480c  WDTCTL_SYM                             
ffffffff  __TI_pprof_out_hndl                    
ffffffff  __TI_prof_data_size                    
ffffffff  __TI_prof_data_start                   
ffffffff  __binit__                              
ffffffff  __c_args__                             
ffffffff  binit                                  
UNDEFED   __mpu_init                             
UNDEFED   _system_post_cinit                     

[213 symbols]
