******************************************************************************
                  TI ARM Linker PC v18.12.1                    
******************************************************************************
>> Linked Wed Jul 31 21:53:05 2019

OUTPUT FILE NAME:   <Lab09_SysTick.out>
ENTRY POINT SYMBOL: "_c_int00_noargs"  address: 00001591


MEMORY CONFIGURATION

         name            origin    length      used     unused   attr    fill
----------------------  --------  ---------  --------  --------  ----  --------
  MAIN                  00000000   00040000  00001b8e  0003e472  R  X
  INFO                  00200000   00004000  00000000  00004000  R  X
  SRAM_CODE             01000000   00010000  0000023d  0000fdc3  RW X
  SRAM_DATA             20000000   00010000  0000023d  0000fdc3  RW  


SEGMENT ALLOCATION MAP

run origin  load origin   length   init length attrs members
----------  ----------- ---------- ----------- ----- -------
00000000    00000000    00001b90   00001b90    r-x
  00000000    00000000    000000e4   000000e4    r-- .intvecs
  000000e4    000000e4    0000153a   0000153a    r-x .text
  00001620    00001620    00000538   00000538    r-- .const
  00001b58    00001b58    00000038   00000038    r-- .cinit
20000000    20000000    0000003d   00000000    rw-
  20000000    20000000    00000028   00000000    rw- .data
  20000028    20000028    00000015   00000000    rw- .bss
2000fe00    2000fe00    00000200   00000000    rw-
  2000fe00    2000fe00    00000200   00000000    rw- .stack


SECTION ALLOCATION MAP

 output                                  attributes/
section   page    origin      length       input sections
--------  ----  ----------  ----------   ----------------
.intvecs   0    00000000    000000e4     
                  00000000    000000e4     startup_msp432p401r_ccs.obj (.intvecs:retain)

.text      0    000000e4    0000153a     
                  000000e4    000006c8     TExaS.obj (.text)
                  000007ac    000005b8     Lab09_SysTickmain.obj (.text)
                  00000d64    0000032c     system_msp432p401r.obj (.text)
                  00001090    000001e0     Clock.obj (.text)
                  00001270    000000f4     LaunchPad.obj (.text)
                  00001364    0000009c     rtsv7M4_T_le_v4SPD16_eabi.lib : memcpy_t2.asm.obj (.text)
                  00001400    00000078     Bump.obj (.text)
                  00001478    0000006c     SysTick.obj (.text)
                  000014e4    00000068     rtsv7M4_T_le_v4SPD16_eabi.lib : copy_decompress_lzss.c.obj (.text:decompress:lzss:__TI_decompress_lzss)
                  0000154c    00000044                                   : autoinit.c.obj (.text:__TI_auto_init_nobinit_nopinit:__TI_auto_init_nobinit_nopinit)
                  00001590    00000034                                   : boot_cortex_m.c.obj (.text:_c_int00_noargs:_c_int00_noargs)
                  000015c4    00000024     CortexM.obj (.text)
                  000015e8    00000012     rtsv7M4_T_le_v4SPD16_eabi.lib : copy_zero_init.c.obj (.text:decompress:ZI:__TI_zero_init_nomemset:__TI_zero_init_nomemset)
                  000015fa    0000000e                                   : copy_decompress_none.c.obj (.text:decompress:none:__TI_decompress_none)
                  00001608    0000000e     startup_msp432p401r_ccs.obj (.text)
                  00001616    00000004     rtsv7M4_T_le_v4SPD16_eabi.lib : pre_init.c.obj (.text:_system_pre_init)
                  0000161a    00000004                                   : exit.c.obj (.text:abort:abort)

.const     0    00001620    00000538     
                  00001620    00000190     Lab09_SysTickmain.obj (.const:DutyBuf)
                  000017b0    00000190     Lab09_SysTickmain.obj (.const:PulseBuf)
                  00001940    00000074     Lab09_SysTickmain.obj (.const:wave343)
                  000019b4    00000058     Lab09_SysTickmain.obj (.const:wave454)
                  00001a0c    0000004e     Lab09_SysTickmain.obj (.const:wave514)
                  00001a5a    00000002     --HOLE-- [fill = 0]
                  00001a5c    00000048     Lab09_SysTickmain.obj (.const:Notes)
                  00001aa4    00000046     Lab09_SysTickmain.obj (.const:wave576)
                  00001aea    0000003a     Lab09_SysTickmain.obj (.const:wave685)
                  00001b24    00000034     Lab09_SysTickmain.obj (.const:wave769)

.cinit     0    00001b58    00000038     
                  00001b58    0000000d     (.cinit..data.load) [load image, compression = lzss]
                  00001b65    00000003     --HOLE-- [fill = 0]
                  00001b68    0000000c     (__TI_handler_table)
                  00001b74    00000004     --HOLE-- [fill = 0]
                  00001b78    00000008     (.cinit..bss.load) [load image, compression = zero_init]
                  00001b80    00000010     (__TI_cinit_table)

.init_array 
*          0    00000000    00000000     UNINITIALIZED

.binit     0    00000000    00000000     

.data      0    20000000    00000028     UNINITIALIZED
                  20000000    00000018     Clock.obj (.data)
                  20000018    0000000c     TExaS.obj (.data)
                  20000024    00000004     system_msp432p401r.obj (.data)

.bss       0    20000028    00000015     UNINITIALIZED
                  20000028    00000004     (.common:H)
                  2000002c    00000004     (.common:L)
                  20000030    00000004     (.common:PeriodicTask2)
                  20000034    00000004     (.common:startTime)
                  20000038    00000004     (.common:time)
                  2000003c    00000001     (.common:LogicData)

.stack     0    2000fe00    00000200     UNINITIALIZED
                  2000fe00    00000004     rtsv7M4_T_le_v4SPD16_eabi.lib : boot_cortex_m.c.obj (.stack)
                  2000fe04    000001fc     --HOLE--

MODULE SUMMARY

       Module                        code   ro data   rw data
       ------                        ----   -------   -------
    .\
       Lab09_SysTickmain.obj         1464   1334      32     
       TExaS.obj                     1736   0         34     
       system_msp432p401r.obj        812    0         8      
       Clock.obj                     480    0         48     
       LaunchPad.obj                 244    0         0      
       startup_msp432p401r_ccs.obj   14     228       0      
       Bump.obj                      120    0         0      
       SysTick.obj                   108    0         0      
       CortexM.obj                   36     0         0      
    +--+-----------------------------+------+---------+---------+
       Total:                        5014   1562      122    
                                                             
    E:\ti\ccs900\ccs\tools\compiler\ti-cgt-arm_18.12.1.LTS\lib\rtsv7M4_T_le_v4SPD16_eabi.lib
       memcpy_t2.asm.obj             156    0         0      
       copy_decompress_lzss.c.obj    104    0         0      
       autoinit.c.obj                68     0         0      
       boot_cortex_m.c.obj           52     0         0      
       copy_zero_init.c.obj          18     0         0      
       copy_decompress_none.c.obj    14     0         0      
       exit.c.obj                    4      0         0      
       pre_init.c.obj                4      0         0      
    +--+-----------------------------+------+---------+---------+
       Total:                        420    0         0      
                                                             
       Stack:                        0      0         1024   
       Linker Generated:             0      49        0      
    +--+-----------------------------+------+---------+---------+
       Grand Total:                  5434   1611      1146   


LINKER GENERATED COPY TABLES

__TI_cinit_table @ 00001b80 records: 2, size/record: 8, table size: 16
	.data: load addr=00001b58, load size=0000000d bytes, run addr=20000000, run size=00000028 bytes, compression=lzss
	.bss: load addr=00001b78, load size=00000008 bytes, run addr=20000028, run size=00000015 bytes, compression=zero_init


LINKER GENERATED HANDLER TABLE

__TI_handler_table @ 00001b68 records: 3, size/record: 4, table size: 12
	index: 0, handler: __TI_decompress_lzss
	index: 1, handler: __TI_decompress_none
	index: 2, handler: __TI_zero_init


GLOBAL SYMBOLS: SORTED ALPHABETICALLY BY Name 

address   name                                   
-------   ----                                   
00001615  ADC14_IRQHandler                       
000004f1  ADC_Init                               
00001615  AES256_IRQHandler                      
00001401  Bump_Init                              
00001435  Bump_Read                              
00001615  BusFault_Handler                       
0000161b  C$$EXIT                                
00001615  COMP_E0_IRQHandler                     
00001615  COMP_E1_IRQHandler                     
20000008  CPMwait                                
00001615  CS_IRQHandler                          
20000000  ClockFrequency                         
000011e5  Clock_Delay1ms                         
000011bb  Clock_Delay1us                         
000011a7  Clock_GetFreq                          
00001091  Clock_Init48MHz                        
20000014  Crystalstable                          
00001615  DMA_ERR_IRQHandler                     
00001615  DMA_INT0_IRQHandler                    
00001615  DMA_INT1_IRQHandler                    
00001615  DMA_INT2_IRQHandler                    
00001615  DMA_INT3_IRQHandler                    
00001615  DebugMon_Handler                       
00001615  Default_Handler                        
000015c5  DisableInterrupts                      
00001620  DutyBuf                                
00001615  EUSCIA0_IRQHandler                     
00001615  EUSCIA1_IRQHandler                     
00001615  EUSCIA2_IRQHandler                     
00001615  EUSCIA3_IRQHandler                     
00001615  EUSCIB0_IRQHandler                     
00001615  EUSCIB1_IRQHandler                     
00001615  EUSCIB2_IRQHandler                     
00001615  EUSCIB3_IRQHandler                     
000015cb  EnableInterrupts                       
000015db  EndCritical                            
00001615  FLCTL_IRQHandler                       
00001615  FPU_IRQHandler                         
20000028  H                                      
00001615  HardFault_Handler                      
20000010  IFlags                                 
2000002c  L                                      
00001271  LaunchPad_Init                         
000012e1  LaunchPad_Input                        
000012fb  LaunchPad_LED                          
00001319  LaunchPad_Output                       
000000e5  LogicAnalyzer                          
000000ef  LogicAnalyzer_P1                       
000001c5  LogicAnalyzer_P10                      
000000fd  LogicAnalyzer_P2                       
000001d3  LogicAnalyzer_P27_P26_P82_P92_P104_P105
0000010b  LogicAnalyzer_P2_7654                  
0000011b  LogicAnalyzer_P3                       
00000129  LogicAnalyzer_P4                       
00000147  LogicAnalyzer_P4_765320                
00000137  LogicAnalyzer_P4_765432                
0000017f  LogicAnalyzer_P5                       
0000020b  LogicAnalyzer_P55_P54_P27_P26_P37_P36  
0000018d  LogicAnalyzer_P6                       
0000019b  LogicAnalyzer_P7                       
000001a9  LogicAnalyzer_P8                       
000001b7  LogicAnalyzer_P9                       
2000003c  LogicData                              
00001615  MemManage_Handler                      
00001615  NMI_Handler                            
00001a5c  Notes                                  
00001615  PCM_IRQHandler                         
00001615  PORT1_IRQHandler                       
00001615  PORT2_IRQHandler                       
00001615  PORT3_IRQHandler                       
00001615  PORT4_IRQHandler                       
00001615  PORT5_IRQHandler                       
00001615  PORT6_IRQHandler                       
00001615  PSS_IRQHandler                         
00001615  PendSV_Handler                         
20000030  PeriodicTask2                          
000002b9  PeriodicTask2_Init                     
00000333  PeriodicTask2_Stop                     
2000000c  Postwait                               
20000004  Prewait                                
000007d3  Program9_1                             
0000080d  Program9_2                             
000017b0  PulseBuf                               
00001615  RTC_C_IRQHandler                       
00001609  Reset_Handler                          
00001615  SVC_Handler                            
00000235  Scope                                  
000015d1  StartCritical                          
00001615  SysTick_Handler                        
00001479  SysTick_Init                           
00001489  SysTick_Wait                           
000014af  SysTick_Wait10ms                       
000007ad  SysTick_Wait1us                        
00000bb5  SysTick_Wait2                          
20000024  SystemCoreClock                        
00000d65  SystemCoreClockUpdate                  
00000fd9  SystemInit                             
00000323  T32_INT1_IRQHandler                    
00000323  T32_INT1_IRQHandler                    
00001615  T32_INT2_IRQHandler                    
00001615  T32_INTC_IRQHandler                    
00001615  TA0_0_IRQHandler                       
00001615  TA0_N_IRQHandler                       
00001615  TA1_0_IRQHandler                       
00001615  TA1_N_IRQHandler                       
00001615  TA2_0_IRQHandler                       
00001615  TA2_N_IRQHandler                       
00001615  TA3_0_IRQHandler                       
00001615  TA3_N_IRQHandler                       
00000485  TExaS_Clear0                           
00000491  TExaS_Clear1                           
000004a5  TExaS_Clear2                           
000004b1  TExaS_Clear3                           
000004bd  TExaS_Clear4                           
000004bf  TExaS_Clear5                           
000004cb  TExaS_Clear6                           
000005b5  TExaS_Init                             
2000001c  TExaS_ScopeErrConflict                 
20000018  TExaS_ScopeErrLostData                 
20000020  TExaS_ScopeWrnReconfig                 
00000413  TExaS_Set                              
0000042b  TExaS_Set0                             
00000437  TExaS_Set1                             
00000443  TExaS_Set2                             
0000044f  TExaS_Set3                             
0000045b  TExaS_Set4                             
0000045d  TExaS_Set5                             
00000475  TExaS_Set6                             
00000741  TExaS_Stop                             
000003c9  TExaS_Task0                            
000003d5  TExaS_Task1                            
000003e1  TExaS_Task2                            
000003ed  TExaS_Task3                            
000003f9  TExaS_Task4                            
000003fb  TExaS_Task5                            
00000407  TExaS_Task6                            
0000039d  UART_InChar                            
00000343  UART_Init                              
000003ad  UART_OutChar                           
00001615  UsageFault_Handler                     
4000480c  WDTCTL_SYM                             
00001615  WDT_A_IRQHandler                       
000015e3  WaitForInterrupt                       
20010000  __STACK_END                            
00000200  __STACK_SIZE                           
00001b80  __TI_CINIT_Base                        
00001b90  __TI_CINIT_Limit                       
00001b68  __TI_Handler_Table_Base                
00001b74  __TI_Handler_Table_Limit               
0000154d  __TI_auto_init_nobinit_nopinit         
000014e5  __TI_decompress_lzss                   
000015fb  __TI_decompress_none                   
ffffffff  __TI_pprof_out_hndl                    
ffffffff  __TI_prof_data_size                    
ffffffff  __TI_prof_data_start                   
00000000  __TI_static_base__                     
000015e9  __TI_zero_init_nomemset                
00001365  __aeabi_memcpy                         
00001365  __aeabi_memcpy4                        
00001365  __aeabi_memcpy8                        
ffffffff  __binit__                              
ffffffff  __c_args__                             
UNDEFED   __mpu_init                             
2000fe00  __stack                                
00001591  _c_int00_noargs                        
UNDEFED   _system_post_cinit                     
00001617  _system_pre_init                       
0000161b  abort                                  
ffffffff  binit                                  
000011ad  delay                                  
00000000  interruptVectors                       
00000be9  main                                   
0000086d  main1                                  
0000090d  main3                                  
000009a3  main4                                  
00000a79  main5                                  
00000b8f  main7                                  
00001365  memcpy                                 
20000034  startTime                              
20000038  time                                   
00001940  wave343                                
000019b4  wave454                                
00001a0c  wave514                                
00001aa4  wave576                                
00001aea  wave685                                
00001b24  wave769                                


GLOBAL SYMBOLS: SORTED BY Symbol Address 

address   name                                   
-------   ----                                   
00000000  __TI_static_base__                     
00000000  interruptVectors                       
000000e5  LogicAnalyzer                          
000000ef  LogicAnalyzer_P1                       
000000fd  LogicAnalyzer_P2                       
0000010b  LogicAnalyzer_P2_7654                  
0000011b  LogicAnalyzer_P3                       
00000129  LogicAnalyzer_P4                       
00000137  LogicAnalyzer_P4_765432                
00000147  LogicAnalyzer_P4_765320                
0000017f  LogicAnalyzer_P5                       
0000018d  LogicAnalyzer_P6                       
0000019b  LogicAnalyzer_P7                       
000001a9  LogicAnalyzer_P8                       
000001b7  LogicAnalyzer_P9                       
000001c5  LogicAnalyzer_P10                      
000001d3  LogicAnalyzer_P27_P26_P82_P92_P104_P105
00000200  __STACK_SIZE                           
0000020b  LogicAnalyzer_P55_P54_P27_P26_P37_P36  
00000235  Scope                                  
000002b9  PeriodicTask2_Init                     
00000323  T32_INT1_IRQHandler                    
00000323  T32_INT1_IRQHandler                    
00000333  PeriodicTask2_Stop                     
00000343  UART_Init                              
0000039d  UART_InChar                            
000003ad  UART_OutChar                           
000003c9  TExaS_Task0                            
000003d5  TExaS_Task1                            
000003e1  TExaS_Task2                            
000003ed  TExaS_Task3                            
000003f9  TExaS_Task4                            
000003fb  TExaS_Task5                            
00000407  TExaS_Task6                            
00000413  TExaS_Set                              
0000042b  TExaS_Set0                             
00000437  TExaS_Set1                             
00000443  TExaS_Set2                             
0000044f  TExaS_Set3                             
0000045b  TExaS_Set4                             
0000045d  TExaS_Set5                             
00000475  TExaS_Set6                             
00000485  TExaS_Clear0                           
00000491  TExaS_Clear1                           
000004a5  TExaS_Clear2                           
000004b1  TExaS_Clear3                           
000004bd  TExaS_Clear4                           
000004bf  TExaS_Clear5                           
000004cb  TExaS_Clear6                           
000004f1  ADC_Init                               
000005b5  TExaS_Init                             
00000741  TExaS_Stop                             
000007ad  SysTick_Wait1us                        
000007d3  Program9_1                             
0000080d  Program9_2                             
0000086d  main1                                  
0000090d  main3                                  
000009a3  main4                                  
00000a79  main5                                  
00000b8f  main7                                  
00000bb5  SysTick_Wait2                          
00000be9  main                                   
00000d65  SystemCoreClockUpdate                  
00000fd9  SystemInit                             
00001091  Clock_Init48MHz                        
000011a7  Clock_GetFreq                          
000011ad  delay                                  
000011bb  Clock_Delay1us                         
000011e5  Clock_Delay1ms                         
00001271  LaunchPad_Init                         
000012e1  LaunchPad_Input                        
000012fb  LaunchPad_LED                          
00001319  LaunchPad_Output                       
00001365  __aeabi_memcpy                         
00001365  __aeabi_memcpy4                        
00001365  __aeabi_memcpy8                        
00001365  memcpy                                 
00001401  Bump_Init                              
00001435  Bump_Read                              
00001479  SysTick_Init                           
00001489  SysTick_Wait                           
000014af  SysTick_Wait10ms                       
000014e5  __TI_decompress_lzss                   
0000154d  __TI_auto_init_nobinit_nopinit         
00001591  _c_int00_noargs                        
000015c5  DisableInterrupts                      
000015cb  EnableInterrupts                       
000015d1  StartCritical                          
000015db  EndCritical                            
000015e3  WaitForInterrupt                       
000015e9  __TI_zero_init_nomemset                
000015fb  __TI_decompress_none                   
00001609  Reset_Handler                          
00001615  ADC14_IRQHandler                       
00001615  AES256_IRQHandler                      
00001615  BusFault_Handler                       
00001615  COMP_E0_IRQHandler                     
00001615  COMP_E1_IRQHandler                     
00001615  CS_IRQHandler                          
00001615  DMA_ERR_IRQHandler                     
00001615  DMA_INT0_IRQHandler                    
00001615  DMA_INT1_IRQHandler                    
00001615  DMA_INT2_IRQHandler                    
00001615  DMA_INT3_IRQHandler                    
00001615  DebugMon_Handler                       
00001615  Default_Handler                        
00001615  EUSCIA0_IRQHandler                     
00001615  EUSCIA1_IRQHandler                     
00001615  EUSCIA2_IRQHandler                     
00001615  EUSCIA3_IRQHandler                     
00001615  EUSCIB0_IRQHandler                     
00001615  EUSCIB1_IRQHandler                     
00001615  EUSCIB2_IRQHandler                     
00001615  EUSCIB3_IRQHandler                     
00001615  FLCTL_IRQHandler                       
00001615  FPU_IRQHandler                         
00001615  HardFault_Handler                      
00001615  MemManage_Handler                      
00001615  NMI_Handler                            
00001615  PCM_IRQHandler                         
00001615  PORT1_IRQHandler                       
00001615  PORT2_IRQHandler                       
00001615  PORT3_IRQHandler                       
00001615  PORT4_IRQHandler                       
00001615  PORT5_IRQHandler                       
00001615  PORT6_IRQHandler                       
00001615  PSS_IRQHandler                         
00001615  PendSV_Handler                         
00001615  RTC_C_IRQHandler                       
00001615  SVC_Handler                            
00001615  SysTick_Handler                        
00001615  T32_INT2_IRQHandler                    
00001615  T32_INTC_IRQHandler                    
00001615  TA0_0_IRQHandler                       
00001615  TA0_N_IRQHandler                       
00001615  TA1_0_IRQHandler                       
00001615  TA1_N_IRQHandler                       
00001615  TA2_0_IRQHandler                       
00001615  TA2_N_IRQHandler                       
00001615  TA3_0_IRQHandler                       
00001615  TA3_N_IRQHandler                       
00001615  UsageFault_Handler                     
00001615  WDT_A_IRQHandler                       
00001617  _system_pre_init                       
0000161b  C$$EXIT                                
0000161b  abort                                  
00001620  DutyBuf                                
000017b0  PulseBuf                               
00001940  wave343                                
000019b4  wave454                                
00001a0c  wave514                                
00001a5c  Notes                                  
00001aa4  wave576                                
00001aea  wave685                                
00001b24  wave769                                
00001b68  __TI_Handler_Table_Base                
00001b74  __TI_Handler_Table_Limit               
00001b80  __TI_CINIT_Base                        
00001b90  __TI_CINIT_Limit                       
20000000  ClockFrequency                         
20000004  Prewait                                
20000008  CPMwait                                
2000000c  Postwait                               
20000010  IFlags                                 
20000014  Crystalstable                          
20000018  TExaS_ScopeErrLostData                 
2000001c  TExaS_ScopeErrConflict                 
20000020  TExaS_ScopeWrnReconfig                 
20000024  SystemCoreClock                        
20000028  H                                      
2000002c  L                                      
20000030  PeriodicTask2                          
20000034  startTime                              
20000038  time                                   
2000003c  LogicData                              
2000fe00  __stack                                
20010000  __STACK_END                            
4000480c  WDTCTL_SYM                             
ffffffff  __TI_pprof_out_hndl                    
ffffffff  __TI_prof_data_size                    
ffffffff  __TI_prof_data_start                   
ffffffff  __binit__                              
ffffffff  __c_args__                             
ffffffff  binit                                  
UNDEFED   __mpu_init                             
UNDEFED   _system_post_cinit                     

[186 symbols]
