******************************************************************************
                  TI ARM Linker PC v20.2.5                     
******************************************************************************
>> Linked Wed Apr 20 22:39:13 2022

OUTPUT FILE NAME:   <Lab17_Control.out>
ENTRY POINT SYMBOL: "_c_int00_noargs"  address: 00004c65


MEMORY CONFIGURATION

         name            origin    length      used     unused   attr    fill
----------------------  --------  ---------  --------  --------  ----  --------
  MAIN                  00000000   00040000  000050d9  0003af27  R  X
  INFO                  00200000   00004000  00000000  00004000  R  X
  SRAM_CODE             01000000   00010000  00000a97  0000f569  RW X
  SRAM_DATA             20000000   00010000  00000a97  0000f569  RW  


SEGMENT ALLOCATION MAP

run origin  load origin   length   init length attrs members
----------  ----------- ---------- ----------- ----- -------
00000000    00000000    000050e0   000050e0    r-x
  00000000    00000000    000000e4   000000e4    r-- .intvecs
  000000e4    000000e4    00004e44   00004e44    r-x .text
  00004f28    00004f28    00000101   00000101    r-- .const
  00005030    00005030    000000b0   000000b0    r-- .cinit
20000000    20000000    00000898   00000000    rw-
  20000000    20000000    00000400   00000000    rw- .sysmem
  20000400    20000400    00000253   00000000    rw- .bss
  20000654    20000654    00000244   00000000    rw- .data
2000fe00    2000fe00    00000200   00000000    rw-
  2000fe00    2000fe00    00000200   00000000    rw- .stack


SECTION ALLOCATION MAP

 output                                  attributes/
section   page    origin      length       input sections
--------  ----  ----------  ----------   ----------------
.intvecs   0    00000000    000000e4     
                  00000000    000000e4     startup_msp432p401r_ccs.obj (.intvecs:retain)

.text      0    000000e4    00004e44     
                  000000e4    00000a4e     rtsv7M4_T_le_v4SPD16_eabi.lib : _printfi.c.obj (.text:__TI_printfi)
                  00000b32    00000002                                   : _lock.c.obj (.text:_nop)
                  00000b34    000006e0     UART0.obj (.text)
                  00001214    000006c8     TExaS.obj (.text)
                  000018dc    000003e0     PID_Motor_Control.obj (.text)
                  00001cbc    0000032c     system_msp432p401r.obj (.text)
                  00001fe8    00000288     Motor.obj (.text)
                  00002270    00000270     rtsv7M4_T_le_v4SPD16_eabi.lib : _printfi.c.obj (.text:_pconv_a)
                  000024e0    000001f8     PWM.obj (.text)
                  000026d8    000001e0     Clock.obj (.text)
                  000028b8    000001d4     TA3InputCapture.obj (.text)
                  00002a8c    000001d0     rtsv7M4_T_le_v4SPD16_eabi.lib : _printfi.c.obj (.text:_pconv_g)
                  00002c5c    000001b6                                   : fd_add_t2.asm.obj (.text)
                  00002e12    00000002                                   : div0.asm.obj (.text)
                  00002e14    0000013c     Tachometer.obj (.text)
                  00002f50    0000013c     rtsv7M4_T_le_v4SPD16_eabi.lib : _printfi.c.obj (.text:_pconv_e)
                  0000308c    00000136                                   : fd_div_t2.asm.obj (.text)
                  000031c2    00000002     --HOLE-- [fill = 0]
                  000031c4    00000124                                   : _printfi.c.obj (.text:fcvt)
                  000032e8    00000114                                   : fputs.c.obj (.text:fputs)
                  000033fc    00000110                                   : fopen.c.obj (.text:_openfile)
                  0000350c    00000110                                   : s_scalbn.c.obj (.text:scalbn)
                  0000361c    00000104     Bump.obj (.text)
                  00003720    00000100     rtsv7M4_T_le_v4SPD16_eabi.lib : memory.c.obj (.text:aligned_alloc)
                  00003820    000000fc                                   : fd_mul_t2.asm.obj (.text)
                  0000391c    000000f8     LaunchPad.obj (.text)
                  00003a14    000000e4     rtsv7M4_T_le_v4SPD16_eabi.lib : memory.c.obj (.text:free)
                  00003af8    000000dc                                   : setvbuf.c.obj (.text:setvbuf)
                  00003bd4    000000bc                                   : open.c.obj (.text:open)
                  00003c90    000000b8                                   : add_device.c.obj (.text:add_device)
                  00003d48    000000b1                                   : _printfi.c.obj (.text:_ltostr)
                  00003df9    00000003     --HOLE-- [fill = 0]
                  00003dfc    000000a8     TimerA1.obj (.text)
                  00003ea4    0000009c     rtsv7M4_T_le_v4SPD16_eabi.lib : fopen.c.obj (.text:fopen)
                  00003f40    0000009c                                   : memcpy_t2.asm.obj (.text)
                  00003fdc    00000096                                   : ull_div_t2.asm.obj (.text)
                  00004072    00000002     --HOLE-- [fill = 0]
                  00004074    0000008c                                   : fputc.c.obj (.text:fputc)
                  00004100    00000086                                   : fd_cmp_t2.asm.obj (.text:__aeabi_cdcmple)
                  00004186    00000086                                   : fd_cmp_t2.asm.obj (.text:__aeabi_cdrcmple)
                  0000420c    0000007a                                   : memset_t2.asm.obj (.text)
                  00004286    00000002     --HOLE-- [fill = 0]
                  00004288    00000074                                   : fclose.c.obj (.text:__TI_closefile)
                  000042fc    00000070                                   : memory.c.obj (.text:split)
                  0000436c    0000006e                                   : _printfi.c.obj (.text:_mcpy)
                  000043da    00000002     --HOLE-- [fill = 0]
                  000043dc    0000006c                                   : hostrename.c.obj (.text:HOSTrename)
                  00004448    00000068                                   : hostlseek.c.obj (.text:HOSTlseek)
                  000044b0    00000068                                   : copy_decompress_lzss.c.obj (.text:decompress:lzss:__TI_decompress_lzss)
                  00004518    00000068                                   : printf.c.obj (.text:printf)
                  00004580    00000064                                   : s_frexp.c.obj (.text:frexp)
                  000045e4    00000064                                   : fseek.c.obj (.text:fseek)
                  00004648    00000062                                   : _io_perm.c.obj (.text:__TI_wrt_ok)
                  000046aa    00000002     --HOLE-- [fill = 0]
                  000046ac    00000060                                   : hostopen.c.obj (.text:HOSTopen)
                  0000470c    0000005c                                   : close.c.obj (.text:close)
                  00004768    00000058                                   : hostread.c.obj (.text:HOSTread)
                  000047c0    00000058                                   : hostwrite.c.obj (.text:HOSTwrite)
                  00004818    00000056                                   : _printfi.c.obj (.text:_pconv_f)
                  0000486e    00000054                                   : _ltoa.c.obj (.text:__TI_ltoa)
                  000048c2    00000052                                   : _printfi.c.obj (.text:_ecpy)
                  00004914    0000004c                                   : fflush.c.obj (.text:__TI_doflush)
                  00004960    0000004c                                   : atoi.c.obj (.text:atoi)
                  000049ac    00000048                                   : exit.c.obj (.text:exit)
                  000049f4    00000048                                   : fd_toi_t2.asm.obj (.text)
                  00004a3c    00000044                                   : hostclose.c.obj (.text:HOSTclose)
                  00004a80    00000044                                   : hostunlink.c.obj (.text:HOSTunlink)
                  00004ac4    00000044                                   : autoinit.c.obj (.text:__TI_auto_init_nobinit_nopinit:__TI_auto_init_nobinit_nopinit)
                  00004b08    00000044                                   : getdevice.c.obj (.text:getdevice)
                  00004b4c    0000003e                                   : _printfi.c.obj (.text:_fcpy)
                  00004b8a    00000002     --HOLE-- [fill = 0]
                  00004b8c    00000038                                   : trgmsg.c.obj (.text:__TI_writemsg)
                  00004bc4    00000036                                   : strncpy.c.obj (.text:strncpy)
                  00004bfa    00000002     --HOLE-- [fill = 0]
                  00004bfc    00000034                                   : fopen.c.obj (.text:__TI_cleanup)
                  00004c30    00000034                                   : trgmsg.c.obj (.text:__TI_readmsg)
                  00004c64    00000034                                   : boot_cortex_m.c.obj (.text:_c_int00_noargs:_c_int00_noargs)
                  00004c98    00000034                                   : fopen.c.obj (.text:freopen)
                  00004ccc    00000030                                   : getdevice.c.obj (.text:finddevice)
                  00004cfc    0000002e                                   : i_tofd_t2.asm.obj (.text)
                  00004d2a    00000002     --HOLE-- [fill = 0]
                  00004d2c    0000002c                                   : unlink.c.obj (.text:unlink)
                  00004d58    00000028                                   : memory.c.obj (.text:free_list_insert)
                  00004d80    00000028                                   : lseek.c.obj (.text:lseek)
                  00004da8    00000028                                   : write.c.obj (.text:write)
                  00004dd0    00000024     CortexM.obj (.text)
                  00004df4    00000020     rtsv7M4_T_le_v4SPD16_eabi.lib : memchr.c.obj (.text:memchr)
                  00004e14    0000001c                                   : copy_zero_init.c.obj (.text:decompress:ZI:__TI_zero_init_nomemset:__TI_zero_init_nomemset)
                  00004e30    0000001c                                   : memory.c.obj (.text:free_list_remove)
                  00004e4c    0000001c                                   : memccpy.c.obj (.text:memccpy)
                  00004e68    0000001a                                   : s_copysign.c.obj (.text:copysign)
                  00004e82    00000018                                   : strcmp.c.obj (.text:strcmp)
                  00004e9a    00000016                                   : strchr.c.obj (.text:strchr)
                  00004eb0    00000014                                   : strcpy.c.obj (.text:strcpy)
                  00004ec4    00000014                                   : strlen.c.obj (.text:strlen)
                  00004ed8    00000012                                   : wcslen.c.obj (.text:wcslen)
                  00004eea    0000000e                                   : copy_decompress_none.c.obj (.text:decompress:none:__TI_decompress_none)
                  00004ef8    0000000e     startup_msp432p401r_ccs.obj (.text)
                  00004f06    00000002     --HOLE-- [fill = 0]
                  00004f08    00000008     rtsv7M4_T_le_v4SPD16_eabi.lib : errno.c.obj (.text:__aeabi_errno_addr)
                  00004f10    00000008                                   : memory.c.obj (.text:malloc)
                  00004f18    00000004                                   : printf.c.obj (.text:_outc)
                  00004f1c    00000004                                   : printf.c.obj (.text:_outs)
                  00004f20    00000004                                   : pre_init.c.obj (.text:_system_pre_init)
                  00004f24    00000004                                   : exit.c.obj (.text:abort:abort)

.const     0    00004f28    00000101     
                  00004f28    00000101     rtsv7M4_T_le_v4SPD16_eabi.lib : ctype.c.obj (.const:.string:_ctypes_)

.cinit     0    00005030    000000b0     
                  00005030    0000008c     (.cinit..data.load) [load image, compression = lzss]
                  000050bc    0000000c     (__TI_handler_table)
                  000050c8    00000008     (.cinit..bss.load) [load image, compression = zero_init]
                  000050d0    00000010     (__TI_cinit_table)

.init_array 
*          0    00000000    00000000     UNINITIALIZED

.binit     0    00000000    00000000     

.sysmem    0    20000000    00000400     UNINITIALIZED
                  20000000    00000010     rtsv7M4_T_le_v4SPD16_eabi.lib : memory.c.obj (.sysmem)
                  20000010    000003f0     --HOLE--

.bss       0    20000400    00000253     UNINITIALIZED
                  20000400    00000120     rtsv7M4_T_le_v4SPD16_eabi.lib : trgmsg.c.obj (.bss:_CIOBUF_)
                  20000520    000000a0     (.common:__TI_tmpnams)
                  200005c0    00000014     (.common:LeftTach)
                  200005d4    00000014     (.common:RightTach)
                  200005e8    00000008     (.common:Messageb)
                  200005f0    00000008     (.common:parmbuf)
                  200005f8    00000004     (.common:BumpTask)
                  200005fc    00000004     (.common:Error_L)
                  20000600    00000004     (.common:Error_R)
                  20000604    00000004     (.common:LeftSteps)
                  20000608    00000004     (.common:Messageindexb)
                  2000060c    00000004     (.common:PeriodicTask2)
                  20000610    00000004     (.common:Prop_Error_L)
                  20000614    00000004     (.common:Prop_Error_R)
                  20000618    00000004     (.common:RightSteps)
                  2000061c    00000004     (.common:SetpointL)
                  20000620    00000004     (.common:SetpointR)
                  20000624    00000004     (.common:TimerA1Task)
                  20000628    00000004     (.common:UIL)
                  2000062c    00000004     (.common:UIR)
                  20000630    00000004     (.common:UL)
                  20000634    00000004     (.common:UPL)
                  20000638    00000004     (.common:UPR)
                  2000063c    00000004     (.common:UR)
                  20000640    00000004     (.common:t)
                  20000644    00000002     (.common:ActualL)
                  20000646    00000002     (.common:ActualR)
                  20000648    00000002     (.common:Tachometer_FirstLeftTime)
                  2000064a    00000002     (.common:Tachometer_FirstRightTime)
                  2000064c    00000002     (.common:Tachometer_SecondLeftTime)
                  2000064e    00000002     (.common:Tachometer_SecondRightTime)
                  20000650    00000001     (.common:LeftDir)
                  20000651    00000001     (.common:LogicData)
                  20000652    00000001     (.common:RightDir)

.data      0    20000654    00000244     UNINITIALIZED
                  20000654    000000f0     rtsv7M4_T_le_v4SPD16_eabi.lib : defs.c.obj (.data:_ftable)
                  20000744    00000078                                   : host_device.c.obj (.data:_device)
                  200007bc    00000050                                   : host_device.c.obj (.data:_stream)
                  2000080c    00000018     Clock.obj (.data)
                  20000824    00000010     PID_Motor_Control.obj (.data)
                  20000834    00000010     rtsv7M4_T_le_v4SPD16_eabi.lib : defs.c.obj (.data)
                  20000844    0000000c                                   : exit.c.obj (.data:$O1$$)
                  20000850    0000000c     TA3InputCapture.obj (.data)
                  2000085c    0000000c     TExaS.obj (.data)
                  20000868    0000000a     Tachometer.obj (.data)
                  20000872    00000002     --HOLE--
                  20000874    00000008     rtsv7M4_T_le_v4SPD16_eabi.lib : _lock.c.obj (.data:$O1$$)
                  2000087c    00000008                                   : memory.c.obj (.data:$O1$$)
                  20000884    00000004                                   : add_device.c.obj (.data)
                  20000888    00000004                                   : errno.c.obj (.data)
                  2000088c    00000004                                   : fopen.c.obj (.data)
                  20000890    00000004                                   : open.c.obj (.data)
                  20000894    00000004     system_msp432p401r.obj (.data)

.stack     0    2000fe00    00000200     UNINITIALIZED
                  2000fe00    00000004     rtsv7M4_T_le_v4SPD16_eabi.lib : boot_cortex_m.c.obj (.stack)
                  2000fe04    000001fc     --HOLE--

__llvm_prf_cnts 
*          0    20000000    00000000     UNINITIALIZED

MODULE SUMMARY

       Module                        code    ro data   rw data
       ------                        ----    -------   -------
    ..\
       UART0.obj                     1760    0         24     
    +--+-----------------------------+-------+---------+---------+
       Total:                        1760    0         24     
                                                              
    .\
       TExaS.obj                     1736    0         34     
       PID_Motor_Control.obj         992     0         244    
       system_msp432p401r.obj        812     0         8      
       Motor.obj                     648     0         0      
       Clock.obj                     480     0         48     
       PWM.obj                       504     0         0      
       TA3InputCapture.obj           468     0         24     
       Tachometer.obj                316     0         36     
       Bump.obj                      260     0         8      
       LaunchPad.obj                 248     0         0      
       startup_msp432p401r_ccs.obj   14      228       0      
       TimerA1.obj                   168     0         8      
       CortexM.obj                   36      0         0      
    +--+-----------------------------+-------+---------+---------+
       Total:                        6682    228       410    
                                                              
    C:\ti\ccs1110\ccs\tools\compiler\ti-cgt-arm_20.2.5.LTS\lib\rtsv7M4_T_le_v4SPD16_eabi.lib
       _printfi.c.obj                4851    0         0      
       defs.c.obj                    0       0         832    
       memory.c.obj                  672     0         16     
       trgmsg.c.obj                  108     0         576    
       fopen.c.obj                   532     0         8      
       fd_add_t2.asm.obj             438     0         0      
       host_device.c.obj             0       0         400    
       fd_div_t2.asm.obj             310     0         0      
       fputs.c.obj                   276     0         0      
       s_scalbn.c.obj                272     0         0      
       fd_cmp_t2.asm.obj             268     0         0      
       ctype.c.obj                   0       257       0      
       fd_mul_t2.asm.obj             252     0         0      
       setvbuf.c.obj                 220     0         0      
       open.c.obj                    188     0         8      
       add_device.c.obj              184     0         8      
       memcpy_t2.asm.obj             156     0         0      
       ull_div_t2.asm.obj            150     0         0      
       fputc.c.obj                   140     0         0      
       memset_t2.asm.obj             122     0         0      
       fclose.c.obj                  116     0         0      
       getdevice.c.obj               116     0         0      
       hostopen.c.obj                96      0         16     
       printf.c.obj                  112     0         0      
       hostrename.c.obj              108     0         0      
       copy_decompress_lzss.c.obj    104     0         0      
       hostlseek.c.obj               104     0         0      
       exit.c.obj                    76      0         24     
       fseek.c.obj                   100     0         0      
       s_frexp.c.obj                 100     0         0      
       _io_perm.c.obj                98      0         0      
       close.c.obj                   92      0         0      
       hostread.c.obj                88      0         0      
       hostwrite.c.obj               88      0         0      
       _ltoa.c.obj                   84      0         0      
       atoi.c.obj                    76      0         0      
       fflush.c.obj                  76      0         0      
       fd_toi_t2.asm.obj             72      0         0      
       autoinit.c.obj                68      0         0      
       hostclose.c.obj               68      0         0      
       hostunlink.c.obj              68      0         0      
       strncpy.c.obj                 54      0         0      
       boot_cortex_m.c.obj           52      0         0      
       i_tofd_t2.asm.obj             46      0         0      
       unlink.c.obj                  44      0         0      
       lseek.c.obj                   40      0         0      
       write.c.obj                   40      0         0      
       memchr.c.obj                  32      0         0      
       copy_zero_init.c.obj          28      0         0      
       memccpy.c.obj                 28      0         0      
       s_copysign.c.obj              26      0         0      
       strcmp.c.obj                  24      0         0      
       strchr.c.obj                  22      0         0      
       strcpy.c.obj                  20      0         0      
       strlen.c.obj                  20      0         0      
       _lock.c.obj                   2       0         16     
       wcslen.c.obj                  18      0         0      
       errno.c.obj                   8       0         8      
       copy_decompress_none.c.obj    14      0         0      
       pre_init.c.obj                4       0         0      
       div0.asm.obj                  2       0         0      
    +--+-----------------------------+-------+---------+---------+
       Total:                        11573   257       1912   
                                                              
       Heap:                         0       0         2048   
       Stack:                        0       0         1024   
       Linker Generated:             0       176       0      
    +--+-----------------------------+-------+---------+---------+
       Grand Total:                  20015   661       5418   


LINKER GENERATED COPY TABLES

__TI_cinit_table @ 000050d0 records: 2, size/record: 8, table size: 16
	.data: load addr=00005030, load size=0000008c bytes, run addr=20000654, run size=00000244 bytes, compression=lzss
	.bss: load addr=000050c8, load size=00000008 bytes, run addr=20000400, run size=00000253 bytes, compression=zero_init


LINKER GENERATED HANDLER TABLE

__TI_handler_table @ 000050bc records: 3, size/record: 4, table size: 12
	index: 0, handler: __TI_decompress_lzss
	index: 1, handler: __TI_decompress_none
	index: 2, handler: __TI_zero_init


GLOBAL SYMBOLS: SORTED ALPHABETICALLY BY Name 

address   name                                   
-------   ----                                   
00004f05  ADC14_IRQHandler                       
00001621  ADC_Init                               
00004f05  AES256_IRQHandler                      
20000644  ActualL                                
20000646  ActualR                                
200005f8  BumpTask                               
0000361d  Bump_Init                              
00003693  Bump_Read                              
00004f05  BusFault_Handler                       
00004f25  C$$EXIT                                
00004bbb  C$$IO$$                                
00004f05  COMP_E0_IRQHandler                     
00004f05  COMP_E1_IRQHandler                     
20000814  CPMwait                                
00004f05  CS_IRQHandler                          
20000850  CaptureTask0                           
20000854  CaptureTask1                           
20000858  CaptureTask2                           
2000080c  ClockFrequency                         
0000282d  Clock_Delay1ms                         
00002803  Clock_Delay1us                         
000027ef  Clock_GetFreq                          
000026d9  Clock_Init48MHz                        
20000820  Crystalstable                          
00004f05  DMA_ERR_IRQHandler                     
00004f05  DMA_INT0_IRQHandler                    
00004f05  DMA_INT1_IRQHandler                    
00004f05  DMA_INT2_IRQHandler                    
00004f05  DMA_INT3_IRQHandler                    
00004f05  DebugMon_Handler                       
00004f05  Default_Handler                        
20000824  DesiredL                               
20000826  DesiredR                               
00004dd1  DisableInterrupts                      
00004f05  EUSCIA0_IRQHandler                     
00004f05  EUSCIA1_IRQHandler                     
00004f05  EUSCIA2_IRQHandler                     
00004f05  EUSCIA3_IRQHandler                     
00004f05  EUSCIB0_IRQHandler                     
00004f05  EUSCIB1_IRQHandler                     
00004f05  EUSCIB2_IRQHandler                     
00004f05  EUSCIB3_IRQHandler                     
00004dd7  EnableInterrupts                       
00004de7  EndCritical                            
200005fc  Error_L                                
20000600  Error_R                                
00004f05  FLCTL_IRQHandler                       
00004f05  FPU_IRQHandler                         
00004a3d  HOSTclose                              
00004449  HOSTlseek                              
000046ad  HOSTopen                               
00004769  HOSTread                               
000043dd  HOSTrename                             
00004a81  HOSTunlink                             
000047c1  HOSTwrite                              
00004f05  HardFault_Handler                      
2000081c  IFlags                                 
2000082c  Ki                                     
20000830  Kp                                     
0000391d  LaunchPad_Init                         
0000398d  LaunchPad_Input                        
000039ab  LaunchPad_LED                          
000039c9  LaunchPad_Output                       
20000650  LeftDir                                
20000828  LeftDuty                               
20000604  LeftSteps                              
200005c0  LeftTach                               
00001215  LogicAnalyzer                          
0000121f  LogicAnalyzer_P1                       
000012f5  LogicAnalyzer_P10                      
0000122d  LogicAnalyzer_P2                       
00001303  LogicAnalyzer_P27_P26_P82_P92_P104_P105
0000123b  LogicAnalyzer_P2_7654                  
0000124b  LogicAnalyzer_P3                       
00001259  LogicAnalyzer_P4                       
00001277  LogicAnalyzer_P4_765320                
00001267  LogicAnalyzer_P4_765432                
000012af  LogicAnalyzer_P5                       
0000133b  LogicAnalyzer_P55_P54_P27_P26_P37_P36  
000012bd  LogicAnalyzer_P6                       
000012cb  LogicAnalyzer_P7                       
000012d9  LogicAnalyzer_P8                       
000012e7  LogicAnalyzer_P9                       
20000651  LogicData                              
00004f05  MemManage_Handler                      
200005e8  Messageb                               
20000608  Messageindexb                          
000020f5  Motor_Backward                         
00002199  Motor_Drive                            
000020c5  Motor_Forward                          
0000200f  Motor_Init                             
00002125  Motor_Left                             
0000215f  Motor_Right                            
000020a5  Motor_Stop                             
00004f05  NMI_Handler                            
00004f05  PCM_IRQHandler                         
00004f05  PORT1_IRQHandler                       
00004f05  PORT2_IRQHandler                       
00004f05  PORT3_IRQHandler                       
000036d9  PORT4_IRQHandler                       
000036d9  PORT4_IRQHandler                       
00004f05  PORT5_IRQHandler                       
00004f05  PORT6_IRQHandler                       
00004f05  PSS_IRQHandler                         
000025cb  PWM_Duty1                              
000025eb  PWM_Duty2                              
00002677  PWM_Duty3                              
0000268b  PWM_Duty4                              
000024e1  PWM_Init1                              
00002547  PWM_Init12                             
0000260b  PWM_Init34                             
00004f05  PendSV_Handler                         
2000060c  PeriodicTask2                          
000013e9  PeriodicTask2_Init                     
00001463  PeriodicTask2_Stop                     
20000818  Postwait                               
20000810  Prewait                                
20000610  Prop_Error_L                           
20000614  Prop_Error_R                           
00004f05  RTC_C_IRQHandler                       
00004ef9  Reset_Handler                          
20000652  RightDir                               
2000082a  RightDuty                              
20000618  RightSteps                             
200005d4  RightTach                              
00004f05  SVC_Handler                            
00001365  Scope                                  
2000061c  SetpointL                              
20000620  SetpointR                              
00004ddd  StartCritical                          
00004f05  SysTick_Handler                        
00001fe9  SysTick_Wait1us                        
20000894  SystemCoreClock                        
00001cbd  SystemCoreClockUpdate                  
00001f31  SystemInit                             
00001453  T32_INT1_IRQHandler                    
00001453  T32_INT1_IRQHandler                    
00004f05  T32_INT2_IRQHandler                    
00004f05  T32_INTC_IRQHandler                    
00004f05  TA0_0_IRQHandler                       
00004f05  TA0_N_IRQHandler                       
00003e6f  TA1_0_IRQHandler                       
00003e6f  TA1_0_IRQHandler                       
00004f05  TA1_N_IRQHandler                       
00004f05  TA2_0_IRQHandler                       
00004f05  TA2_N_IRQHandler                       
00002945  TA3_0_IRQHandler                       
00002945  TA3_0_IRQHandler                       
0000295f  TA3_N_IRQHandler                       
0000295f  TA3_N_IRQHandler                       
000015b5  TExaS_Clear0                           
000015c1  TExaS_Clear1                           
000015d5  TExaS_Clear2                           
000015e1  TExaS_Clear3                           
000015ed  TExaS_Clear4                           
000015ef  TExaS_Clear5                           
000015fb  TExaS_Clear6                           
000016e5  TExaS_Init                             
20000860  TExaS_ScopeErrConflict                 
2000085c  TExaS_ScopeErrLostData                 
20000864  TExaS_ScopeWrnReconfig                 
00001543  TExaS_Set                              
0000155b  TExaS_Set0                             
00001567  TExaS_Set1                             
00001573  TExaS_Set2                             
0000157f  TExaS_Set3                             
0000158b  TExaS_Set4                             
0000158d  TExaS_Set5                             
000015a5  TExaS_Set6                             
00001871  TExaS_Stop                             
000014f9  TExaS_Task0                            
00001505  TExaS_Task1                            
00001511  TExaS_Task2                            
0000151d  TExaS_Task3                            
00001529  TExaS_Task4                            
0000152b  TExaS_Task5                            
00001537  TExaS_Task6                            
20000648  Tachometer_FirstLeftTime               
2000064a  Tachometer_FirstRightTime              
00002ecb  Tachometer_Get                         
00002ea1  Tachometer_Init                        
20000871  Tachometer_LeftDir                     
2000086c  Tachometer_LeftSteps                   
20000870  Tachometer_RightDir                    
20000868  Tachometer_RightSteps                  
2000064c  Tachometer_SecondLeftTime              
2000064e  Tachometer_SecondRightTime             
20000624  TimerA1Task                            
00003dfd  TimerA1_Init                           
00003e5b  TimerA1_Stop                           
000028c5  TimerA3Capture_Init01                  
0000299f  TimerA3Capture_Init02                  
00000b7b  UART0_InChar                           
00001025  UART0_InString                         
00000bc5  UART0_InUDec                           
00000ed9  UART0_InUHex                           
00000b35  UART0_Init                             
00001187  UART0_Initprintf                       
00000b8b  UART0_OutChar                          
00000c79  UART0_OutSDec                          
00000ba7  UART0_OutString                        
00000c49  UART0_OutUDec                          
00000ded  UART0_OutUDec4                         
00000e35  UART0_OutUDec5                         
00000e67  UART0_OutUFix1                         
00000e8f  UART0_OutUFix2                         
00000f9d  UART0_OutUHex                          
00001009  UART0_OutUHex2                         
000014cd  UART_InChar                            
00001473  UART_Init                              
000014dd  UART_OutChar                           
20000628  UIL                                    
2000062c  UIR                                    
20000630  UL                                     
20000634  UPL                                    
20000638  UPR                                    
2000063c  UR                                     
00004f05  UsageFault_Handler                     
4000480c  WDTCTL_SYM                             
00004f05  WDT_A_IRQHandler                       
00004def  WaitForInterrupt                       
20000400  __CIOBUF_                              
20010000  __STACK_END                            
00000200  __STACK_SIZE                           
00000400  __SYSMEM_SIZE                          
000050d0  __TI_CINIT_Base                        
000050e0  __TI_CINIT_Limit                       
000050bc  __TI_Handler_Table_Base                
000050c8  __TI_Handler_Table_Limit               
00004ac5  __TI_auto_init_nobinit_nopinit         
00004bfd  __TI_cleanup                           
20000844  __TI_cleanup_ptr                       
00004289  __TI_closefile                         
000044b1  __TI_decompress_lzss                   
00004eeb  __TI_decompress_none                   
00004915  __TI_doflush                           
20000848  __TI_dtors_ptr                         
2000084c  __TI_enable_exit_profile_output        
20000834  __TI_ft_end                            
0000486f  __TI_ltoa                              
ffffffff  __TI_pprof_out_hndl                    
000000e5  __TI_printfi                           
ffffffff  __TI_prof_data_size                    
ffffffff  __TI_prof_data_start                   
00004c31  __TI_readmsg                           
00000000  __TI_static_base__                     
20000520  __TI_tmpnams                           
00004b8d  __TI_writemsg                          
00004649  __TI_wrt_ok                            
00004e15  __TI_zero_init_nomemset                
00004101  __aeabi_cdcmpeq                        
00004101  __aeabi_cdcmple                        
00004187  __aeabi_cdrcmple                       
000049f5  __aeabi_d2iz                           
00002c67  __aeabi_dadd                           
0000308d  __aeabi_ddiv                           
00003821  __aeabi_dmul                           
00002c5d  __aeabi_dsub                           
00004f09  __aeabi_errno_addr                     
00004cfd  __aeabi_i2d                            
00002e13  __aeabi_idiv0                          
00002e13  __aeabi_ldiv0                          
0000420d  __aeabi_memclr                         
0000420d  __aeabi_memclr4                        
0000420d  __aeabi_memclr8                        
00003f41  __aeabi_memcpy                         
00003f41  __aeabi_memcpy4                        
00003f41  __aeabi_memcpy8                        
0000420f  __aeabi_memset                         
0000420f  __aeabi_memset4                        
0000420f  __aeabi_memset8                        
20000840  __aeabi_stderr                         
20000838  __aeabi_stdin                          
2000083c  __aeabi_stdout                         
00003fdd  __aeabi_uldivmod                       
ffffffff  __binit__                              
ffffffff  __c_args__                             
UNDEFED   __mpu_init                             
2000fe00  __stack                                
20000000  __start___llvm_prf_cnts                
20000000  __stop___llvm_prf_cnts                 
00004c65  _c_int00_noargs                        
00004f28  _ctypes_                               
20000744  _device                                
20000654  _ftable                                
20000874  _lock                                  
00000b33  _nop                                   
200007bc  _stream                                
20000000  _sys_memory                            
UNDEFED   _system_post_cinit                     
00004f21  _system_pre_init                       
20000878  _unlock                                
00004f25  abort                                  
00003c91  add_device                             
00003721  aligned_alloc                          
00004961  atoi                                   
000018dd  avg                                    
ffffffff  binit                                  
0000470d  close                                  
00004e69  copysign                               
00004e69  copysignl                              
000027f5  delay                                  
20000888  errno                                  
000049ad  exit                                   
000010b9  ferror                                 
0000109f  fgetc                                  
00004ccd  finddevice                             
00003ea5  fopen                                  
00004075  fputc                                  
000032e9  fputs                                  
00003a15  free                                   
00004c99  freopen                                
00004581  frexp                                  
00004581  frexpl                                 
000045e5  fseek                                  
00004b09  getdevice                              
00000000  interruptVectors                       
0000350d  ldexp                                  
0000350d  ldexpl                                 
00004d81  lseek                                  
0000191f  main                                   
00004f11  malloc                                 
00003721  memalign                               
00004e4d  memccpy                                
00004df5  memchr                                 
00003f41  memcpy                                 
00004215  memset                                 
00003bd5  open                                   
00000fe1  outnibble                              
200005f0  parmbuf                                
00004519  printf                                 
00004075  putc                                   
00004d2d  remove                                 
0000350d  scalbn                                 
0000350d  scalbnl                                
00003af9  setvbuf                                
00004e9b  strchr                                 
00004e83  strcmp                                 
00004eb1  strcpy                                 
00004ec5  strlen                                 
00004bc5  strncpy                                
20000640  t                                      
000028b9  ta3dummy                               
00002e5b  tachometerLeftInt                      
00002e15  tachometerRightInt                     
000010df  uart_close                             
0000115d  uart_lseek                             
000010cf  uart_open                              
000010eb  uart_read                              
00001179  uart_rename                            
0000116d  uart_unlink                            
0000111b  uart_write                             
00004d2d  unlink                                 
00004ed9  wcslen                                 
00004da9  write                                  


GLOBAL SYMBOLS: SORTED BY Symbol Address 

address   name                                   
-------   ----                                   
00000000  __TI_static_base__                     
00000000  interruptVectors                       
000000e5  __TI_printfi                           
00000200  __STACK_SIZE                           
00000400  __SYSMEM_SIZE                          
00000b33  _nop                                   
00000b35  UART0_Init                             
00000b7b  UART0_InChar                           
00000b8b  UART0_OutChar                          
00000ba7  UART0_OutString                        
00000bc5  UART0_InUDec                           
00000c49  UART0_OutUDec                          
00000c79  UART0_OutSDec                          
00000ded  UART0_OutUDec4                         
00000e35  UART0_OutUDec5                         
00000e67  UART0_OutUFix1                         
00000e8f  UART0_OutUFix2                         
00000ed9  UART0_InUHex                           
00000f9d  UART0_OutUHex                          
00000fe1  outnibble                              
00001009  UART0_OutUHex2                         
00001025  UART0_InString                         
0000109f  fgetc                                  
000010b9  ferror                                 
000010cf  uart_open                              
000010df  uart_close                             
000010eb  uart_read                              
0000111b  uart_write                             
0000115d  uart_lseek                             
0000116d  uart_unlink                            
00001179  uart_rename                            
00001187  UART0_Initprintf                       
00001215  LogicAnalyzer                          
0000121f  LogicAnalyzer_P1                       
0000122d  LogicAnalyzer_P2                       
0000123b  LogicAnalyzer_P2_7654                  
0000124b  LogicAnalyzer_P3                       
00001259  LogicAnalyzer_P4                       
00001267  LogicAnalyzer_P4_765432                
00001277  LogicAnalyzer_P4_765320                
000012af  LogicAnalyzer_P5                       
000012bd  LogicAnalyzer_P6                       
000012cb  LogicAnalyzer_P7                       
000012d9  LogicAnalyzer_P8                       
000012e7  LogicAnalyzer_P9                       
000012f5  LogicAnalyzer_P10                      
00001303  LogicAnalyzer_P27_P26_P82_P92_P104_P105
0000133b  LogicAnalyzer_P55_P54_P27_P26_P37_P36  
00001365  Scope                                  
000013e9  PeriodicTask2_Init                     
00001453  T32_INT1_IRQHandler                    
00001453  T32_INT1_IRQHandler                    
00001463  PeriodicTask2_Stop                     
00001473  UART_Init                              
000014cd  UART_InChar                            
000014dd  UART_OutChar                           
000014f9  TExaS_Task0                            
00001505  TExaS_Task1                            
00001511  TExaS_Task2                            
0000151d  TExaS_Task3                            
00001529  TExaS_Task4                            
0000152b  TExaS_Task5                            
00001537  TExaS_Task6                            
00001543  TExaS_Set                              
0000155b  TExaS_Set0                             
00001567  TExaS_Set1                             
00001573  TExaS_Set2                             
0000157f  TExaS_Set3                             
0000158b  TExaS_Set4                             
0000158d  TExaS_Set5                             
000015a5  TExaS_Set6                             
000015b5  TExaS_Clear0                           
000015c1  TExaS_Clear1                           
000015d5  TExaS_Clear2                           
000015e1  TExaS_Clear3                           
000015ed  TExaS_Clear4                           
000015ef  TExaS_Clear5                           
000015fb  TExaS_Clear6                           
00001621  ADC_Init                               
000016e5  TExaS_Init                             
00001871  TExaS_Stop                             
000018dd  avg                                    
0000191f  main                                   
00001cbd  SystemCoreClockUpdate                  
00001f31  SystemInit                             
00001fe9  SysTick_Wait1us                        
0000200f  Motor_Init                             
000020a5  Motor_Stop                             
000020c5  Motor_Forward                          
000020f5  Motor_Backward                         
00002125  Motor_Left                             
0000215f  Motor_Right                            
00002199  Motor_Drive                            
000024e1  PWM_Init1                              
00002547  PWM_Init12                             
000025cb  PWM_Duty1                              
000025eb  PWM_Duty2                              
0000260b  PWM_Init34                             
00002677  PWM_Duty3                              
0000268b  PWM_Duty4                              
000026d9  Clock_Init48MHz                        
000027ef  Clock_GetFreq                          
000027f5  delay                                  
00002803  Clock_Delay1us                         
0000282d  Clock_Delay1ms                         
000028b9  ta3dummy                               
000028c5  TimerA3Capture_Init01                  
00002945  TA3_0_IRQHandler                       
00002945  TA3_0_IRQHandler                       
0000295f  TA3_N_IRQHandler                       
0000295f  TA3_N_IRQHandler                       
0000299f  TimerA3Capture_Init02                  
00002c5d  __aeabi_dsub                           
00002c67  __aeabi_dadd                           
00002e13  __aeabi_idiv0                          
00002e13  __aeabi_ldiv0                          
00002e15  tachometerRightInt                     
00002e5b  tachometerLeftInt                      
00002ea1  Tachometer_Init                        
00002ecb  Tachometer_Get                         
0000308d  __aeabi_ddiv                           
000032e9  fputs                                  
0000350d  ldexp                                  
0000350d  ldexpl                                 
0000350d  scalbn                                 
0000350d  scalbnl                                
0000361d  Bump_Init                              
00003693  Bump_Read                              
000036d9  PORT4_IRQHandler                       
000036d9  PORT4_IRQHandler                       
00003721  aligned_alloc                          
00003721  memalign                               
00003821  __aeabi_dmul                           
0000391d  LaunchPad_Init                         
0000398d  LaunchPad_Input                        
000039ab  LaunchPad_LED                          
000039c9  LaunchPad_Output                       
00003a15  free                                   
00003af9  setvbuf                                
00003bd5  open                                   
00003c91  add_device                             
00003dfd  TimerA1_Init                           
00003e5b  TimerA1_Stop                           
00003e6f  TA1_0_IRQHandler                       
00003e6f  TA1_0_IRQHandler                       
00003ea5  fopen                                  
00003f41  __aeabi_memcpy                         
00003f41  __aeabi_memcpy4                        
00003f41  __aeabi_memcpy8                        
00003f41  memcpy                                 
00003fdd  __aeabi_uldivmod                       
00004075  fputc                                  
00004075  putc                                   
00004101  __aeabi_cdcmpeq                        
00004101  __aeabi_cdcmple                        
00004187  __aeabi_cdrcmple                       
0000420d  __aeabi_memclr                         
0000420d  __aeabi_memclr4                        
0000420d  __aeabi_memclr8                        
0000420f  __aeabi_memset                         
0000420f  __aeabi_memset4                        
0000420f  __aeabi_memset8                        
00004215  memset                                 
00004289  __TI_closefile                         
000043dd  HOSTrename                             
00004449  HOSTlseek                              
000044b1  __TI_decompress_lzss                   
00004519  printf                                 
00004581  frexp                                  
00004581  frexpl                                 
000045e5  fseek                                  
00004649  __TI_wrt_ok                            
000046ad  HOSTopen                               
0000470d  close                                  
00004769  HOSTread                               
000047c1  HOSTwrite                              
0000486f  __TI_ltoa                              
00004915  __TI_doflush                           
00004961  atoi                                   
000049ad  exit                                   
000049f5  __aeabi_d2iz                           
00004a3d  HOSTclose                              
00004a81  HOSTunlink                             
00004ac5  __TI_auto_init_nobinit_nopinit         
00004b09  getdevice                              
00004b8d  __TI_writemsg                          
00004bbb  C$$IO$$                                
00004bc5  strncpy                                
00004bfd  __TI_cleanup                           
00004c31  __TI_readmsg                           
00004c65  _c_int00_noargs                        
00004c99  freopen                                
00004ccd  finddevice                             
00004cfd  __aeabi_i2d                            
00004d2d  remove                                 
00004d2d  unlink                                 
00004d81  lseek                                  
00004da9  write                                  
00004dd1  DisableInterrupts                      
00004dd7  EnableInterrupts                       
00004ddd  StartCritical                          
00004de7  EndCritical                            
00004def  WaitForInterrupt                       
00004df5  memchr                                 
00004e15  __TI_zero_init_nomemset                
00004e4d  memccpy                                
00004e69  copysign                               
00004e69  copysignl                              
00004e83  strcmp                                 
00004e9b  strchr                                 
00004eb1  strcpy                                 
00004ec5  strlen                                 
00004ed9  wcslen                                 
00004eeb  __TI_decompress_none                   
00004ef9  Reset_Handler                          
00004f05  ADC14_IRQHandler                       
00004f05  AES256_IRQHandler                      
00004f05  BusFault_Handler                       
00004f05  COMP_E0_IRQHandler                     
00004f05  COMP_E1_IRQHandler                     
00004f05  CS_IRQHandler                          
00004f05  DMA_ERR_IRQHandler                     
00004f05  DMA_INT0_IRQHandler                    
00004f05  DMA_INT1_IRQHandler                    
00004f05  DMA_INT2_IRQHandler                    
00004f05  DMA_INT3_IRQHandler                    
00004f05  DebugMon_Handler                       
00004f05  Default_Handler                        
00004f05  EUSCIA0_IRQHandler                     
00004f05  EUSCIA1_IRQHandler                     
00004f05  EUSCIA2_IRQHandler                     
00004f05  EUSCIA3_IRQHandler                     
00004f05  EUSCIB0_IRQHandler                     
00004f05  EUSCIB1_IRQHandler                     
00004f05  EUSCIB2_IRQHandler                     
00004f05  EUSCIB3_IRQHandler                     
00004f05  FLCTL_IRQHandler                       
00004f05  FPU_IRQHandler                         
00004f05  HardFault_Handler                      
00004f05  MemManage_Handler                      
00004f05  NMI_Handler                            
00004f05  PCM_IRQHandler                         
00004f05  PORT1_IRQHandler                       
00004f05  PORT2_IRQHandler                       
00004f05  PORT3_IRQHandler                       
00004f05  PORT5_IRQHandler                       
00004f05  PORT6_IRQHandler                       
00004f05  PSS_IRQHandler                         
00004f05  PendSV_Handler                         
00004f05  RTC_C_IRQHandler                       
00004f05  SVC_Handler                            
00004f05  SysTick_Handler                        
00004f05  T32_INT2_IRQHandler                    
00004f05  T32_INTC_IRQHandler                    
00004f05  TA0_0_IRQHandler                       
00004f05  TA0_N_IRQHandler                       
00004f05  TA1_N_IRQHandler                       
00004f05  TA2_0_IRQHandler                       
00004f05  TA2_N_IRQHandler                       
00004f05  UsageFault_Handler                     
00004f05  WDT_A_IRQHandler                       
00004f09  __aeabi_errno_addr                     
00004f11  malloc                                 
00004f21  _system_pre_init                       
00004f25  C$$EXIT                                
00004f25  abort                                  
00004f28  _ctypes_                               
000050bc  __TI_Handler_Table_Base                
000050c8  __TI_Handler_Table_Limit               
000050d0  __TI_CINIT_Base                        
000050e0  __TI_CINIT_Limit                       
20000000  __start___llvm_prf_cnts                
20000000  __stop___llvm_prf_cnts                 
20000000  _sys_memory                            
20000400  __CIOBUF_                              
20000520  __TI_tmpnams                           
200005c0  LeftTach                               
200005d4  RightTach                              
200005e8  Messageb                               
200005f0  parmbuf                                
200005f8  BumpTask                               
200005fc  Error_L                                
20000600  Error_R                                
20000604  LeftSteps                              
20000608  Messageindexb                          
2000060c  PeriodicTask2                          
20000610  Prop_Error_L                           
20000614  Prop_Error_R                           
20000618  RightSteps                             
2000061c  SetpointL                              
20000620  SetpointR                              
20000624  TimerA1Task                            
20000628  UIL                                    
2000062c  UIR                                    
20000630  UL                                     
20000634  UPL                                    
20000638  UPR                                    
2000063c  UR                                     
20000640  t                                      
20000644  ActualL                                
20000646  ActualR                                
20000648  Tachometer_FirstLeftTime               
2000064a  Tachometer_FirstRightTime              
2000064c  Tachometer_SecondLeftTime              
2000064e  Tachometer_SecondRightTime             
20000650  LeftDir                                
20000651  LogicData                              
20000652  RightDir                               
20000654  _ftable                                
20000744  _device                                
200007bc  _stream                                
2000080c  ClockFrequency                         
20000810  Prewait                                
20000814  CPMwait                                
20000818  Postwait                               
2000081c  IFlags                                 
20000820  Crystalstable                          
20000824  DesiredL                               
20000826  DesiredR                               
20000828  LeftDuty                               
2000082a  RightDuty                              
2000082c  Ki                                     
20000830  Kp                                     
20000834  __TI_ft_end                            
20000838  __aeabi_stdin                          
2000083c  __aeabi_stdout                         
20000840  __aeabi_stderr                         
20000844  __TI_cleanup_ptr                       
20000848  __TI_dtors_ptr                         
2000084c  __TI_enable_exit_profile_output        
20000850  CaptureTask0                           
20000854  CaptureTask1                           
20000858  CaptureTask2                           
2000085c  TExaS_ScopeErrLostData                 
20000860  TExaS_ScopeErrConflict                 
20000864  TExaS_ScopeWrnReconfig                 
20000868  Tachometer_RightSteps                  
2000086c  Tachometer_LeftSteps                   
20000870  Tachometer_RightDir                    
20000871  Tachometer_LeftDir                     
20000874  _lock                                  
20000878  _unlock                                
20000888  errno                                  
20000894  SystemCoreClock                        
2000fe00  __stack                                
20010000  __STACK_END                            
4000480c  WDTCTL_SYM                             
ffffffff  __TI_pprof_out_hndl                    
ffffffff  __TI_prof_data_size                    
ffffffff  __TI_prof_data_start                   
ffffffff  __binit__                              
ffffffff  __c_args__                             
ffffffff  binit                                  
UNDEFED   __mpu_init                             
UNDEFED   _system_post_cinit                     

[355 symbols]
