******************************************************************************
                  TI ARM Linker PC v20.2.5                     
******************************************************************************
>> Linked Wed Apr 20 17:07:19 2022

OUTPUT FILE NAME:   <CC3100_GetWeather.out>
ENTRY POINT SYMBOL: "_c_int00_noargs"  address: 00009639


MEMORY CONFIGURATION

         name            origin    length      used     unused   attr    fill
----------------------  --------  ---------  --------  --------  ----  --------
  MAIN                  00000000   00040000  00009c50  000363b0  R  X
  INFO                  00200000   00004000  00000000  00004000  R  X
  SRAM_CODE             01000000   00010000  000011ab  0000ee55  RW X
  SRAM_DATA             20000000   00010000  000011ab  0000ee55  RW  


SEGMENT ALLOCATION MAP

run origin  load origin   length   init length attrs members
----------  ----------- ---------- ----------- ----- -------
00000000    00000000    00009c50   00009c50    r-x
  00000000    00000000    000000e4   000000e4    r-- .intvecs
  000000e4    000000e4    000097e4   000097e4    r-x .text
  000098c8    000098c8    000002e8   000002e8    r-- .const
  00009bb0    00009bb0    000000a0   000000a0    r-- .cinit
20000000    20000000    00000fac   00000000    rw-
  20000000    20000000    00000947   00000000    rw- .bss
  20000948    20000948    00000400   00000000    rw- .sysmem
  20000d48    20000d48    00000264   00000000    rw- .data
2000fe00    2000fe00    00000200   00000000    rw-
  2000fe00    2000fe00    00000200   00000000    rw- .stack


SECTION ALLOCATION MAP

 output                                  attributes/
section   page    origin      length       input sections
--------  ----  ----------  ----------   ----------------
.intvecs   0    00000000    000000e4     
                  00000000    000000e4     startup_msp432p401r_ccs.obj (.intvecs:retain)

.text      0    000000e4    000097e4     
                  000000e4    00001db0     driver.obj (.text)
                  00001e94    00000f40     socket.obj (.text)
                  00002dd4    00000df8     wlan.obj (.text)
                  00003bcc    00000c10     netapp.obj (.text)
                  000047dc    00000a4e     rtsv7M4_T_le_v4SPD16_eabi.lib : _printfi.c.obj (.text:__TI_printfi)
                  0000522a    00000002                                   : _lock.c.obj (.text:_nop)
                  0000522c    000009e4     main.obj (.text)
                  00005c10    000006e0     UART0.obj (.text)
                  000062f0    00000570     device.obj (.text)
                  00006860    0000032c     system_msp432p401r.obj (.text)
                  00006b8c    00000270     rtsv7M4_T_le_v4SPD16_eabi.lib : _printfi.c.obj (.text:_pconv_a)
                  00006dfc    0000021c     spi.obj (.text)
                  00007018    000001e0     Clock.obj (.text)
                  000071f8    000001d0     rtsv7M4_T_le_v4SPD16_eabi.lib : _printfi.c.obj (.text:_pconv_g)
                  000073c8    000001b6                                   : fd_add_t2.asm.obj (.text)
                  0000757e    00000002                                   : div0.asm.obj (.text)
                  00007580    0000019c     nonos.obj (.text)
                  0000771c    00000168     netcfg.obj (.text)
                  00007884    0000013c     rtsv7M4_T_le_v4SPD16_eabi.lib : _printfi.c.obj (.text:_pconv_e)
                  000079c0    00000136                                   : fd_div_t2.asm.obj (.text)
                  00007af6    00000002     --HOLE-- [fill = 0]
                  00007af8    00000124                                   : _printfi.c.obj (.text:fcvt)
                  00007c1c    0000011c     board.obj (.text)
                  00007d38    00000114     rtsv7M4_T_le_v4SPD16_eabi.lib : fputs.c.obj (.text:fputs)
                  00007e4c    00000110                                   : fopen.c.obj (.text:_openfile)
                  00007f5c    00000110                                   : s_scalbn.c.obj (.text:scalbn)
                  0000806c    00000100                                   : memory.c.obj (.text:aligned_alloc)
                  0000816c    000000fc                                   : fd_mul_t2.asm.obj (.text)
                  00008268    000000f8     LaunchPad.obj (.text)
                  00008360    000000e4     rtsv7M4_T_le_v4SPD16_eabi.lib : memory.c.obj (.text:free)
                  00008444    000000dc                                   : setvbuf.c.obj (.text:setvbuf)
                  00008520    000000c0     fpu.obj (.text)
                  000085e0    000000bc     rtsv7M4_T_le_v4SPD16_eabi.lib : open.c.obj (.text:open)
                  0000869c    000000b8                                   : add_device.c.obj (.text:add_device)
                  00008754    000000b1                                   : _printfi.c.obj (.text:_ltostr)
                  00008805    00000003     --HOLE-- [fill = 0]
                  00008808    0000009c                                   : fopen.c.obj (.text:fopen)
                  000088a4    0000009c                                   : memcpy_t2.asm.obj (.text)
                  00008940    00000096                                   : ull_div_t2.asm.obj (.text)
                  000089d6    00000002     --HOLE-- [fill = 0]
                  000089d8    0000008c                                   : fputc.c.obj (.text:fputc)
                  00008a64    00000086                                   : fd_cmp_t2.asm.obj (.text:__aeabi_cdcmple)
                  00008aea    00000086                                   : fd_cmp_t2.asm.obj (.text:__aeabi_cdrcmple)
                  00008b70    0000007a                                   : memset_t2.asm.obj (.text)
                  00008bea    00000002     --HOLE-- [fill = 0]
                  00008bec    00000074                                   : fclose.c.obj (.text:__TI_closefile)
                  00008c60    00000070                                   : memory.c.obj (.text:split)
                  00008cd0    00000070     timer_tick.obj (.text)
                  00008d40    0000006e     rtsv7M4_T_le_v4SPD16_eabi.lib : _printfi.c.obj (.text:_mcpy)
                  00008dae    00000002     --HOLE-- [fill = 0]
                  00008db0    0000006c                                   : hostrename.c.obj (.text:HOSTrename)
                  00008e1c    00000068                                   : hostlseek.c.obj (.text:HOSTlseek)
                  00008e84    00000068                                   : copy_decompress_lzss.c.obj (.text:decompress:lzss:__TI_decompress_lzss)
                  00008eec    00000068                                   : printf.c.obj (.text:printf)
                  00008f54    00000064                                   : s_frexp.c.obj (.text:frexp)
                  00008fb8    00000064                                   : fseek.c.obj (.text:fseek)
                  0000901c    00000062                                   : _io_perm.c.obj (.text:__TI_wrt_ok)
                  0000907e    00000002     --HOLE-- [fill = 0]
                  00009080    00000060                                   : hostopen.c.obj (.text:HOSTopen)
                  000090e0    0000005c                                   : close.c.obj (.text:close)
                  0000913c    00000058                                   : hostread.c.obj (.text:HOSTread)
                  00009194    00000058                                   : hostwrite.c.obj (.text:HOSTwrite)
                  000091ec    00000056                                   : _printfi.c.obj (.text:_pconv_f)
                  00009242    00000054                                   : _ltoa.c.obj (.text:__TI_ltoa)
                  00009296    00000052                                   : _printfi.c.obj (.text:_ecpy)
                  000092e8    0000004c                                   : fflush.c.obj (.text:__TI_doflush)
                  00009334    0000004c                                   : atoi.c.obj (.text:atoi)
                  00009380    00000048                                   : exit.c.obj (.text:exit)
                  000093c8    00000048                                   : fd_toi_t2.asm.obj (.text)
                  00009410    00000044                                   : hostclose.c.obj (.text:HOSTclose)
                  00009454    00000044                                   : hostunlink.c.obj (.text:HOSTunlink)
                  00009498    00000044                                   : autoinit.c.obj (.text:__TI_auto_init_nobinit_nopinit:__TI_auto_init_nobinit_nopinit)
                  000094dc    00000044                                   : getdevice.c.obj (.text:getdevice)
                  00009520    0000003e                                   : _printfi.c.obj (.text:_fcpy)
                  0000955e    00000002     --HOLE-- [fill = 0]
                  00009560    00000038                                   : trgmsg.c.obj (.text:__TI_writemsg)
                  00009598    00000036                                   : strncpy.c.obj (.text:strncpy)
                  000095ce    00000002     --HOLE-- [fill = 0]
                  000095d0    00000034                                   : fopen.c.obj (.text:__TI_cleanup)
                  00009604    00000034                                   : trgmsg.c.obj (.text:__TI_readmsg)
                  00009638    00000034                                   : boot_cortex_m.c.obj (.text:_c_int00_noargs:_c_int00_noargs)
                  0000966c    00000034                                   : fopen.c.obj (.text:freopen)
                  000096a0    00000030                                   : getdevice.c.obj (.text:finddevice)
                  000096d0    0000002e                                   : i_tofd_t2.asm.obj (.text)
                  000096fe    00000002     --HOLE-- [fill = 0]
                  00009700    0000002c                                   : unlink.c.obj (.text:unlink)
                  0000972c    00000028                                   : memory.c.obj (.text:free_list_insert)
                  00009754    00000028                                   : lseek.c.obj (.text:lseek)
                  0000977c    00000028                                   : write.c.obj (.text:write)
                  000097a4    00000020                                   : memchr.c.obj (.text:memchr)
                  000097c4    0000001c                                   : memory.c.obj (.text:free_list_remove)
                  000097e0    0000001c                                   : memccpy.c.obj (.text:memccpy)
                  000097fc    0000001a                                   : s_copysign.c.obj (.text:copysign)
                  00009816    00000018                                   : strcmp.c.obj (.text:strcmp)
                  0000982e    00000016                                   : strchr.c.obj (.text:strchr)
                  00009844    00000014                                   : strcpy.c.obj (.text:strcpy)
                  00009858    00000014                                   : strlen.c.obj (.text:strlen)
                  0000986c    00000012                                   : wcslen.c.obj (.text:wcslen)
                  0000987e    0000000e                                   : copy_decompress_none.c.obj (.text:decompress:none:__TI_decompress_none)
                  0000988c    0000000e     startup_msp432p401r_ccs.obj (.text)
                  0000989a    0000000c     rtsv7M4_T_le_v4SPD16_eabi.lib : copy_zero_init.c.obj (.text:decompress:ZI:__TI_zero_init)
                  000098a6    00000002     --HOLE-- [fill = 0]
                  000098a8    00000008                                   : errno.c.obj (.text:__aeabi_errno_addr)
                  000098b0    00000008                                   : memory.c.obj (.text:malloc)
                  000098b8    00000004                                   : printf.c.obj (.text:_outc)
                  000098bc    00000004                                   : printf.c.obj (.text:_outs)
                  000098c0    00000004                                   : pre_init.c.obj (.text:_system_pre_init)
                  000098c4    00000004                                   : exit.c.obj (.text:abort:abort)

.const     0    000098c8    000002e8     
                  000098c8    00000101     rtsv7M4_T_le_v4SPD16_eabi.lib : ctype.c.obj (.const:.string:_ctypes_)
                  000099c9    00000001     --HOLE-- [fill = 0]
                  000099ca    0000003c     driver.obj (.const:OpcodeTranslateTable)
                  00009a06    00000002     --HOLE-- [fill = 0]
                  00009a08    00000038     driver.obj (.const:_SlActionLookupTable)
                  00009a40    0000002c     main.obj (.const:$P$T0$1)
                  00009a6c    00000020     driver.obj (.const:RxMsgClassLUT)
                  00009a8c    00000014     driver.obj (.const:$P$T0$1)
                  00009aa0    00000014     nonos.obj (.const:$P$T0$1)
                  00009ab4    00000014     main.obj (.const:$P$T1$2)
                  00009ac8    00000010     socket.obj (.const:.string:_SlPayloadByProtocolLUT)
                  00009ad8    0000000c     main.obj (.const:$P$T2$3)
                  00009ae4    00000008     device.obj (.const:StartResponseLUT)
                  00009aec    00000008     driver.obj (.const:g_H2NCnysPattern)
                  00009af4    00000008     driver.obj (.const:g_H2NSyncPattern)
                  00009afc    00000004     netapp.obj (.const:$P$T0$1)
                  00009b00    00000004     socket.obj (.const:$P$T0$1)
                  00009b04    00000004     wlan.obj (.const:$P$T0$1)
                  00009b08    00000004     socket.obj (.const:$P$T1$2)
                  00009b0c    00000004     wlan.obj (.const:$P$T1$2)
                  00009b10    00000004     socket.obj (.const:$P$T2$3)
                  00009b14    00000004     wlan.obj (.const:$P$T2$3)
                  00009b18    00000004     socket.obj (.const:_SlAcceptCmdCtrl)
                  00009b1c    00000004     device.obj (.const:_SlDeviceGetCmdCtrl)
                  00009b20    00000004     device.obj (.const:_SlDeviceSetCmdCtrl)
                  00009b24    00000004     device.obj (.const:_SlEventMaskGetCmdCtrl)
                  00009b28    00000004     device.obj (.const:_SlEventMaskSetCmdCtrl)
                  00009b2c    00000004     netapp.obj (.const:_SlGetHostByNameCtrl)
                  00009b30    00000004     netapp.obj (.const:_SlGetHostByServiceCtrl)
                  00009b34    00000004     netapp.obj (.const:_SlGetServiceListeCtrl)
                  00009b38    00000004     socket.obj (.const:_SlGetSockOptCmdCtrl)
                  00009b3c    00000004     socket.obj (.const:_SlListenCmdCtrl)
                  00009b40    00000004     netapp.obj (.const:_SlNetAppGetCmdCtrl)
                  00009b44    00000004     netapp.obj (.const:_SlNetAppSendTokenValueCmdCtrl)
                  00009b48    00000004     netapp.obj (.const:_SlNetAppSetCmdCtrl)
                  00009b4c    00000004     netapp.obj (.const:_SlNetAppStartCtrl)
                  00009b50    00000004     netapp.obj (.const:_SlNetAppStopCtrl)
                  00009b54    00000004     netcfg.obj (.const:_SlNetCfgGetCmdCtrl)
                  00009b58    00000004     netcfg.obj (.const:_SlNetCfgSetCmdCtrl)
                  00009b5c    00000004     wlan.obj (.const:_SlPolicyGetCmdCtrl)
                  00009b60    00000004     wlan.obj (.const:_SlPolicySetCmdCtrl)
                  00009b64    00000004     wlan.obj (.const:_SlProfileDelCmdCtrl)
                  00009b68    00000004     wlan.obj (.const:_SlProfileGetCmdCtrl)
                  00009b6c    00000004     socket.obj (.const:_SlRecvCmdCtrl)
                  00009b70    00000004     socket.obj (.const:_SlRecvfomCmdCtrl)
                  00009b74    00000004     netapp.obj (.const:_SlRegisterServiceCtrl)
                  00009b78    00000004     wlan.obj (.const:_SlRxFilterAddtCmdCtrl)
                  00009b7c    00000004     wlan.obj (.const:_SlRxFilterGetCmdCtrl)
                  00009b80    00000004     wlan.obj (.const:_SlRxFilterSetCmdCtrl)
                  00009b84    00000004     socket.obj (.const:_SlSelectCmdCtrl)
                  00009b88    00000004     socket.obj (.const:_SlSendCmdCtrl)
                  00009b8c    00000004     socket.obj (.const:_SlSetSockOptCmdCtrl)
                  00009b90    00000004     wlan.obj (.const:_SlSmartConfigStartCmdCtrl)
                  00009b94    00000004     socket.obj (.const:_SlSockCloseCmdCtrl)
                  00009b98    00000004     socket.obj (.const:_SlSockSocketCmdCtrl)
                  00009b9c    00000004     device.obj (.const:_SlStopCmdCtrl)
                  00009ba0    00000004     wlan.obj (.const:_SlWlanCfgGetCmdCtrl)
                  00009ba4    00000004     wlan.obj (.const:_SlWlanCfgSetCmdCtrl)
                  00009ba8    00000004     wlan.obj (.const:_SlWlanGetNetworkListCtrl)
                  00009bac    00000004     wlan.obj (.const:_SlWlanSetModeCmdCtrl)

.cinit     0    00009bb0    000000a0     
                  00009bb0    00000075     (.cinit..data.load) [load image, compression = lzss]
                  00009c25    00000003     --HOLE-- [fill = 0]
                  00009c28    0000000c     (__TI_handler_table)
                  00009c34    00000004     --HOLE-- [fill = 0]
                  00009c38    00000008     (.cinit..bss.load) [load image, compression = zero_init]
                  00009c40    00000010     (__TI_cinit_table)

.init_array 
*          0    00000000    00000000     UNINITIALIZED

.binit     0    00000000    00000000     

.bss       0    20000000    00000947     UNINITIALIZED
                  20000000    00000400     (.common:Recvbuff)
                  20000400    00000200     (.common:SendBuff)
                  20000600    00000168     driver.obj (.bss:g_StatMem)
                  20000768    00000120     rtsv7M4_T_le_v4SPD16_eabi.lib : trgmsg.c.obj (.bss:_CIOBUF_)
                  20000888    000000a0     (.common:__TI_tmpnams)
                  20000928    00000008     (.common:Messageb)
                  20000930    00000008     (.common:parmbuf)
                  20000938    00000004     (.common:DestinationIP)
                  2000093c    00000004     (.common:Messageindexb)
                  20000940    00000004     (.common:SockID)
                  20000944    00000001     (.common:IntIsMasked)
                  20000945    00000001     (.common:RxIrqCnt)
                  20000946    00000001     (.common:g_bDeviceRestartIsRequired)

.sysmem    0    20000948    00000400     UNINITIALIZED
                  20000948    00000010     rtsv7M4_T_le_v4SPD16_eabi.lib : memory.c.obj (.sysmem)
                  20000958    000003f0     --HOLE--

.data      0    20000d48    00000264     UNINITIALIZED
                  20000d48    000000f0     rtsv7M4_T_le_v4SPD16_eabi.lib : defs.c.obj (.data:_ftable)
                  20000e38    00000078                                   : host_device.c.obj (.data:_device)
                  20000eb0    00000050                                   : host_device.c.obj (.data:_stream)
                  20000f00    0000003c     nonos.obj (.data:g__SlNonOsCB)
                  20000f3c    00000018     Clock.obj (.data)
                  20000f54    00000010     rtsv7M4_T_le_v4SPD16_eabi.lib : defs.c.obj (.data)
                  20000f64    0000000d     driver.obj (.data)
                  20000f71    00000003     --HOLE--
                  20000f74    0000000c     rtsv7M4_T_le_v4SPD16_eabi.lib : exit.c.obj (.data:$O1$$)
                  20000f80    00000008                                   : _lock.c.obj (.data:$O1$$)
                  20000f88    00000008                                   : memory.c.obj (.data:$O1$$)
                  20000f90    00000004     board.obj (.data)
                  20000f94    00000004     main.obj (.data)
                  20000f98    00000004     rtsv7M4_T_le_v4SPD16_eabi.lib : add_device.c.obj (.data)
                  20000f9c    00000004                                   : errno.c.obj (.data)
                  20000fa0    00000004                                   : fopen.c.obj (.data)
                  20000fa4    00000004                                   : open.c.obj (.data)
                  20000fa8    00000004     system_msp432p401r.obj (.data)

.stack     0    2000fe00    00000200     UNINITIALIZED
                  2000fe00    00000004     rtsv7M4_T_le_v4SPD16_eabi.lib : boot_cortex_m.c.obj (.stack)
                  2000fe04    000001fc     --HOLE--

__llvm_prf_cnts 
*          0    20000000    00000000     UNINITIALIZED

MODULE SUMMARY

       Module                        code    ro data   rw data
       ------                        ----    -------   -------
    ..\
       UART0.obj                     1760    0         24     
    +--+-----------------------------+-------+---------+---------+
       Total:                        1760    0         24     
                                                              
    .\
       driver.obj                    7600    184       750    
       main.obj                      2532    76        3096   
       socket.obj                    3904    68        0      
       wlan.obj                      3576    60        0      
       netapp.obj                    3088    40        0      
       device.obj                    1392    28        0      
       system_msp432p401r.obj        812     0         8      
       nonos.obj                     412     20        120    
       spi.obj                       540     0         0      
       Clock.obj                     480     0         48     
       netcfg.obj                    360     8         0      
       board.obj                     284     0         10     
       LaunchPad.obj                 248     0         0      
       startup_msp432p401r_ccs.obj   14      228       0      
       fpu.obj                       192     0         0      
       timer_tick.obj                112     0         0      
    +--+-----------------------------+-------+---------+---------+
       Total:                        25546   712       4032   
                                                              
    C:\ti\ccs1110\ccs\tools\compiler\ti-cgt-arm_20.2.5.LTS\lib\rtsv7M4_T_le_v4SPD16_eabi.lib
       _printfi.c.obj                4851    0         0      
       defs.c.obj                    0       0         832    
       memory.c.obj                  672     0         16     
       trgmsg.c.obj                  108     0         576    
       fopen.c.obj                   532     0         8      
       fd_add_t2.asm.obj             438     0         0      
       host_device.c.obj             0       0         400    
       fd_div_t2.asm.obj             310     0         0      
       fputs.c.obj                   276     0         0      
       s_scalbn.c.obj                272     0         0      
       fd_cmp_t2.asm.obj             268     0         0      
       ctype.c.obj                   0       257       0      
       fd_mul_t2.asm.obj             252     0         0      
       setvbuf.c.obj                 220     0         0      
       open.c.obj                    188     0         8      
       add_device.c.obj              184     0         8      
       memcpy_t2.asm.obj             156     0         0      
       ull_div_t2.asm.obj            150     0         0      
       fputc.c.obj                   140     0         0      
       memset_t2.asm.obj             122     0         0      
       fclose.c.obj                  116     0         0      
       getdevice.c.obj               116     0         0      
       hostopen.c.obj                96      0         16     
       printf.c.obj                  112     0         0      
       hostrename.c.obj              108     0         0      
       copy_decompress_lzss.c.obj    104     0         0      
       hostlseek.c.obj               104     0         0      
       exit.c.obj                    76      0         24     
       fseek.c.obj                   100     0         0      
       s_frexp.c.obj                 100     0         0      
       _io_perm.c.obj                98      0         0      
       close.c.obj                   92      0         0      
       hostread.c.obj                88      0         0      
       hostwrite.c.obj               88      0         0      
       _ltoa.c.obj                   84      0         0      
       atoi.c.obj                    76      0         0      
       fflush.c.obj                  76      0         0      
       fd_toi_t2.asm.obj             72      0         0      
       autoinit.c.obj                68      0         0      
       hostclose.c.obj               68      0         0      
       hostunlink.c.obj              68      0         0      
       strncpy.c.obj                 54      0         0      
       boot_cortex_m.c.obj           52      0         0      
       i_tofd_t2.asm.obj             46      0         0      
       unlink.c.obj                  44      0         0      
       lseek.c.obj                   40      0         0      
       write.c.obj                   40      0         0      
       memchr.c.obj                  32      0         0      
       memccpy.c.obj                 28      0         0      
       s_copysign.c.obj              26      0         0      
       strcmp.c.obj                  24      0         0      
       strchr.c.obj                  22      0         0      
       strcpy.c.obj                  20      0         0      
       strlen.c.obj                  20      0         0      
       _lock.c.obj                   2       0         16     
       wcslen.c.obj                  18      0         0      
       errno.c.obj                   8       0         8      
       copy_decompress_none.c.obj    14      0         0      
       copy_zero_init.c.obj          12      0         0      
       pre_init.c.obj                4       0         0      
       div0.asm.obj                  2       0         0      
    +--+-----------------------------+-------+---------+---------+
       Total:                        11557   257       1912   
                                                              
       Heap:                         0       0         2048   
       Stack:                        0       0         1024   
       Linker Generated:             0       153       0      
    +--+-----------------------------+-------+---------+---------+
       Grand Total:                  38863   1122      9040   


LINKER GENERATED COPY TABLES

__TI_cinit_table @ 00009c40 records: 2, size/record: 8, table size: 16
	.data: load addr=00009bb0, load size=00000075 bytes, run addr=20000d48, run size=00000264 bytes, compression=lzss
	.bss: load addr=00009c38, load size=00000008 bytes, run addr=20000000, run size=00000947 bytes, compression=zero_init


LINKER GENERATED HANDLER TABLE

__TI_handler_table @ 00009c28 records: 3, size/record: 4, table size: 12
	index: 0, handler: __TI_decompress_lzss
	index: 1, handler: __TI_decompress_none
	index: 2, handler: __TI_zero_init


GLOBAL SYMBOLS: SORTED ALPHABETICALLY BY Name 

address   name                                  
-------   ----                                  
00009899  ADC14_IRQHandler                      
00009899  AES256_IRQHandler                     
00009899  BusFault_Handler                      
000098c5  C$$EXIT                               
0000958f  C$$IO$$                               
00007c85  CC3100_InterruptDisable               
00007c59  CC3100_InterruptEnable                
00007c41  CC3100_disable                        
00007c4d  CC3100_enable                         
00009899  COMP_E0_IRQHandler                    
00009899  COMP_E1_IRQHandler                    
20000f44  CPMwait                               
00009899  CS_IRQHandler                         
20000f3c  ClockFrequency                        
0000716d  Clock_Delay1ms                        
00007143  Clock_Delay1us                        
0000712f  Clock_GetFreq                         
00007019  Clock_Init48MHz                       
0000522d  Crash                                 
20000f50  Crystalstable                         
00009899  DMA_ERR_IRQHandler                    
00009899  DMA_INT0_IRQHandler                   
00009899  DMA_INT1_IRQHandler                   
00009899  DMA_INT2_IRQHandler                   
00009899  DMA_INT3_IRQHandler                   
00009899  DebugMon_Handler                      
00009899  Default_Handler                       
00007cd7  Delay                                 
20000938  DestinationIP                         
00009899  EUSCIA0_IRQHandler                    
00009899  EUSCIA1_IRQHandler                    
00009899  EUSCIA2_IRQHandler                    
00009899  EUSCIA3_IRQHandler                    
00009899  EUSCIB0_IRQHandler                    
00009899  EUSCIB1_IRQHandler                    
00009899  EUSCIB2_IRQHandler                    
00009899  EUSCIB3_IRQHandler                    
00009899  FLCTL_IRQHandler                      
00009899  FPU_IRQHandler                        
00008533  FPU_disableModule                     
0000855f  FPU_disableStacking                   
00008553  FPU_enableLazyStacking                
00008521  FPU_enableModule                      
00008541  FPU_enableStacking                    
0000859f  FPU_setFlushToZeroMode                
0000856b  FPU_setHalfPrecisionMode              
00008585  FPU_setNaNMode                        
000085b9  FPU_setRoundingMode                   
00009411  HOSTclose                             
00008e1d  HOSTlseek                             
00009081  HOSTopen                              
0000913d  HOSTread                              
00008db1  HOSTrename                            
00009455  HOSTunlink                            
00009195  HOSTwrite                             
00009899  HardFault_Handler                     
20000f4c  IFlags                                
20000944  IntIsMasked                           
00008269  LaunchPad_Init                        
000082d9  LaunchPad_Input                       
000082f7  LaunchPad_LED                         
00008315  LaunchPad_Output                      
00007c9b  MaskIntHdlr                           
00009899  MemManage_Handler                     
20000928  Messageb                              
2000093c  Messageindexb                         
00009899  NMI_Handler                           
000099ca  OpcodeTranslateTable                  
00009899  PCM_IRQHandler                        
00009899  PORT1_IRQHandler                      
00007cb5  PORT2_IRQHandler                      
00007cb5  PORT2_IRQHandler                      
00009899  PORT3_IRQHandler                      
00009899  PORT4_IRQHandler                      
00009899  PORT5_IRQHandler                      
00009899  PORT6_IRQHandler                      
00009899  PSS_IRQHandler                        
00009899  PendSV_Handler                        
20000f48  Postwait                              
20000f40  Prewait                               
00009899  RTC_C_IRQHandler                      
20000000  Recvbuff                              
0000988d  Reset_Handler                         
20000945  RxIrqCnt                              
00002d59  SL_FD_CLR                             
00002d81  SL_FD_ISSET                           
00002d31  SL_FD_SET                             
00002dad  SL_FD_ZERO                            
00009899  SVC_Handler                           
20000400  SendBuff                              
000059d3  SimpleLinkGeneralEventHandler         
000059c5  SimpleLinkHttpServerCallback          
00005995  SimpleLinkNetAppEventHandler          
000059e5  SimpleLinkSockEventHandler            
00005925  SimpleLinkWlanEventHandler            
20000940  SockID                                
00009899  SysTick_Handler                       
20000fa8  SystemCoreClock                       
00006861  SystemCoreClockUpdate                 
00006ad5  SystemInit                            
00009899  T32_INT1_IRQHandler                   
00009899  T32_INT2_IRQHandler                   
00009899  T32_INTC_IRQHandler                   
00009899  TA0_0_IRQHandler                      
00009899  TA0_N_IRQHandler                      
00009899  TA1_0_IRQHandler                      
00009899  TA1_N_IRQHandler                      
00009899  TA2_0_IRQHandler                      
00009899  TA2_N_IRQHandler                      
00009899  TA3_0_IRQHandler                      
00009899  TA3_N_IRQHandler                      
00008cd1  TimerA2_Init                          
00005c57  UART0_InChar                          
00006101  UART0_InString                        
00005ca1  UART0_InUDec                          
00005fb5  UART0_InUHex                          
00005c11  UART0_Init                            
00006263  UART0_Initprintf                      
00005c67  UART0_OutChar                         
00005d55  UART0_OutSDec                         
00005c83  UART0_OutString                       
00005d25  UART0_OutUDec                         
00005ec9  UART0_OutUDec4                        
00005f11  UART0_OutUDec5                        
00005f43  UART0_OutUFix1                        
00005f6b  UART0_OutUFix2                        
00006079  UART0_OutUHex                         
000060e5  UART0_OutUHex2                        
00007ca3  UnMaskIntHdlr                         
00009899  UsageFault_Handler                    
4000480c  WDTCTL_SYM                            
00009899  WDT_A_IRQHandler                      
00009a08  _SlActionLookupTable                  
00001d4d  _SlDriverHandleError                  
00001561  _SlDrvBasicCmd                        
00000445  _SlDrvCmdOp                           
000015b5  _SlDrvCmdSend                         
00000501  _SlDrvDataReadOp                      
000006e5  _SlDrvDataWriteOp                     
000067a9  _SlDrvDeviceEventHandler              
00001bb9  _SlDrvDispatchHttpServerEvents        
000002c9  _SlDrvDriverCBDeinit                  
0000012b  _SlDrvDriverCBInit                    
00001ca3  _SlDrvGlobalObjUnLock                 
00001e0d  _SlDrvIsTimeoutExpired                
00001cc5  _SlDrvMemZero                         
0000116f  _SlDrvMsgReadSpawnCtx                 
000046c9  _SlDrvNetAppEventHandler              
00001be9  _SlDrvObjLockWaitForever              
00001c3d  _SlDrvObjUnLock                       
000000e5  _SlDrvProtectAsyncRespSetting         
00001c0f  _SlDrvProtectionObjLockWaitForever    
00001c5d  _SlDrvProtectionObjUnLock             
000017c5  _SlDrvReleasePoolObj                  
00001cdb  _SlDrvResetCmdExt                     
000003ed  _SlDrvRxIrqHandler                    
00001ded  _SlDrvStartMeasureTimeout             
00001bc9  _SlDrvSyncObjSignal                   
00001ce9  _SlDrvSyncObjWaitForever              
00001d0d  _SlDrvSyncObjWaitTimeout              
00001639  _SlDrvWaitForPoolObj                  
00009b44  _SlNetAppSendTokenValueCmdCtrl        
000076a1  _SlNonOsMainLoopTask                  
00007599  _SlNonOsSemGet                        
00007581  _SlNonOsSemSet                        
00007641  _SlNonOsSpawn                         
20000768  __CIOBUF_                             
20010000  __STACK_END                           
00000200  __STACK_SIZE                          
00000400  __SYSMEM_SIZE                         
00009c40  __TI_CINIT_Base                       
00009c50  __TI_CINIT_Limit                      
00009c28  __TI_Handler_Table_Base               
00009c34  __TI_Handler_Table_Limit              
00009499  __TI_auto_init_nobinit_nopinit        
000095d1  __TI_cleanup                          
20000f74  __TI_cleanup_ptr                      
00008bed  __TI_closefile                        
00008e85  __TI_decompress_lzss                  
0000987f  __TI_decompress_none                  
000092e9  __TI_doflush                          
20000f78  __TI_dtors_ptr                        
20000f7c  __TI_enable_exit_profile_output       
20000f54  __TI_ft_end                           
00009243  __TI_ltoa                             
ffffffff  __TI_pprof_out_hndl                   
000047dd  __TI_printfi                          
ffffffff  __TI_prof_data_size                   
ffffffff  __TI_prof_data_start                  
00009605  __TI_readmsg                          
00000000  __TI_static_base__                    
20000888  __TI_tmpnams                          
00009561  __TI_writemsg                         
0000901d  __TI_wrt_ok                           
0000989b  __TI_zero_init                        
00008a65  __aeabi_cdcmpeq                       
00008a65  __aeabi_cdcmple                       
00008aeb  __aeabi_cdrcmple                      
000093c9  __aeabi_d2iz                          
000073d3  __aeabi_dadd                          
000079c1  __aeabi_ddiv                          
0000816d  __aeabi_dmul                          
000073c9  __aeabi_dsub                          
000098a9  __aeabi_errno_addr                    
000096d1  __aeabi_i2d                           
0000757f  __aeabi_idiv0                         
0000757f  __aeabi_ldiv0                         
00008b71  __aeabi_memclr                        
00008b71  __aeabi_memclr4                       
00008b71  __aeabi_memclr8                       
000088a5  __aeabi_memcpy                        
000088a5  __aeabi_memcpy4                       
000088a5  __aeabi_memcpy8                       
00008b73  __aeabi_memset                        
00008b73  __aeabi_memset4                       
00008b73  __aeabi_memset8                       
20000f60  __aeabi_stderr                        
20000f58  __aeabi_stdin                         
20000f5c  __aeabi_stdout                        
00008941  __aeabi_uldivmod                      
ffffffff  __binit__                             
ffffffff  __c_args__                            
UNDEFED   __mpu_init                            
2000fe00  __stack                               
20000000  __start___llvm_prf_cnts               
20000000  __stop___llvm_prf_cnts                
00009639  _c_int00_noargs                       
000098c8  _ctypes_                              
20000e38  _device                               
20000d48  _ftable                               
20000f80  _lock                                 
0000522b  _nop                                  
0000292d  _sl_HandleAsync_Accept                
000024eb  _sl_HandleAsync_Connect               
000040cb  _sl_HandleAsync_DnsGetHostByAddr      
00004219  _sl_HandleAsync_DnsGetHostByName      
00004005  _sl_HandleAsync_DnsGetHostByService   
000063e1  _sl_HandleAsync_InitComplete          
000042ed  _sl_HandleAsync_PingResponse          
0000298d  _sl_HandleAsync_Select                
00006465  _sl_HandleAsync_Stop                  
000045a9  _sl_NetAppSendTokenValue              
00001f1d  _sl_ParseAddress                      
20000eb0  _stream                               
20000948  _sys_memory                           
UNDEFED   _system_post_cinit                    
000098c1  _system_pre_init                      
20000f84  _unlock                               
000098c5  abort                                 
0000869d  add_device                            
0000806d  aligned_alloc                         
00009335  atoi                                  
ffffffff  binit                                 
000090e1  close                                 
000056b1  configureSimpleLinkToDefaultState     
000097fd  copysign                              
000097fd  copysignl                             
00007135  delay                                 
000058f3  disconnectFromAP                      
20000f9c  errno                                 
0000588f  establishConnectionWithAP             
00009381  exit                                  
00006195  ferror                                
0000617b  fgetc                                 
000096a1  finddevice                            
00008809  fopen                                 
000089d9  fputc                                 
00007d39  fputs                                 
00008361  free                                  
0000966d  freopen                               
00008f55  frexp                                 
00008f55  frexpl                                
00008fb9  fseek                                 
20000f64  g_SlDeviceStatus                      
20000f94  g_Status                              
20000f00  g__SlNonOsCB                          
20000946  g_bDeviceRestartIsRequired            
20000f68  g_pCB                                 
000094dd  getdevice                             
00007c1d  initClk                               
00000000  interruptVectors                      
00007f5d  ldexp                                 
00007f5d  ldexpl                                
00009755  lseek                                 
00005279  main                                  
000098b1  malloc                                
0000806d  memalign                              
000097e1  memccpy                               
000097a5  memchr                                
000088a5  memcpy                                
00008b79  memset                                
000085e1  open                                  
000060bd  outnibble                             
20000f90  pIraEventHandler                      
20000f6c  pPingCallBackFunc                     
20000930  parmbuf                               
00008eed  printf                                
000089d9  putc                                  
00007c2d  registerInterruptHandler              
00009701  remove                                
00007f5d  scalbn                                
00007f5d  scalbnl                               
00008445  setvbuf                               
00002705  sl_Accept                             
00002047  sl_Bind                               
00001ff5  sl_Close                              
00002375  sl_Connect                            
00006655  sl_DevGet                             
00006719  sl_DevSet                             
000065e9  sl_EventMaskGet                       
00006583  sl_EventMaskSet                       
00002b17  sl_GetSockOpt                         
000028ab  sl_Htonl                              
000028f1  sl_Htons                              
00002695  sl_Listen                             
000040dd  sl_NetAppDnsGetHostByName             
00003efd  sl_NetAppDnsGetHostByService          
00004615  sl_NetAppGet                          
00003c65  sl_NetAppGetServiceList               
00003e2d  sl_NetAppMDNSRegisterService          
00003d57  sl_NetAppMDNSRegisterUnregisterService
00003e91  sl_NetAppMDNSUnRegisterService        
00004379  sl_NetAppPingStart                    
00004517  sl_NetAppSet                          
00003bcd  sl_NetAppStart                        
00003c19  sl_NetAppStop                         
000077a7  sl_NetCfgGet                          
0000771d  sl_NetCfgSet                          
000029e5  sl_Recv                               
00002235  sl_RecvFrom                           
00002bcf  sl_Select                             
00002569  sl_Send                               
000020f5  sl_SendTo                             
00002a8d  sl_SetSockOpt                         
00001f77  sl_Socket                             
0000630d  sl_Start                              
000064af  sl_Stop                               
00006305  sl_Task                               
00002dd5  sl_WlanConnect                        
00003045  sl_WlanDisconnect                     
00003af5  sl_WlanGet                            
0000360d  sl_WlanGetNetworkList                 
00003109  sl_WlanPolicyGet                      
00003079  sl_WlanPolicySet                      
000031fd  sl_WlanProfileAdd                     
000035bb  sl_WlanProfileDel                     
000034b1  sl_WlanProfileGet                     
000036a3  sl_WlanRxFilterAdd                    
000037bd  sl_WlanRxFilterGet                    
00003739  sl_WlanRxFilterSet                    
000038b5  sl_WlanRxStatGet                      
00003851  sl_WlanRxStatStart                    
00003881  sl_WlanRxStatStop                     
00003a59  sl_WlanSet                            
00003a01  sl_WlanSetMode                        
00003949  sl_WlanSmartConfigStart               
00003915  sl_WlanSmartConfigStop                
00006dfd  spi_Close                             
00006e09  spi_Open                              
00006f63  spi_Read                              
00006f09  spi_Write                             
00007cab  stopWDT                               
0000982f  strchr                                
00009817  strcmp                                
00009845  strcpy                                
00009859  strlen                                
00009599  strncpy                               
00008d0b  timer_GetCurrentTimestamp             
000061bb  uart_close                            
00006239  uart_lseek                            
000061ab  uart_open                             
000061c7  uart_read                             
00006255  uart_rename                           
00006249  uart_unlink                           
000061f7  uart_write                            
00009701  unlink                                
0000986d  wcslen                                
0000977d  write                                 


GLOBAL SYMBOLS: SORTED BY Symbol Address 

address   name                                  
-------   ----                                  
00000000  __TI_static_base__                    
00000000  interruptVectors                      
000000e5  _SlDrvProtectAsyncRespSetting         
0000012b  _SlDrvDriverCBInit                    
00000200  __STACK_SIZE                          
000002c9  _SlDrvDriverCBDeinit                  
000003ed  _SlDrvRxIrqHandler                    
00000400  __SYSMEM_SIZE                         
00000445  _SlDrvCmdOp                           
00000501  _SlDrvDataReadOp                      
000006e5  _SlDrvDataWriteOp                     
0000116f  _SlDrvMsgReadSpawnCtx                 
00001561  _SlDrvBasicCmd                        
000015b5  _SlDrvCmdSend                         
00001639  _SlDrvWaitForPoolObj                  
000017c5  _SlDrvReleasePoolObj                  
00001bb9  _SlDrvDispatchHttpServerEvents        
00001bc9  _SlDrvSyncObjSignal                   
00001be9  _SlDrvObjLockWaitForever              
00001c0f  _SlDrvProtectionObjLockWaitForever    
00001c3d  _SlDrvObjUnLock                       
00001c5d  _SlDrvProtectionObjUnLock             
00001ca3  _SlDrvGlobalObjUnLock                 
00001cc5  _SlDrvMemZero                         
00001cdb  _SlDrvResetCmdExt                     
00001ce9  _SlDrvSyncObjWaitForever              
00001d0d  _SlDrvSyncObjWaitTimeout              
00001d4d  _SlDriverHandleError                  
00001ded  _SlDrvStartMeasureTimeout             
00001e0d  _SlDrvIsTimeoutExpired                
00001f1d  _sl_ParseAddress                      
00001f77  sl_Socket                             
00001ff5  sl_Close                              
00002047  sl_Bind                               
000020f5  sl_SendTo                             
00002235  sl_RecvFrom                           
00002375  sl_Connect                            
000024eb  _sl_HandleAsync_Connect               
00002569  sl_Send                               
00002695  sl_Listen                             
00002705  sl_Accept                             
000028ab  sl_Htonl                              
000028f1  sl_Htons                              
0000292d  _sl_HandleAsync_Accept                
0000298d  _sl_HandleAsync_Select                
000029e5  sl_Recv                               
00002a8d  sl_SetSockOpt                         
00002b17  sl_GetSockOpt                         
00002bcf  sl_Select                             
00002d31  SL_FD_SET                             
00002d59  SL_FD_CLR                             
00002d81  SL_FD_ISSET                           
00002dad  SL_FD_ZERO                            
00002dd5  sl_WlanConnect                        
00003045  sl_WlanDisconnect                     
00003079  sl_WlanPolicySet                      
00003109  sl_WlanPolicyGet                      
000031fd  sl_WlanProfileAdd                     
000034b1  sl_WlanProfileGet                     
000035bb  sl_WlanProfileDel                     
0000360d  sl_WlanGetNetworkList                 
000036a3  sl_WlanRxFilterAdd                    
00003739  sl_WlanRxFilterSet                    
000037bd  sl_WlanRxFilterGet                    
00003851  sl_WlanRxStatStart                    
00003881  sl_WlanRxStatStop                     
000038b5  sl_WlanRxStatGet                      
00003915  sl_WlanSmartConfigStop                
00003949  sl_WlanSmartConfigStart               
00003a01  sl_WlanSetMode                        
00003a59  sl_WlanSet                            
00003af5  sl_WlanGet                            
00003bcd  sl_NetAppStart                        
00003c19  sl_NetAppStop                         
00003c65  sl_NetAppGetServiceList               
00003d57  sl_NetAppMDNSRegisterUnregisterService
00003e2d  sl_NetAppMDNSRegisterService          
00003e91  sl_NetAppMDNSUnRegisterService        
00003efd  sl_NetAppDnsGetHostByService          
00004005  _sl_HandleAsync_DnsGetHostByService   
000040cb  _sl_HandleAsync_DnsGetHostByAddr      
000040dd  sl_NetAppDnsGetHostByName             
00004219  _sl_HandleAsync_DnsGetHostByName      
000042ed  _sl_HandleAsync_PingResponse          
00004379  sl_NetAppPingStart                    
00004517  sl_NetAppSet                          
000045a9  _sl_NetAppSendTokenValue              
00004615  sl_NetAppGet                          
000046c9  _SlDrvNetAppEventHandler              
000047dd  __TI_printfi                          
0000522b  _nop                                  
0000522d  Crash                                 
00005279  main                                  
000056b1  configureSimpleLinkToDefaultState     
0000588f  establishConnectionWithAP             
000058f3  disconnectFromAP                      
00005925  SimpleLinkWlanEventHandler            
00005995  SimpleLinkNetAppEventHandler          
000059c5  SimpleLinkHttpServerCallback          
000059d3  SimpleLinkGeneralEventHandler         
000059e5  SimpleLinkSockEventHandler            
00005c11  UART0_Init                            
00005c57  UART0_InChar                          
00005c67  UART0_OutChar                         
00005c83  UART0_OutString                       
00005ca1  UART0_InUDec                          
00005d25  UART0_OutUDec                         
00005d55  UART0_OutSDec                         
00005ec9  UART0_OutUDec4                        
00005f11  UART0_OutUDec5                        
00005f43  UART0_OutUFix1                        
00005f6b  UART0_OutUFix2                        
00005fb5  UART0_InUHex                          
00006079  UART0_OutUHex                         
000060bd  outnibble                             
000060e5  UART0_OutUHex2                        
00006101  UART0_InString                        
0000617b  fgetc                                 
00006195  ferror                                
000061ab  uart_open                             
000061bb  uart_close                            
000061c7  uart_read                             
000061f7  uart_write                            
00006239  uart_lseek                            
00006249  uart_unlink                           
00006255  uart_rename                           
00006263  UART0_Initprintf                      
00006305  sl_Task                               
0000630d  sl_Start                              
000063e1  _sl_HandleAsync_InitComplete          
00006465  _sl_HandleAsync_Stop                  
000064af  sl_Stop                               
00006583  sl_EventMaskSet                       
000065e9  sl_EventMaskGet                       
00006655  sl_DevGet                             
00006719  sl_DevSet                             
000067a9  _SlDrvDeviceEventHandler              
00006861  SystemCoreClockUpdate                 
00006ad5  SystemInit                            
00006dfd  spi_Close                             
00006e09  spi_Open                              
00006f09  spi_Write                             
00006f63  spi_Read                              
00007019  Clock_Init48MHz                       
0000712f  Clock_GetFreq                         
00007135  delay                                 
00007143  Clock_Delay1us                        
0000716d  Clock_Delay1ms                        
000073c9  __aeabi_dsub                          
000073d3  __aeabi_dadd                          
0000757f  __aeabi_idiv0                         
0000757f  __aeabi_ldiv0                         
00007581  _SlNonOsSemSet                        
00007599  _SlNonOsSemGet                        
00007641  _SlNonOsSpawn                         
000076a1  _SlNonOsMainLoopTask                  
0000771d  sl_NetCfgSet                          
000077a7  sl_NetCfgGet                          
000079c1  __aeabi_ddiv                          
00007c1d  initClk                               
00007c2d  registerInterruptHandler              
00007c41  CC3100_disable                        
00007c4d  CC3100_enable                         
00007c59  CC3100_InterruptEnable                
00007c85  CC3100_InterruptDisable               
00007c9b  MaskIntHdlr                           
00007ca3  UnMaskIntHdlr                         
00007cab  stopWDT                               
00007cb5  PORT2_IRQHandler                      
00007cb5  PORT2_IRQHandler                      
00007cd7  Delay                                 
00007d39  fputs                                 
00007f5d  ldexp                                 
00007f5d  ldexpl                                
00007f5d  scalbn                                
00007f5d  scalbnl                               
0000806d  aligned_alloc                         
0000806d  memalign                              
0000816d  __aeabi_dmul                          
00008269  LaunchPad_Init                        
000082d9  LaunchPad_Input                       
000082f7  LaunchPad_LED                         
00008315  LaunchPad_Output                      
00008361  free                                  
00008445  setvbuf                               
00008521  FPU_enableModule                      
00008533  FPU_disableModule                     
00008541  FPU_enableStacking                    
00008553  FPU_enableLazyStacking                
0000855f  FPU_disableStacking                   
0000856b  FPU_setHalfPrecisionMode              
00008585  FPU_setNaNMode                        
0000859f  FPU_setFlushToZeroMode                
000085b9  FPU_setRoundingMode                   
000085e1  open                                  
0000869d  add_device                            
00008809  fopen                                 
000088a5  __aeabi_memcpy                        
000088a5  __aeabi_memcpy4                       
000088a5  __aeabi_memcpy8                       
000088a5  memcpy                                
00008941  __aeabi_uldivmod                      
000089d9  fputc                                 
000089d9  putc                                  
00008a65  __aeabi_cdcmpeq                       
00008a65  __aeabi_cdcmple                       
00008aeb  __aeabi_cdrcmple                      
00008b71  __aeabi_memclr                        
00008b71  __aeabi_memclr4                       
00008b71  __aeabi_memclr8                       
00008b73  __aeabi_memset                        
00008b73  __aeabi_memset4                       
00008b73  __aeabi_memset8                       
00008b79  memset                                
00008bed  __TI_closefile                        
00008cd1  TimerA2_Init                          
00008d0b  timer_GetCurrentTimestamp             
00008db1  HOSTrename                            
00008e1d  HOSTlseek                             
00008e85  __TI_decompress_lzss                  
00008eed  printf                                
00008f55  frexp                                 
00008f55  frexpl                                
00008fb9  fseek                                 
0000901d  __TI_wrt_ok                           
00009081  HOSTopen                              
000090e1  close                                 
0000913d  HOSTread                              
00009195  HOSTwrite                             
00009243  __TI_ltoa                             
000092e9  __TI_doflush                          
00009335  atoi                                  
00009381  exit                                  
000093c9  __aeabi_d2iz                          
00009411  HOSTclose                             
00009455  HOSTunlink                            
00009499  __TI_auto_init_nobinit_nopinit        
000094dd  getdevice                             
00009561  __TI_writemsg                         
0000958f  C$$IO$$                               
00009599  strncpy                               
000095d1  __TI_cleanup                          
00009605  __TI_readmsg                          
00009639  _c_int00_noargs                       
0000966d  freopen                               
000096a1  finddevice                            
000096d1  __aeabi_i2d                           
00009701  remove                                
00009701  unlink                                
00009755  lseek                                 
0000977d  write                                 
000097a5  memchr                                
000097e1  memccpy                               
000097fd  copysign                              
000097fd  copysignl                             
00009817  strcmp                                
0000982f  strchr                                
00009845  strcpy                                
00009859  strlen                                
0000986d  wcslen                                
0000987f  __TI_decompress_none                  
0000988d  Reset_Handler                         
00009899  ADC14_IRQHandler                      
00009899  AES256_IRQHandler                     
00009899  BusFault_Handler                      
00009899  COMP_E0_IRQHandler                    
00009899  COMP_E1_IRQHandler                    
00009899  CS_IRQHandler                         
00009899  DMA_ERR_IRQHandler                    
00009899  DMA_INT0_IRQHandler                   
00009899  DMA_INT1_IRQHandler                   
00009899  DMA_INT2_IRQHandler                   
00009899  DMA_INT3_IRQHandler                   
00009899  DebugMon_Handler                      
00009899  Default_Handler                       
00009899  EUSCIA0_IRQHandler                    
00009899  EUSCIA1_IRQHandler                    
00009899  EUSCIA2_IRQHandler                    
00009899  EUSCIA3_IRQHandler                    
00009899  EUSCIB0_IRQHandler                    
00009899  EUSCIB1_IRQHandler                    
00009899  EUSCIB2_IRQHandler                    
00009899  EUSCIB3_IRQHandler                    
00009899  FLCTL_IRQHandler                      
00009899  FPU_IRQHandler                        
00009899  HardFault_Handler                     
00009899  MemManage_Handler                     
00009899  NMI_Handler                           
00009899  PCM_IRQHandler                        
00009899  PORT1_IRQHandler                      
00009899  PORT3_IRQHandler                      
00009899  PORT4_IRQHandler                      
00009899  PORT5_IRQHandler                      
00009899  PORT6_IRQHandler                      
00009899  PSS_IRQHandler                        
00009899  PendSV_Handler                        
00009899  RTC_C_IRQHandler                      
00009899  SVC_Handler                           
00009899  SysTick_Handler                       
00009899  T32_INT1_IRQHandler                   
00009899  T32_INT2_IRQHandler                   
00009899  T32_INTC_IRQHandler                   
00009899  TA0_0_IRQHandler                      
00009899  TA0_N_IRQHandler                      
00009899  TA1_0_IRQHandler                      
00009899  TA1_N_IRQHandler                      
00009899  TA2_0_IRQHandler                      
00009899  TA2_N_IRQHandler                      
00009899  TA3_0_IRQHandler                      
00009899  TA3_N_IRQHandler                      
00009899  UsageFault_Handler                    
00009899  WDT_A_IRQHandler                      
0000989b  __TI_zero_init                        
000098a9  __aeabi_errno_addr                    
000098b1  malloc                                
000098c1  _system_pre_init                      
000098c5  C$$EXIT                               
000098c5  abort                                 
000098c8  _ctypes_                              
000099ca  OpcodeTranslateTable                  
00009a08  _SlActionLookupTable                  
00009b44  _SlNetAppSendTokenValueCmdCtrl        
00009c28  __TI_Handler_Table_Base               
00009c34  __TI_Handler_Table_Limit              
00009c40  __TI_CINIT_Base                       
00009c50  __TI_CINIT_Limit                      
20000000  Recvbuff                              
20000000  __start___llvm_prf_cnts               
20000000  __stop___llvm_prf_cnts                
20000400  SendBuff                              
20000768  __CIOBUF_                             
20000888  __TI_tmpnams                          
20000928  Messageb                              
20000930  parmbuf                               
20000938  DestinationIP                         
2000093c  Messageindexb                         
20000940  SockID                                
20000944  IntIsMasked                           
20000945  RxIrqCnt                              
20000946  g_bDeviceRestartIsRequired            
20000948  _sys_memory                           
20000d48  _ftable                               
20000e38  _device                               
20000eb0  _stream                               
20000f00  g__SlNonOsCB                          
20000f3c  ClockFrequency                        
20000f40  Prewait                               
20000f44  CPMwait                               
20000f48  Postwait                              
20000f4c  IFlags                                
20000f50  Crystalstable                         
20000f54  __TI_ft_end                           
20000f58  __aeabi_stdin                         
20000f5c  __aeabi_stdout                        
20000f60  __aeabi_stderr                        
20000f64  g_SlDeviceStatus                      
20000f68  g_pCB                                 
20000f6c  pPingCallBackFunc                     
20000f74  __TI_cleanup_ptr                      
20000f78  __TI_dtors_ptr                        
20000f7c  __TI_enable_exit_profile_output       
20000f80  _lock                                 
20000f84  _unlock                               
20000f90  pIraEventHandler                      
20000f94  g_Status                              
20000f9c  errno                                 
20000fa8  SystemCoreClock                       
2000fe00  __stack                               
20010000  __STACK_END                           
4000480c  WDTCTL_SYM                            
ffffffff  __TI_pprof_out_hndl                   
ffffffff  __TI_prof_data_size                   
ffffffff  __TI_prof_data_start                  
ffffffff  __binit__                             
ffffffff  __c_args__                            
ffffffff  binit                                 
UNDEFED   __mpu_init                            
UNDEFED   _system_post_cinit                    

[378 symbols]
