******************************************************************************
                  TI ARM Linker PC v20.2.5                     
******************************************************************************
>> Linked Fri Feb 11 12:34:20 2022

OUTPUT FILE NAME:   <Competition_BLE.out>
ENTRY POINT SYMBOL: "_c_int00_noargs"  address: 00005df5


MEMORY CONFIGURATION

         name            origin    length      used     unused   attr    fill
----------------------  --------  ---------  --------  --------  ----  --------
  MAIN                  00000000   00040000  00006386  00039c7a  R  X
  INFO                  00200000   00004000  00000000  00004000  R  X
  SRAM_CODE             01000000   00010000  000041d2  0000be2e  RW X
  SRAM_DATA             20000000   00010000  000041d2  0000be2e  RW  


SEGMENT ALLOCATION MAP

run origin  load origin   length   init length attrs members
----------  ----------- ---------- ----------- ----- -------
00000000    00000000    00006388   00006388    r-x
  00000000    00000000    000000e4   000000e4    r-- .intvecs
  000000e4    000000e4    00005ef2   00005ef2    r-x .text
  00005fd6    00005fd6    00000260   00000260    r-- .const
  00006238    00006238    00000150   00000150    r-- .cinit
20000000    20000000    00003fd8   00000000    rw-
  20000000    20000000    000038ba   00000000    rw- .bss
  200038c0    200038c0    00000400   00000000    rw- .sysmem
  20003cc0    20003cc0    00000318   00000000    rw- .data
2000fe00    2000fe00    00000200   00000000    rw-
  2000fe00    2000fe00    00000200   00000000    rw- .stack


SECTION ALLOCATION MAP

 output                                  attributes/
section   page    origin      length       input sections
--------  ----  ----------  ----------   ----------------
.intvecs   0    00000000    000000e4     
                  00000000    000000e4     startup_msp432p401r_ccs.obj (.intvecs:retain)

.text      0    000000e4    00005ef2     
                  000000e4    00001798     SSD1306.obj (.text)
                  0000187c    00001014     AP.obj (.text)
                  00002890    000007d0     Robot_BLEmain.obj (.text)
                  00003060    000006e0     UART0.obj (.text)
                  00003740    00000490     ADC14.obj (.text)
                  00003bd0    00000420     PWM.obj (.text)
                  00003ff0    000003a0     LPF.obj (.text)
                  00004390    0000032c     system_msp432p401r.obj (.text)
                  000046bc    000001e0     Clock.obj (.text)
                  0000489c    000001d4     TA3InputCapture.obj (.text)
                  00004a70    000001a4     UART1.obj (.text)
                  00004c14    0000018c     Motor.obj (.text)
                  00004da0    00000110     rtsv7M4_T_le_v4SPD16_eabi.lib : fopen.c.obj (.text:_openfile)
                  00004eb0    00000100                                   : memory.c.obj (.text:aligned_alloc)
                  00004fb0    000000f8     LaunchPad.obj (.text)
                  000050a8    000000e4     rtsv7M4_T_le_v4SPD16_eabi.lib : memory.c.obj (.text:free)
                  0000518c    000000dc                                   : setvbuf.c.obj (.text:setvbuf)
                  00005268    000000c0     GPIO.obj (.text)
                  00005328    000000bc     rtsv7M4_T_le_v4SPD16_eabi.lib : open.c.obj (.text:open)
                  000053e4    000000b8                                   : add_device.c.obj (.text:add_device)
                  0000549c    000000a8     TimerA1.obj (.text)
                  00005544    0000009c     rtsv7M4_T_le_v4SPD16_eabi.lib : fopen.c.obj (.text:fopen)
                  000055e0    0000009c                                   : memcpy_t2.asm.obj (.text)
                  0000567c    0000007c     IRDistance.obj (.text)
                  000056f8    0000007a     rtsv7M4_T_le_v4SPD16_eabi.lib : memset_t2.asm.obj (.text)
                  00005772    00000002                                   : _lock.c.obj (.text:_nop)
                  00005774    00000078     Bump.obj (.text)
                  000057ec    00000074     rtsv7M4_T_le_v4SPD16_eabi.lib : fclose.c.obj (.text:__TI_closefile)
                  00005860    00000070                                   : memory.c.obj (.text:split)
                  000058d0    0000006c                                   : hostrename.c.obj (.text:HOSTrename)
                  0000593c    00000068                                   : hostlseek.c.obj (.text:HOSTlseek)
                  000059a4    00000068                                   : copy_decompress_lzss.c.obj (.text:decompress:lzss:__TI_decompress_lzss)
                  00005a0c    00000060                                   : hostopen.c.obj (.text:HOSTopen)
                  00005a6c    0000005c                                   : close.c.obj (.text:close)
                  00005ac8    00000058                                   : hostread.c.obj (.text:HOSTread)
                  00005b20    00000058                                   : hostwrite.c.obj (.text:HOSTwrite)
                  00005b78    0000004c                                   : fflush.c.obj (.text:__TI_doflush)
                  00005bc4    00000048                                   : exit.c.obj (.text:exit)
                  00005c0c    00000044                                   : hostclose.c.obj (.text:HOSTclose)
                  00005c50    00000044                                   : hostunlink.c.obj (.text:HOSTunlink)
                  00005c94    00000044                                   : autoinit.c.obj (.text:__TI_auto_init_nobinit_nopinit:__TI_auto_init_nobinit_nopinit)
                  00005cd8    00000044                                   : getdevice.c.obj (.text:getdevice)
                  00005d1c    00000038                                   : trgmsg.c.obj (.text:__TI_writemsg)
                  00005d54    00000036                                   : strncpy.c.obj (.text:strncpy)
                  00005d8a    00000002     --HOLE-- [fill = 0]
                  00005d8c    00000034                                   : fopen.c.obj (.text:__TI_cleanup)
                  00005dc0    00000034                                   : trgmsg.c.obj (.text:__TI_readmsg)
                  00005df4    00000034                                   : boot_cortex_m.c.obj (.text:_c_int00_noargs:_c_int00_noargs)
                  00005e28    00000034                                   : fopen.c.obj (.text:freopen)
                  00005e5c    00000030                                   : getdevice.c.obj (.text:finddevice)
                  00005e8c    0000002c                                   : unlink.c.obj (.text:unlink)
                  00005eb8    00000028                                   : memory.c.obj (.text:free_list_insert)
                  00005ee0    00000028                                   : write.c.obj (.text:write)
                  00005f08    00000024     CortexM.obj (.text)
                  00005f2c    0000001c     rtsv7M4_T_le_v4SPD16_eabi.lib : memory.c.obj (.text:free_list_remove)
                  00005f48    00000018                                   : strcmp.c.obj (.text:strcmp)
                  00005f60    00000016                                   : strchr.c.obj (.text:strchr)
                  00005f76    00000014                                   : strcpy.c.obj (.text:strcpy)
                  00005f8a    00000014                                   : strlen.c.obj (.text:strlen)
                  00005f9e    0000000e                                   : copy_decompress_none.c.obj (.text:decompress:none:__TI_decompress_none)
                  00005fac    0000000e     startup_msp432p401r_ccs.obj (.text)
                  00005fba    0000000c     rtsv7M4_T_le_v4SPD16_eabi.lib : copy_zero_init.c.obj (.text:decompress:ZI:__TI_zero_init)
                  00005fc6    00000008                                   : memory.c.obj (.text:malloc)
                  00005fce    00000004                                   : pre_init.c.obj (.text:_system_pre_init)
                  00005fd2    00000004                                   : exit.c.obj (.text:abort:abort)

.const     0    00005fd6    00000260     
                  00005fd6    000001e0     SSD1306.obj (.const:ASCII)
                  000061b6    00000014     AP.obj (.const:.string:NPI_StartAdvertisement)
                  000061ca    00000011     AP.obj (.const:.string:NPI_SetAdvertisement1)
                  000061db    00000009     AP.obj (.const:.string:HCI_EXT_ResetSystemCmd)
                  000061e4    00000008     SSD1306.obj (.const:.string:postmask)
                  000061ec    00000008     SSD1306.obj (.const:.string:premask)
                  000061f4    00000006     AP.obj (.const:.string:NPI_GetStatus)
                  000061fa    00000006     AP.obj (.const:.string:NPI_GetVersion)
                  00006200    00000006     AP.obj (.const:.string:NPI_Register)
                  00006206    00000006     SSD1306.obj (.const:.string:init5)
                  0000620c    00000005     SSD1306.obj (.const:.string:dlist1)
                  00006211    00000004     SSD1306.obj (.const:.string:init1)
                  00006215    00000004     SSD1306.obj (.const:.string:init2)
                  00006219    00000004     SSD1306.obj (.const:.string:init3)
                  0000621d    00000003     SSD1306.obj (.const:.string:init4b)
                  00006220    00000003     SSD1306.obj (.const:.string:scrollList1b)
                  00006223    00000003     SSD1306.obj (.const:.string:scrollList2b)
                  00006226    00000002     SSD1306.obj (.const:.string:scrollList1a)
                  00006228    00000002     SSD1306.obj (.const:.string:scrollList2a)
                  0000622a    00000002     SSD1306.obj (.const:.string:scrollList3a)
                  0000622c    00000002     SSD1306.obj (.const:.string:scrollList3b)
                  0000622e    00000002     SSD1306.obj (.const:.string:scrollList3c)
                  00006230    00000002     SSD1306.obj (.const:.string:scrollList4a)
                  00006232    00000002     SSD1306.obj (.const:.string:scrollList4b)
                  00006234    00000002     SSD1306.obj (.const:.string:scrollList4c)

.cinit     0    00006238    00000150     
                  00006238    00000125     (.cinit..data.load) [load image, compression = lzss]
                  0000635d    00000003     --HOLE-- [fill = 0]
                  00006360    0000000c     (__TI_handler_table)
                  0000636c    00000004     --HOLE-- [fill = 0]
                  00006370    00000008     (.cinit..bss.load) [load image, compression = zero_init]
                  00006378    00000010     (__TI_cinit_table)

.init_array 
*          0    00000000    00000000     UNINITIALIZED

.binit     0    00000000    00000000     

.bss       0    20000000    000038ba     UNINITIALIZED
                  20000000    00001000     (.common:x)
                  20001000    00001000     (.common:x2)
                  20002000    00001000     (.common:x3)
                  20003000    00000400     (.common:buffer)
                  20003400    00000120     rtsv7M4_T_le_v4SPD16_eabi.lib : trgmsg.c.obj (.bss:_CIOBUF_)
                  20003520    00000100     (.common:RxFIFO)
                  20003620    000000a0     (.common:CharacteristicList)
                  200036c0    000000a0     (.common:__TI_tmpnams)
                  20003760    00000080     (.common:RecvBuf)
                  200037e0    00000050     (.common:NotifyCharacteristicList)
                  20003830    00000008     (.common:Messageb)
                  20003838    00000008     (.common:parmbuf)
                  20003840    00000004     (.common:ADCflag)
                  20003844    00000004     (.common:Center)
                  20003848    00000004     (.common:I1)
                  2000384c    00000004     (.common:LPFSum)
                  20003850    00000004     (.common:LPFSum2)
                  20003854    00000004     (.common:LPFSum3)
                  20003858    00000004     (.common:Left)
                  2000385c    00000004     (.common:Messageindexb)
                  20003860    00000004     (.common:NoSOFErr)
                  20003864    00000004     (.common:Pt)
                  20003868    00000004     (.common:Pt2)
                  2000386c    00000004     (.common:Pt3)
                  20003870    00000004     (.common:Right)
                  20003874    00000004     (.common:RxFifoLost)
                  20003878    00000004     (.common:RxGetI)
                  2000387c    00000004     (.common:RxPutI)
                  20003880    00000004     (.common:Size)
                  20003884    00000004     (.common:Switch2)
                  20003888    00000004     (.common:TimeOutErr)
                  2000388c    00000004     (.common:TimerA1Task)
                  20003890    00000004     (.common:fcserr)
                  20003894    00000004     (.common:nc)
                  20003898    00000004     (.common:nl)
                  2000389c    00000004     (.common:nr)
                  200038a0    00000004     (.common:rotation)
                  200038a4    00000004     (.common:u1)
                  200038a8    00000004     (.common:u2)
                  200038ac    00000004     (.common:u3)
                  200038b0    00000004     (.common:vccstate)
                  200038b4    00000002     (.common:StartX)
                  200038b6    00000002     (.common:StartY)
                  200038b8    00000002     (.common:Switch1)

.sysmem    0    200038c0    00000400     UNINITIALIZED
                  200038c0    00000010     rtsv7M4_T_le_v4SPD16_eabi.lib : memory.c.obj (.sysmem)
                  200038d0    000003f0     --HOLE--

.data      0    20003cc0    00000318     UNINITIALIZED
                  20003cc0    000000f0     rtsv7M4_T_le_v4SPD16_eabi.lib : defs.c.obj (.data:_ftable)
                  20003db0    00000078                                   : host_device.c.obj (.data:_device)
                  20003e28    00000050                                   : host_device.c.obj (.data:_stream)
                  20003e78    00000025     AP.obj (.data:NPI_SetAdvertisementData)
                  20003e9d    00000020     AP.obj (.data:NPI_AddCharDescriptor)
                  20003ebd    0000001e     AP.obj (.data:NPI_SetAdvertisementDataJacki)
                  20003edb    0000001c     AP.obj (.data:NPI_GATTSetDeviceName)
                  20003ef7    00000001     --HOLE--
                  20003ef8    00000018     Clock.obj (.data)
                  20003f10    00000015     AP.obj (.data:NPI_GATTSetDeviceNameJacki)
                  20003f25    00000015     AP.obj (.data:NPI_ReadConfirmation)
                  20003f3a    00000014     AP.obj (.data:NPI_SendNotificationIndication)
                  20003f4e    00000002     --HOLE--
                  20003f50    00000010     rtsv7M4_T_le_v4SPD16_eabi.lib : defs.c.obj (.data)
                  20003f60    0000000e     AP.obj (.data:NPI_AddCharValue)
                  20003f6e    00000002     --HOLE--
                  20003f70    0000000c     rtsv7M4_T_le_v4SPD16_eabi.lib : exit.c.obj (.data:$O1$$)
                  20003f7c    0000000c     TA3InputCapture.obj (.data)
                  20003f88    00000009     AP.obj (.data:NPI_AddService)
                  20003f91    00000009     AP.obj (.data:NPI_CCCDUpdatedConfirmation)
                  20003f9a    00000009     AP.obj (.data:NPI_WriteConfirmation)
                  20003fa3    00000001     --HOLE--
                  20003fa4    00000008     rtsv7M4_T_le_v4SPD16_eabi.lib : _lock.c.obj (.data:$O1$$)
                  20003fac    00000008                                   : memory.c.obj (.data:$O1$$)
                  20003fb4    00000008     AP.obj (.data)
                  20003fbc    00000008     Robot_BLEmain.obj (.data)
                  20003fc4    00000004     SSD1306.obj (.data)
                  20003fc8    00000004     rtsv7M4_T_le_v4SPD16_eabi.lib : add_device.c.obj (.data)
                  20003fcc    00000004                                   : fopen.c.obj (.data)
                  20003fd0    00000004                                   : open.c.obj (.data)
                  20003fd4    00000004     system_msp432p401r.obj (.data)

.stack     0    2000fe00    00000200     UNINITIALIZED
                  2000fe00    00000004     rtsv7M4_T_le_v4SPD16_eabi.lib : boot_cortex_m.c.obj (.stack)
                  2000fe04    000001fc     --HOLE--

__llvm_prf_cnts 
*          0    20000000    00000000     UNINITIALIZED

MODULE SUMMARY

       Module                        code    ro data   rw data
       ------                        ----    -------   -------
    ..\
       SSD1306.obj                   6040    544       2080   
       AP.obj                        4116    64        1236   
       UART0.obj                     1760    0         24     
       ADC14.obj                     1168    0         0      
       PWM.obj                       1056    0         0      
       TA3InputCapture.obj           468     0         24     
       Motor.obj                     396     0         0      
       TimerA1.obj                   168     0         8      
       IRDistance.obj                124     0         0      
       Bump.obj                      120     0         0      
    +--+-----------------------------+-------+---------+---------+
       Total:                        15416   608       3372   
                                                              
    .\
       LPF.obj                       928     0         24664  
       Robot_BLEmain.obj             2000    0         84     
       UART1.obj                     420     0         536    
       system_msp432p401r.obj        812     0         8      
       Clock.obj                     480     0         48     
       LaunchPad.obj                 248     0         0      
       startup_msp432p401r_ccs.obj   14      228       0      
       GPIO.obj                      192     0         0      
       CortexM.obj                   36      0         0      
    +--+-----------------------------+-------+---------+---------+
       Total:                        5130    228       25340  
                                                              
    C:\ti\ccs1110\ccs\tools\compiler\ti-cgt-arm_20.2.5.LTS\lib\rtsv7M4_T_le_v4SPD16_eabi.lib
       defs.c.obj                    0       0         832    
       memory.c.obj                  672     0         16     
       trgmsg.c.obj                  108     0         576    
       fopen.c.obj                   532     0         8      
       host_device.c.obj             0       0         400    
       setvbuf.c.obj                 220     0         0      
       open.c.obj                    188     0         8      
       add_device.c.obj              184     0         8      
       memcpy_t2.asm.obj             156     0         0      
       memset_t2.asm.obj             122     0         0      
       fclose.c.obj                  116     0         0      
       getdevice.c.obj               116     0         0      
       hostopen.c.obj                96      0         16     
       hostrename.c.obj              108     0         0      
       copy_decompress_lzss.c.obj    104     0         0      
       hostlseek.c.obj               104     0         0      
       exit.c.obj                    76      0         24     
       close.c.obj                   92      0         0      
       hostread.c.obj                88      0         0      
       hostwrite.c.obj               88      0         0      
       fflush.c.obj                  76      0         0      
       autoinit.c.obj                68      0         0      
       hostclose.c.obj               68      0         0      
       hostunlink.c.obj              68      0         0      
       strncpy.c.obj                 54      0         0      
       boot_cortex_m.c.obj           52      0         0      
       unlink.c.obj                  44      0         0      
       write.c.obj                   40      0         0      
       strcmp.c.obj                  24      0         0      
       strchr.c.obj                  22      0         0      
       strcpy.c.obj                  20      0         0      
       strlen.c.obj                  20      0         0      
       _lock.c.obj                   2       0         16     
       copy_decompress_none.c.obj    14      0         0      
       copy_zero_init.c.obj          12      0         0      
       pre_init.c.obj                4       0         0      
    +--+-----------------------------+-------+---------+---------+
       Total:                        3758    0         1904   
                                                              
       Heap:                         0       0         2048   
       Stack:                        0       0         1024   
       Linker Generated:             0       329       0      
    +--+-----------------------------+-------+---------+---------+
       Grand Total:                  24304   1165      33688  


LINKER GENERATED COPY TABLES

__TI_cinit_table @ 00006378 records: 2, size/record: 8, table size: 16
	.data: load addr=00006238, load size=00000125 bytes, run addr=20003cc0, run size=00000318 bytes, compression=lzss
	.bss: load addr=00006370, load size=00000008 bytes, run addr=20000000, run size=000038ba bytes, compression=zero_init


LINKER GENERATED HANDLER TABLE

__TI_handler_table @ 00006360 records: 3, size/record: 4, table size: 12
	index: 0, handler: __TI_decompress_lzss
	index: 1, handler: __TI_decompress_none
	index: 2, handler: __TI_zero_init


GLOBAL SYMBOLS: SORTED ALPHABETICALLY BY Name 

address   name                           
-------   ----                           
000039f9  ADC0_InitSWTriggerCh12         
0000383d  ADC0_InitSWTriggerCh14         
000038ad  ADC0_InitSWTriggerCh17_14_16   
00003a69  ADC0_InitSWTriggerCh19         
0000395d  ADC0_InitSWTriggerCh21_22_23   
00003af9  ADC0_InitSWTriggerCh23         
00003741  ADC0_InitSWTriggerCh6          
000037b1  ADC0_InitSWTriggerCh67         
00005fb9  ADC14_IRQHandler               
00003a49  ADC_In12                       
0000388d  ADC_In14                       
0000391d  ADC_In17_14_16                 
00003ab9  ADC_In19                       
000039b9  ADC_In21_22_23                 
00003b55  ADC_In23                       
00003791  ADC_In6                        
00003807  ADC_In67                       
20003840  ADCflag                        
00005fb9  AES256_IRQHandler              
00001edd  AP_AddCharacteristic           
00002099  AP_AddNotifyCharacteristic     
00001e85  AP_AddService                  
000025ad  AP_BackgroundProcess           
00001a21  AP_EchoReceived                
000019b5  AP_EchoSendMessage             
00001e6f  AP_GetNotifyCCCD               
0000198b  AP_GetSize                     
00002481  AP_GetStatus                   
000024b9  AP_GetVersion                  
000018a5  AP_Init                        
00001c45  AP_RecvMessage                 
00001e21  AP_RecvStatus                  
00001ebd  AP_RegisterService             
0000187d  AP_Reset                       
00001aa9  AP_SendMessage                 
00001e2f  AP_SendMessageResponse         
000022c5  AP_SendNotification            
000023c5  AP_StartAdvertisement          
00002419  AP_StartAdvertisementJacki     
00002a31  BLE_Init                       
00005775  Bump_Init                      
000057a9  Bump_Read                      
00005fb9  BusFault_Handler               
00002a0d  Button1                        
00002a1f  Button2                        
00005fd3  C$$EXIT                        
00005d4b  C$$IO$$                        
00005fb9  COMP_E0_IRQHandler             
00005fb9  COMP_E1_IRQHandler             
20003f00  CPMwait                        
00005fb9  CS_IRQHandler                  
20003f7c  CaptureTask0                   
20003f80  CaptureTask1                   
20003f84  CaptureTask2                   
20003844  Center                         
000056a5  CenterConvert                  
20003fb4  CharacteristicCount            
20003620  CharacteristicList             
20003ef8  ClockFrequency                 
00004811  Clock_Delay1ms                 
000047e7  Clock_Delay1us                 
000047d3  Clock_GetFreq                  
000046bd  Clock_Init48MHz                
20003f0c  Crystalstable                  
20003fc4  CurrentX                       
20003fc6  CurrentY                       
00005fb9  DMA_ERR_IRQHandler             
00005fb9  DMA_INT0_IRQHandler            
00005fb9  DMA_INT1_IRQHandler            
00005fb9  DMA_INT2_IRQHandler            
00005fb9  DMA_INT3_IRQHandler            
00005fb9  DebugMon_Handler               
00005fb9  Default_Handler                
00005f09  DisableInterrupts              
00005fb9  EUSCIA0_IRQHandler             
00005fb9  EUSCIA1_IRQHandler             
00004b99  EUSCIA2_IRQHandler             
00004b99  EUSCIA2_IRQHandler             
00005fb9  EUSCIA3_IRQHandler             
00005fb9  EUSCIB0_IRQHandler             
00005fb9  EUSCIB1_IRQHandler             
00005fb9  EUSCIB2_IRQHandler             
00005fb9  EUSCIB3_IRQHandler             
00005f0f  EnableInterrupts               
00005f1f  EndCritical                    
00005fb9  FLCTL_IRQHandler               
00005fb9  FPU_IRQHandler                 
00005269  GPIO_Init                      
000061db  HCI_EXT_ResetSystemCmd         
00005c0d  HOSTclose                      
0000593d  HOSTlseek                      
00005a0d  HOSTopen                       
00005ac9  HOSTread                       
000058d1  HOSTrename                     
00005c51  HOSTunlink                     
00005b21  HOSTwrite                      
00005fb9  HardFault_Handler              
20003848  I1                             
20003f08  IFlags                         
00002b09  IRsampling                     
20003fbd  JackiBumpSensor                
20003fbc  JackiCommand                   
20003fbe  JackiSpeed                     
2000384c  LPFSum                         
20003850  LPFSum2                        
20003854  LPFSum3                        
00004105  LPF_Calc                       
000041ad  LPF_Calc2                      
00004271  LPF_Calc3                      
00004045  LPF_Calc_old                   
000040a7  LPF_Init                       
00004159  LPF_Init2                      
0000420f  LPF_Init3                      
00003ff1  LPF_Init_old                   
00004fb1  LaunchPad_Init                 
00005021  LaunchPad_Input                
0000503f  LaunchPad_LED                  
0000505d  LaunchPad_Output               
20003858  Left                           
0000567d  LeftConvert                    
000042d9  Median                         
00005fb9  MemManage_Handler              
20003830  Messageb                       
2000385c  Messageindexb                  
00004d43  Motor_Backward                 
00004c7b  Motor_Forward                  
00004c15  Motor_Init                     
00004cfd  Motor_Left                     
00004cb7  Motor_Right                    
00004c67  Motor_Stop                     
00005fb9  NMI_Handler                    
20003e9d  NPI_AddCharDescriptor          
20003f60  NPI_AddCharValue               
20003f88  NPI_AddService                 
20003f91  NPI_CCCDUpdatedConfirmation    
20003edb  NPI_GATTSetDeviceName          
20003f10  NPI_GATTSetDeviceNameJacki     
000061f4  NPI_GetStatus                  
000061fa  NPI_GetVersion                 
20003f25  NPI_ReadConfirmation           
00006200  NPI_Register                   
20003f3a  NPI_SendNotificationIndication 
000061ca  NPI_SetAdvertisement1          
20003e78  NPI_SetAdvertisementData       
20003ebd  NPI_SetAdvertisementDataJacki  
000061b6  NPI_StartAdvertisement         
20003f9a  NPI_WriteConfirmation          
20003860  NoSOFErr                       
20003fb8  NotifyCharacteristicCount      
200037e0  NotifyCharacteristicList       
000028bd  OutValue                       
00005fb9  PCM_IRQHandler                 
00005fb9  PORT1_IRQHandler               
00005fb9  PORT2_IRQHandler               
00005fb9  PORT3_IRQHandler               
00005fb9  PORT4_IRQHandler               
00005fb9  PORT5_IRQHandler               
00005fb9  PORT6_IRQHandler               
00005fb9  PSS_IRQHandler                 
00003cbb  PWM_Duty1                      
00003cdb  PWM_Duty2                      
00003d7f  PWM_Duty3                      
00003d9f  PWM_Duty4                      
00003bd1  PWM_Init1                      
00003c37  PWM_Init12                     
00003cfb  PWM_Init34                     
00003ee7  PWM_RobotArmDuty0              
00003f0d  PWM_RobotArmDuty1              
00003f33  PWM_RobotArmDuty2              
00003f07  PWM_RobotArmGetDuty0           
00003f2d  PWM_RobotArmGetDuty1           
00003f53  PWM_RobotArmGetDuty2           
00003dbf  PWM_RobotArmInit               
00005fb9  PendSV_Handler                 
20003f04  Postwait                       
20003efc  Prewait                        
20003864  Pt                             
20003868  Pt2                            
2000386c  Pt3                            
00005fb9  RTC_C_IRQHandler               
000028d1  ReadCommand                    
000028df  ReadJackiBumpSensor            
000029ed  ReadJackiSpeed                 
20003760  RecvBuf                        
00005fad  Reset_Handler                  
20003870  Right                          
000056cd  RightConvert                   
000028f5  RunJacki                       
20003520  RxFIFO                         
20003874  RxFifoLost                     
00004ac9  RxFifo_Get                     
00004a71  RxFifo_Init                    
00004a83  RxFifo_Put                     
20003878  RxGetI                         
2000387c  RxPutI                         
00000549  SSD1306_Clear                  
00000509  SSD1306_ClearBuffer            
00000f65  SSD1306_Dim                    
00000e1f  SSD1306_DisplayBuffer          
00000409  SSD1306_DrawChar               
000007e1  SSD1306_DrawFastHLine          
00000a05  SSD1306_DrawFastVLine          
0000059d  SSD1306_DrawFullImage          
00000289  SSD1306_DrawPixel              
000004bd  SSD1306_DrawString             
00000e1b  SSD1306_GetBuffer              
00000d1d  SSD1306_GetPixel               
00000183  SSD1306_Init                   
00000f4f  SSD1306_InvertDisplay          
00001011  SSD1306_OutChar                
00001727  SSD1306_OutHex7                
00001375  SSD1306_OutSDec                
00001639  SSD1306_OutSFix1               
00001137  SSD1306_OutString              
00001191  SSD1306_OutUDec                
00001785  SSD1306_OutUDec16              
0000181d  SSD1306_OutUDec2               
000015ab  SSD1306_OutUFix1               
0000175d  SSD1306_OutUHex7               
00000601  SSD1306_PrintBMP               
00000f97  SSD1306_SetCursor              
000008f3  SSD1306_drawFastHLineInternal  
00000b1d  SSD1306_drawFastVLineInternal  
00000f05  SSD1306_startscrolldiagleft    
00000ec1  SSD1306_startscrolldiagright   
00000e8b  SSD1306_startscrollleft        
00000e59  SSD1306_startscrollright       
00000f45  SSD1306_stopscroll             
00005fb9  SVC_Handler                    
20003880  Size                           
00005f15  StartCritical                  
200038b4  StartX                         
200038b6  StartY                         
200038b8  Switch1                        
20003884  Switch2                        
00005fb9  SysTick_Handler                
20003fd4  SystemCoreClock                
00004391  SystemCoreClockUpdate          
00004605  SystemInit                     
00005fb9  T32_INT1_IRQHandler            
00005fb9  T32_INT2_IRQHandler            
00005fb9  T32_INTC_IRQHandler            
00005fb9  TA0_0_IRQHandler               
00005fb9  TA0_N_IRQHandler               
0000550f  TA1_0_IRQHandler               
0000550f  TA1_0_IRQHandler               
00005fb9  TA1_N_IRQHandler               
00005fb9  TA2_0_IRQHandler               
00005fb9  TA2_N_IRQHandler               
00004929  TA3_0_IRQHandler               
00004929  TA3_0_IRQHandler               
00004943  TA3_N_IRQHandler               
00004943  TA3_N_IRQHandler               
00002891  TestMotor                      
20003888  TimeOutErr                     
2000388c  TimerA1Task                    
0000549d  TimerA1_Init                   
000054fb  TimerA1_Stop                   
000048a9  TimerA3Capture_Init01          
00004983  TimerA3Capture_Init02          
000030a7  UART0_InChar                   
00003551  UART0_InString                 
000030f1  UART0_InUDec                   
00003405  UART0_InUHex                   
00003061  UART0_Init                     
000036b3  UART0_Initprintf               
000030b7  UART0_OutChar                  
000031a5  UART0_OutSDec                  
000030d3  UART0_OutString                
00003175  UART0_OutUDec                  
00003319  UART0_OutUDec4                 
00003361  UART0_OutUDec5                 
00003393  UART0_OutUFix1                 
000033bb  UART0_OutUFix2                 
000034c9  UART0_OutUHex                  
00003535  UART0_OutUHex2                 
00004bcd  UART1_FinishOutput             
00004b6b  UART1_InChar                   
00004aff  UART1_InStatus                 
00004b0f  UART1_Init                     
00004b7d  UART1_OutChar                  
00004baf  UART1_OutString                
00005fb9  UsageFault_Handler             
4000480c  WDTCTL_SYM                     
00005fb9  WDT_A_IRQHandler               
00005f27  WaitForInterrupt               
000029db  WriteCommand                   
000029fb  WriteJackiSpeed                
20003400  __CIOBUF_                      
20010000  __STACK_END                    
00000200  __STACK_SIZE                   
00000400  __SYSMEM_SIZE                  
00006378  __TI_CINIT_Base                
00006388  __TI_CINIT_Limit               
00006360  __TI_Handler_Table_Base        
0000636c  __TI_Handler_Table_Limit       
00005c95  __TI_auto_init_nobinit_nopinit 
00005d8d  __TI_cleanup                   
20003f70  __TI_cleanup_ptr               
000057ed  __TI_closefile                 
000059a5  __TI_decompress_lzss           
00005f9f  __TI_decompress_none           
00005b79  __TI_doflush                   
20003f74  __TI_dtors_ptr                 
20003f78  __TI_enable_exit_profile_output
20003f50  __TI_ft_end                    
ffffffff  __TI_pprof_out_hndl            
ffffffff  __TI_prof_data_size            
ffffffff  __TI_prof_data_start           
00005dc1  __TI_readmsg                   
00000000  __TI_static_base__             
200036c0  __TI_tmpnams                   
00005d1d  __TI_writemsg                  
00005fbb  __TI_zero_init                 
000056f9  __aeabi_memclr                 
000056f9  __aeabi_memclr4                
000056f9  __aeabi_memclr8                
000055e1  __aeabi_memcpy                 
000055e1  __aeabi_memcpy4                
000055e1  __aeabi_memcpy8                
000056fb  __aeabi_memset                 
000056fb  __aeabi_memset4                
000056fb  __aeabi_memset8                
20003f5c  __aeabi_stderr                 
20003f54  __aeabi_stdin                  
20003f58  __aeabi_stdout                 
ffffffff  __binit__                      
ffffffff  __c_args__                     
UNDEFED   __mpu_init                     
2000fe00  __stack                        
20000000  __start___llvm_prf_cnts        
20000000  __stop___llvm_prf_cnts         
00005df5  _c_int00_noargs                
20003db0  _device                        
20003cc0  _ftable                        
20003fa4  _lock                          
00005773  _nop                           
20003e28  _stream                        
200038c0  _sys_memory                    
UNDEFED   _system_post_cinit             
00005fcf  _system_pre_init               
20003fa8  _unlock                        
00005fd3  abort                          
000053e5  add_device                     
00004eb1  aligned_alloc                  
ffffffff  binit                          
20003000  buffer                         
00005a6d  close                          
000047d9  delay                          
00005bc5  exit                           
20003890  fcserr                         
000035e5  ferror                         
000035cb  fgetc                          
00005e5d  finddevice                     
00005545  fopen                          
000050a9  free                           
00005e29  freopen                        
00005cd9  getdevice                      
00000000  interruptVectors               
00002cad  main                           
00005fc7  malloc                         
00004eb1  memalign                       
000055e1  memcpy                         
00005701  memset                         
20003894  nc                             
20003898  nl                             
2000389c  nr                             
00005329  open                           
0000350d  outnibble                      
20003838  parmbuf                        
00005e8d  remove                         
200038a0  rotation                       
0000518d  setvbuf                        
0000010f  ssd1306_Testcommandwrite       
0000013b  ssd1306_command                
0000014b  ssd1306_command1               
0000015b  ssd1306_commandList            
00005f61  strchr                         
00005f49  strcmp                         
00005f77  strcpy                         
00005f8b  strlen                         
00005d55  strncpy                        
0000489d  ta3dummy                       
20003fc0  time                           
200038a4  u1                             
200038a8  u2                             
200038ac  u3                             
0000360b  uart_close                     
00003689  uart_lseek                     
000035fb  uart_open                      
00003617  uart_read                      
000036a5  uart_rename                    
00003699  uart_unlink                    
00003647  uart_write                     
00005e8d  unlink                         
200038b0  vccstate                       
00005ee1  write                          
20000000  x                              
20001000  x2                             
20002000  x3                             


GLOBAL SYMBOLS: SORTED BY Symbol Address 

address   name                           
-------   ----                           
00000000  __TI_static_base__             
00000000  interruptVectors               
0000010f  ssd1306_Testcommandwrite       
0000013b  ssd1306_command                
0000014b  ssd1306_command1               
0000015b  ssd1306_commandList            
00000183  SSD1306_Init                   
00000200  __STACK_SIZE                   
00000289  SSD1306_DrawPixel              
00000400  __SYSMEM_SIZE                  
00000409  SSD1306_DrawChar               
000004bd  SSD1306_DrawString             
00000509  SSD1306_ClearBuffer            
00000549  SSD1306_Clear                  
0000059d  SSD1306_DrawFullImage          
00000601  SSD1306_PrintBMP               
000007e1  SSD1306_DrawFastHLine          
000008f3  SSD1306_drawFastHLineInternal  
00000a05  SSD1306_DrawFastVLine          
00000b1d  SSD1306_drawFastVLineInternal  
00000d1d  SSD1306_GetPixel               
00000e1b  SSD1306_GetBuffer              
00000e1f  SSD1306_DisplayBuffer          
00000e59  SSD1306_startscrollright       
00000e8b  SSD1306_startscrollleft        
00000ec1  SSD1306_startscrolldiagright   
00000f05  SSD1306_startscrolldiagleft    
00000f45  SSD1306_stopscroll             
00000f4f  SSD1306_InvertDisplay          
00000f65  SSD1306_Dim                    
00000f97  SSD1306_SetCursor              
00001011  SSD1306_OutChar                
00001137  SSD1306_OutString              
00001191  SSD1306_OutUDec                
00001375  SSD1306_OutSDec                
000015ab  SSD1306_OutUFix1               
00001639  SSD1306_OutSFix1               
00001727  SSD1306_OutHex7                
0000175d  SSD1306_OutUHex7               
00001785  SSD1306_OutUDec16              
0000181d  SSD1306_OutUDec2               
0000187d  AP_Reset                       
000018a5  AP_Init                        
0000198b  AP_GetSize                     
000019b5  AP_EchoSendMessage             
00001a21  AP_EchoReceived                
00001aa9  AP_SendMessage                 
00001c45  AP_RecvMessage                 
00001e21  AP_RecvStatus                  
00001e2f  AP_SendMessageResponse         
00001e6f  AP_GetNotifyCCCD               
00001e85  AP_AddService                  
00001ebd  AP_RegisterService             
00001edd  AP_AddCharacteristic           
00002099  AP_AddNotifyCharacteristic     
000022c5  AP_SendNotification            
000023c5  AP_StartAdvertisement          
00002419  AP_StartAdvertisementJacki     
00002481  AP_GetStatus                   
000024b9  AP_GetVersion                  
000025ad  AP_BackgroundProcess           
00002891  TestMotor                      
000028bd  OutValue                       
000028d1  ReadCommand                    
000028df  ReadJackiBumpSensor            
000028f5  RunJacki                       
000029db  WriteCommand                   
000029ed  ReadJackiSpeed                 
000029fb  WriteJackiSpeed                
00002a0d  Button1                        
00002a1f  Button2                        
00002a31  BLE_Init                       
00002b09  IRsampling                     
00002cad  main                           
00003061  UART0_Init                     
000030a7  UART0_InChar                   
000030b7  UART0_OutChar                  
000030d3  UART0_OutString                
000030f1  UART0_InUDec                   
00003175  UART0_OutUDec                  
000031a5  UART0_OutSDec                  
00003319  UART0_OutUDec4                 
00003361  UART0_OutUDec5                 
00003393  UART0_OutUFix1                 
000033bb  UART0_OutUFix2                 
00003405  UART0_InUHex                   
000034c9  UART0_OutUHex                  
0000350d  outnibble                      
00003535  UART0_OutUHex2                 
00003551  UART0_InString                 
000035cb  fgetc                          
000035e5  ferror                         
000035fb  uart_open                      
0000360b  uart_close                     
00003617  uart_read                      
00003647  uart_write                     
00003689  uart_lseek                     
00003699  uart_unlink                    
000036a5  uart_rename                    
000036b3  UART0_Initprintf               
00003741  ADC0_InitSWTriggerCh6          
00003791  ADC_In6                        
000037b1  ADC0_InitSWTriggerCh67         
00003807  ADC_In67                       
0000383d  ADC0_InitSWTriggerCh14         
0000388d  ADC_In14                       
000038ad  ADC0_InitSWTriggerCh17_14_16   
0000391d  ADC_In17_14_16                 
0000395d  ADC0_InitSWTriggerCh21_22_23   
000039b9  ADC_In21_22_23                 
000039f9  ADC0_InitSWTriggerCh12         
00003a49  ADC_In12                       
00003a69  ADC0_InitSWTriggerCh19         
00003ab9  ADC_In19                       
00003af9  ADC0_InitSWTriggerCh23         
00003b55  ADC_In23                       
00003bd1  PWM_Init1                      
00003c37  PWM_Init12                     
00003cbb  PWM_Duty1                      
00003cdb  PWM_Duty2                      
00003cfb  PWM_Init34                     
00003d7f  PWM_Duty3                      
00003d9f  PWM_Duty4                      
00003dbf  PWM_RobotArmInit               
00003ee7  PWM_RobotArmDuty0              
00003f07  PWM_RobotArmGetDuty0           
00003f0d  PWM_RobotArmDuty1              
00003f2d  PWM_RobotArmGetDuty1           
00003f33  PWM_RobotArmDuty2              
00003f53  PWM_RobotArmGetDuty2           
00003ff1  LPF_Init_old                   
00004045  LPF_Calc_old                   
000040a7  LPF_Init                       
00004105  LPF_Calc                       
00004159  LPF_Init2                      
000041ad  LPF_Calc2                      
0000420f  LPF_Init3                      
00004271  LPF_Calc3                      
000042d9  Median                         
00004391  SystemCoreClockUpdate          
00004605  SystemInit                     
000046bd  Clock_Init48MHz                
000047d3  Clock_GetFreq                  
000047d9  delay                          
000047e7  Clock_Delay1us                 
00004811  Clock_Delay1ms                 
0000489d  ta3dummy                       
000048a9  TimerA3Capture_Init01          
00004929  TA3_0_IRQHandler               
00004929  TA3_0_IRQHandler               
00004943  TA3_N_IRQHandler               
00004943  TA3_N_IRQHandler               
00004983  TimerA3Capture_Init02          
00004a71  RxFifo_Init                    
00004a83  RxFifo_Put                     
00004ac9  RxFifo_Get                     
00004aff  UART1_InStatus                 
00004b0f  UART1_Init                     
00004b6b  UART1_InChar                   
00004b7d  UART1_OutChar                  
00004b99  EUSCIA2_IRQHandler             
00004b99  EUSCIA2_IRQHandler             
00004baf  UART1_OutString                
00004bcd  UART1_FinishOutput             
00004c15  Motor_Init                     
00004c67  Motor_Stop                     
00004c7b  Motor_Forward                  
00004cb7  Motor_Right                    
00004cfd  Motor_Left                     
00004d43  Motor_Backward                 
00004eb1  aligned_alloc                  
00004eb1  memalign                       
00004fb1  LaunchPad_Init                 
00005021  LaunchPad_Input                
0000503f  LaunchPad_LED                  
0000505d  LaunchPad_Output               
000050a9  free                           
0000518d  setvbuf                        
00005269  GPIO_Init                      
00005329  open                           
000053e5  add_device                     
0000549d  TimerA1_Init                   
000054fb  TimerA1_Stop                   
0000550f  TA1_0_IRQHandler               
0000550f  TA1_0_IRQHandler               
00005545  fopen                          
000055e1  __aeabi_memcpy                 
000055e1  __aeabi_memcpy4                
000055e1  __aeabi_memcpy8                
000055e1  memcpy                         
0000567d  LeftConvert                    
000056a5  CenterConvert                  
000056cd  RightConvert                   
000056f9  __aeabi_memclr                 
000056f9  __aeabi_memclr4                
000056f9  __aeabi_memclr8                
000056fb  __aeabi_memset                 
000056fb  __aeabi_memset4                
000056fb  __aeabi_memset8                
00005701  memset                         
00005773  _nop                           
00005775  Bump_Init                      
000057a9  Bump_Read                      
000057ed  __TI_closefile                 
000058d1  HOSTrename                     
0000593d  HOSTlseek                      
000059a5  __TI_decompress_lzss           
00005a0d  HOSTopen                       
00005a6d  close                          
00005ac9  HOSTread                       
00005b21  HOSTwrite                      
00005b79  __TI_doflush                   
00005bc5  exit                           
00005c0d  HOSTclose                      
00005c51  HOSTunlink                     
00005c95  __TI_auto_init_nobinit_nopinit 
00005cd9  getdevice                      
00005d1d  __TI_writemsg                  
00005d4b  C$$IO$$                        
00005d55  strncpy                        
00005d8d  __TI_cleanup                   
00005dc1  __TI_readmsg                   
00005df5  _c_int00_noargs                
00005e29  freopen                        
00005e5d  finddevice                     
00005e8d  remove                         
00005e8d  unlink                         
00005ee1  write                          
00005f09  DisableInterrupts              
00005f0f  EnableInterrupts               
00005f15  StartCritical                  
00005f1f  EndCritical                    
00005f27  WaitForInterrupt               
00005f49  strcmp                         
00005f61  strchr                         
00005f77  strcpy                         
00005f8b  strlen                         
00005f9f  __TI_decompress_none           
00005fad  Reset_Handler                  
00005fb9  ADC14_IRQHandler               
00005fb9  AES256_IRQHandler              
00005fb9  BusFault_Handler               
00005fb9  COMP_E0_IRQHandler             
00005fb9  COMP_E1_IRQHandler             
00005fb9  CS_IRQHandler                  
00005fb9  DMA_ERR_IRQHandler             
00005fb9  DMA_INT0_IRQHandler            
00005fb9  DMA_INT1_IRQHandler            
00005fb9  DMA_INT2_IRQHandler            
00005fb9  DMA_INT3_IRQHandler            
00005fb9  DebugMon_Handler               
00005fb9  Default_Handler                
00005fb9  EUSCIA0_IRQHandler             
00005fb9  EUSCIA1_IRQHandler             
00005fb9  EUSCIA3_IRQHandler             
00005fb9  EUSCIB0_IRQHandler             
00005fb9  EUSCIB1_IRQHandler             
00005fb9  EUSCIB2_IRQHandler             
00005fb9  EUSCIB3_IRQHandler             
00005fb9  FLCTL_IRQHandler               
00005fb9  FPU_IRQHandler                 
00005fb9  HardFault_Handler              
00005fb9  MemManage_Handler              
00005fb9  NMI_Handler                    
00005fb9  PCM_IRQHandler                 
00005fb9  PORT1_IRQHandler               
00005fb9  PORT2_IRQHandler               
00005fb9  PORT3_IRQHandler               
00005fb9  PORT4_IRQHandler               
00005fb9  PORT5_IRQHandler               
00005fb9  PORT6_IRQHandler               
00005fb9  PSS_IRQHandler                 
00005fb9  PendSV_Handler                 
00005fb9  RTC_C_IRQHandler               
00005fb9  SVC_Handler                    
00005fb9  SysTick_Handler                
00005fb9  T32_INT1_IRQHandler            
00005fb9  T32_INT2_IRQHandler            
00005fb9  T32_INTC_IRQHandler            
00005fb9  TA0_0_IRQHandler               
00005fb9  TA0_N_IRQHandler               
00005fb9  TA1_N_IRQHandler               
00005fb9  TA2_0_IRQHandler               
00005fb9  TA2_N_IRQHandler               
00005fb9  UsageFault_Handler             
00005fb9  WDT_A_IRQHandler               
00005fbb  __TI_zero_init                 
00005fc7  malloc                         
00005fcf  _system_pre_init               
00005fd3  C$$EXIT                        
00005fd3  abort                          
000061b6  NPI_StartAdvertisement         
000061ca  NPI_SetAdvertisement1          
000061db  HCI_EXT_ResetSystemCmd         
000061f4  NPI_GetStatus                  
000061fa  NPI_GetVersion                 
00006200  NPI_Register                   
00006360  __TI_Handler_Table_Base        
0000636c  __TI_Handler_Table_Limit       
00006378  __TI_CINIT_Base                
00006388  __TI_CINIT_Limit               
20000000  __start___llvm_prf_cnts        
20000000  __stop___llvm_prf_cnts         
20000000  x                              
20001000  x2                             
20002000  x3                             
20003000  buffer                         
20003400  __CIOBUF_                      
20003520  RxFIFO                         
20003620  CharacteristicList             
200036c0  __TI_tmpnams                   
20003760  RecvBuf                        
200037e0  NotifyCharacteristicList       
20003830  Messageb                       
20003838  parmbuf                        
20003840  ADCflag                        
20003844  Center                         
20003848  I1                             
2000384c  LPFSum                         
20003850  LPFSum2                        
20003854  LPFSum3                        
20003858  Left                           
2000385c  Messageindexb                  
20003860  NoSOFErr                       
20003864  Pt                             
20003868  Pt2                            
2000386c  Pt3                            
20003870  Right                          
20003874  RxFifoLost                     
20003878  RxGetI                         
2000387c  RxPutI                         
20003880  Size                           
20003884  Switch2                        
20003888  TimeOutErr                     
2000388c  TimerA1Task                    
20003890  fcserr                         
20003894  nc                             
20003898  nl                             
2000389c  nr                             
200038a0  rotation                       
200038a4  u1                             
200038a8  u2                             
200038ac  u3                             
200038b0  vccstate                       
200038b4  StartX                         
200038b6  StartY                         
200038b8  Switch1                        
200038c0  _sys_memory                    
20003cc0  _ftable                        
20003db0  _device                        
20003e28  _stream                        
20003e78  NPI_SetAdvertisementData       
20003e9d  NPI_AddCharDescriptor          
20003ebd  NPI_SetAdvertisementDataJacki  
20003edb  NPI_GATTSetDeviceName          
20003ef8  ClockFrequency                 
20003efc  Prewait                        
20003f00  CPMwait                        
20003f04  Postwait                       
20003f08  IFlags                         
20003f0c  Crystalstable                  
20003f10  NPI_GATTSetDeviceNameJacki     
20003f25  NPI_ReadConfirmation           
20003f3a  NPI_SendNotificationIndication 
20003f50  __TI_ft_end                    
20003f54  __aeabi_stdin                  
20003f58  __aeabi_stdout                 
20003f5c  __aeabi_stderr                 
20003f60  NPI_AddCharValue               
20003f70  __TI_cleanup_ptr               
20003f74  __TI_dtors_ptr                 
20003f78  __TI_enable_exit_profile_output
20003f7c  CaptureTask0                   
20003f80  CaptureTask1                   
20003f84  CaptureTask2                   
20003f88  NPI_AddService                 
20003f91  NPI_CCCDUpdatedConfirmation    
20003f9a  NPI_WriteConfirmation          
20003fa4  _lock                          
20003fa8  _unlock                        
20003fb4  CharacteristicCount            
20003fb8  NotifyCharacteristicCount      
20003fbc  JackiCommand                   
20003fbd  JackiBumpSensor                
20003fbe  JackiSpeed                     
20003fc0  time                           
20003fc4  CurrentX                       
20003fc6  CurrentY                       
20003fd4  SystemCoreClock                
2000fe00  __stack                        
20010000  __STACK_END                    
4000480c  WDTCTL_SYM                     
ffffffff  __TI_pprof_out_hndl            
ffffffff  __TI_prof_data_size            
ffffffff  __TI_prof_data_start           
ffffffff  __binit__                      
ffffffff  __c_args__                     
ffffffff  binit                          
UNDEFED   __mpu_init                     
UNDEFED   _system_post_cinit             

[400 symbols]
