******************************************************************************
                  TI ARM Linker PC v20.2.5                     
******************************************************************************
>> Linked Fri Feb 11 12:33:57 2022

OUTPUT FILE NAME:   <ADCSWTrigger.out>
ENTRY POINT SYMBOL: "_c_int00_noargs"  address: 00002329


MEMORY CONFIGURATION

         name            origin    length      used     unused   attr    fill
----------------------  --------  ---------  --------  --------  ----  --------
  MAIN                  00000000   00040000  000025a2  0003da5e  R  X
  INFO                  00200000   00004000  00000000  00004000  R  X
  SRAM_CODE             01000000   00010000  00002c08  0000d3f8  RW X
  SRAM_DATA             20000000   00010000  00002c08  0000d3f8  RW  


SEGMENT ALLOCATION MAP

run origin  load origin   length   init length attrs members
----------  ----------- ---------- ----------- ----- -------
00000000    00000000    000025a8   000025a8    r-x
  00000000    00000000    000000e4   000000e4    r-- .intvecs
  000000e4    000000e4    00002426   00002426    r-x .text
  00002510    00002510    00000098   00000098    r-- .cinit
20000000    20000000    00002a0c   00000000    rw-
  20000000    20000000    000023fc   00000000    rw- .bss
  20002400    20002400    00000400   00000000    rw- .sysmem
  20002800    20002800    0000020c   00000000    rw- .data
2000fe00    2000fe00    00000200   00000000    rw-
  2000fe00    2000fe00    00000200   00000000    rw- .stack


SECTION ALLOCATION MAP

 output                                  attributes/
section   page    origin      length       input sections
--------  ----  ----------  ----------   ----------------
.intvecs   0    00000000    000000e4     
                  00000000    000000e4     startup_msp432p401r_ccs.obj (.intvecs:retain)

.text      0    000000e4    00002426     
                  000000e4    000006e0     UART0.obj (.text)
                  000007c4    0000059c     ADCSWTriggermain.obj (.text)
                  00000d60    0000032c     system_msp432p401r.obj (.text)
                  0000108c    00000284     ADC14.obj (.text)
                  00001310    000001e0     Clock.obj (.text)
                  000014f0    00000110     rtsv7M4_T_le_v4SPD16_eabi.lib : fopen.c.obj (.text:_openfile)
                  00001600    00000100                                   : memory.c.obj (.text:aligned_alloc)
                  00001700    000000f8     LaunchPad.obj (.text)
                  000017f8    000000e4     rtsv7M4_T_le_v4SPD16_eabi.lib : memory.c.obj (.text:free)
                  000018dc    000000dc                                   : setvbuf.c.obj (.text:setvbuf)
                  000019b8    000000bc                                   : open.c.obj (.text:open)
                  00001a74    000000b8                                   : add_device.c.obj (.text:add_device)
                  00001b2c    0000009c                                   : fopen.c.obj (.text:fopen)
                  00001bc8    0000009c                                   : memcpy_t2.asm.obj (.text)
                  00001c64    0000007a                                   : memset_t2.asm.obj (.text)
                  00001cde    00000002                                   : _lock.c.obj (.text:_nop)
                  00001ce0    00000074                                   : fclose.c.obj (.text:__TI_closefile)
                  00001d54    00000070                                   : memory.c.obj (.text:split)
                  00001dc4    0000006c                                   : hostrename.c.obj (.text:HOSTrename)
                  00001e30    00000068                                   : hostlseek.c.obj (.text:HOSTlseek)
                  00001e98    00000068                                   : copy_decompress_lzss.c.obj (.text:decompress:lzss:__TI_decompress_lzss)
                  00001f00    00000060                                   : hostopen.c.obj (.text:HOSTopen)
                  00001f60    0000005c                                   : close.c.obj (.text:close)
                  00001fbc    00000058                                   : hostread.c.obj (.text:HOSTread)
                  00002014    00000058                                   : hostwrite.c.obj (.text:HOSTwrite)
                  0000206c    0000004c                                   : fflush.c.obj (.text:__TI_doflush)
                  000020b8    00000048                                   : exit.c.obj (.text:exit)
                  00002100    00000044                                   : hostclose.c.obj (.text:HOSTclose)
                  00002144    00000044                                   : hostunlink.c.obj (.text:HOSTunlink)
                  00002188    00000044                                   : autoinit.c.obj (.text:__TI_auto_init_nobinit_nopinit:__TI_auto_init_nobinit_nopinit)
                  000021cc    00000044                                   : getdevice.c.obj (.text:getdevice)
                  00002210    00000040     SysTickInts.obj (.text)
                  00002250    00000038     rtsv7M4_T_le_v4SPD16_eabi.lib : trgmsg.c.obj (.text:__TI_writemsg)
                  00002288    00000036                                   : strncpy.c.obj (.text:strncpy)
                  000022be    00000002     --HOLE-- [fill = 0]
                  000022c0    00000034                                   : fopen.c.obj (.text:__TI_cleanup)
                  000022f4    00000034                                   : trgmsg.c.obj (.text:__TI_readmsg)
                  00002328    00000034                                   : boot_cortex_m.c.obj (.text:_c_int00_noargs:_c_int00_noargs)
                  0000235c    00000034                                   : fopen.c.obj (.text:freopen)
                  00002390    00000030                                   : getdevice.c.obj (.text:finddevice)
                  000023c0    0000002c                                   : unlink.c.obj (.text:unlink)
                  000023ec    00000028                                   : memory.c.obj (.text:free_list_insert)
                  00002414    00000028                                   : write.c.obj (.text:write)
                  0000243c    00000024     CortexM.obj (.text)
                  00002460    0000001c     rtsv7M4_T_le_v4SPD16_eabi.lib : memory.c.obj (.text:free_list_remove)
                  0000247c    00000018                                   : strcmp.c.obj (.text:strcmp)
                  00002494    00000016                                   : strchr.c.obj (.text:strchr)
                  000024aa    00000014                                   : strcpy.c.obj (.text:strcpy)
                  000024be    00000014                                   : strlen.c.obj (.text:strlen)
                  000024d2    0000000e                                   : copy_decompress_none.c.obj (.text:decompress:none:__TI_decompress_none)
                  000024e0    0000000e     startup_msp432p401r_ccs.obj (.text)
                  000024ee    0000000c     rtsv7M4_T_le_v4SPD16_eabi.lib : copy_zero_init.c.obj (.text:decompress:ZI:__TI_zero_init)
                  000024fa    00000008                                   : memory.c.obj (.text:malloc)
                  00002502    00000004                                   : pre_init.c.obj (.text:_system_pre_init)
                  00002506    00000004                                   : exit.c.obj (.text:abort:abort)

.cinit     0    00002510    00000098     
                  00002510    0000006e     (.cinit..data.load) [load image, compression = lzss]
                  0000257e    00000002     --HOLE-- [fill = 0]
                  00002580    0000000c     (__TI_handler_table)
                  0000258c    00000004     --HOLE-- [fill = 0]
                  00002590    00000008     (.cinit..bss.load) [load image, compression = zero_init]
                  00002598    00000010     (__TI_cinit_table)

.init_array 
*          0    00000000    00000000     UNINITIALIZED

.binit     0    00000000    00000000     

.bss       0    20000000    000023fc     UNINITIALIZED
                  20000000    00001000     (.common:Data)
                  20001000    00001000     (.common:x)
                  20002000    00000200     (.common:Histogram)
                  20002200    00000120     rtsv7M4_T_le_v4SPD16_eabi.lib : trgmsg.c.obj (.bss:_CIOBUF_)
                  20002320    000000a0     (.common:__TI_tmpnams)
                  200023c0    00000008     (.common:Messageb)
                  200023c8    00000008     (.common:parmbuf)
                  200023d0    00000004     (.common:ADCflag)
                  200023d4    00000004     (.common:ADCvalue)
                  200023d8    00000004     (.common:Average)
                  200023dc    00000004     (.common:LPFSum)
                  200023e0    00000004     (.common:Messageindexb)
                  200023e4    00000004     (.common:Pt)
                  200023e8    00000004     (.common:Sigma)
                  200023ec    00000004     (.common:Size)
                  200023f0    00000004     (.common:Sum)
                  200023f4    00000004     (.common:Sum2)
                  200023f8    00000004     (.common:Variance)

.sysmem    0    20002400    00000400     UNINITIALIZED
                  20002400    00000010     rtsv7M4_T_le_v4SPD16_eabi.lib : memory.c.obj (.sysmem)
                  20002410    000003f0     --HOLE--

.data      0    20002800    0000020c     UNINITIALIZED
                  20002800    000000f0     rtsv7M4_T_le_v4SPD16_eabi.lib : defs.c.obj (.data:_ftable)
                  200028f0    00000078                                   : host_device.c.obj (.data:_device)
                  20002968    00000050                                   : host_device.c.obj (.data:_stream)
                  200029b8    00000018     Clock.obj (.data)
                  200029d0    00000010     rtsv7M4_T_le_v4SPD16_eabi.lib : defs.c.obj (.data)
                  200029e0    0000000c                                   : exit.c.obj (.data:$O1$$)
                  200029ec    00000008                                   : _lock.c.obj (.data:$O1$$)
                  200029f4    00000008                                   : memory.c.obj (.data:$O1$$)
                  200029fc    00000004                                   : add_device.c.obj (.data)
                  20002a00    00000004                                   : fopen.c.obj (.data)
                  20002a04    00000004                                   : open.c.obj (.data)
                  20002a08    00000004     system_msp432p401r.obj (.data)

.stack     0    2000fe00    00000200     UNINITIALIZED
                  2000fe00    00000004     rtsv7M4_T_le_v4SPD16_eabi.lib : boot_cortex_m.c.obj (.stack)
                  2000fe04    000001fc     --HOLE--

__llvm_prf_cnts 
*          0    20000000    00000000     UNINITIALIZED

MODULE SUMMARY

       Module                        code   ro data   rw data
       ------                        ----   -------   -------
    ..\
       UART0.obj                     1760   0         24     
    +--+-----------------------------+------+---------+---------+
       Total:                        1760   0         24     
                                                             
    .\
       ADCSWTriggermain.obj          1436   0         17488  
       system_msp432p401r.obj        812    0         8      
       ADC14.obj                     644    0         0      
       Clock.obj                     480    0         48     
       LaunchPad.obj                 248    0         0      
       startup_msp432p401r_ccs.obj   14     228       0      
       SysTickInts.obj               64     0         0      
       CortexM.obj                   36     0         0      
    +--+-----------------------------+------+---------+---------+
       Total:                        3734   228       17544  
                                                             
    C:\ti\ccs1110\ccs\tools\compiler\ti-cgt-arm_20.2.5.LTS\lib\rtsv7M4_T_le_v4SPD16_eabi.lib
       defs.c.obj                    0      0         832    
       memory.c.obj                  672    0         16     
       trgmsg.c.obj                  108    0         576    
       fopen.c.obj                   532    0         8      
       host_device.c.obj             0      0         400    
       setvbuf.c.obj                 220    0         0      
       open.c.obj                    188    0         8      
       add_device.c.obj              184    0         8      
       memcpy_t2.asm.obj             156    0         0      
       memset_t2.asm.obj             122    0         0      
       fclose.c.obj                  116    0         0      
       getdevice.c.obj               116    0         0      
       hostopen.c.obj                96     0         16     
       hostrename.c.obj              108    0         0      
       copy_decompress_lzss.c.obj    104    0         0      
       hostlseek.c.obj               104    0         0      
       exit.c.obj                    76     0         24     
       close.c.obj                   92     0         0      
       hostread.c.obj                88     0         0      
       hostwrite.c.obj               88     0         0      
       fflush.c.obj                  76     0         0      
       autoinit.c.obj                68     0         0      
       hostclose.c.obj               68     0         0      
       hostunlink.c.obj              68     0         0      
       strncpy.c.obj                 54     0         0      
       boot_cortex_m.c.obj           52     0         0      
       unlink.c.obj                  44     0         0      
       write.c.obj                   40     0         0      
       strcmp.c.obj                  24     0         0      
       strchr.c.obj                  22     0         0      
       strcpy.c.obj                  20     0         0      
       strlen.c.obj                  20     0         0      
       _lock.c.obj                   2      0         16     
       copy_decompress_none.c.obj    14     0         0      
       copy_zero_init.c.obj          12     0         0      
       pre_init.c.obj                4      0         0      
    +--+-----------------------------+------+---------+---------+
       Total:                        3758   0         1904   
                                                             
       Heap:                         0      0         2048   
       Stack:                        0      0         1024   
       Linker Generated:             0      146       0      
    +--+-----------------------------+------+---------+---------+
       Grand Total:                  9252   374       22544  


LINKER GENERATED COPY TABLES

__TI_cinit_table @ 00002598 records: 2, size/record: 8, table size: 16
	.data: load addr=00002510, load size=0000006e bytes, run addr=20002800, run size=0000020c bytes, compression=lzss
	.bss: load addr=00002590, load size=00000008 bytes, run addr=20000000, run size=000023fc bytes, compression=zero_init


LINKER GENERATED HANDLER TABLE

__TI_handler_table @ 00002580 records: 3, size/record: 4, table size: 12
	index: 0, handler: __TI_decompress_lzss
	index: 1, handler: __TI_decompress_none
	index: 2, handler: __TI_zero_init


GLOBAL SYMBOLS: SORTED ALPHABETICALLY BY Name 

address   name                           
-------   ----                           
0000123b  ADC0_InitSWTriggerCh12         
00001189  ADC0_InitSWTriggerCh14         
0000118f  ADC0_InitSWTriggerCh17_14_16   
00001241  ADC0_InitSWTriggerCh19         
0000119f  ADC0_InitSWTriggerCh21_22_23   
000012b1  ADC0_InitSWTriggerCh23         
0000108d  ADC0_InitSWTriggerCh6          
000010fd  ADC0_InitSWTriggerCh67         
000024ed  ADC14_IRQHandler               
0000123d  ADC_In12                       
0000118b  ADC_In14                       
00001191  ADC_In17_14_16                 
00001291  ADC_In19                       
000011fb  ADC_In21_22_23                 
000012b3  ADC_In23                       
000010dd  ADC_In6                        
00001153  ADC_In67                       
200023d0  ADCflag                        
200023d4  ADCvalue                       
000024ed  AES256_IRQHandler              
200023d8  Average                        
000024ed  BusFault_Handler               
00002507  C$$EXIT                        
0000227f  C$$IO$$                        
000024ed  COMP_E0_IRQHandler             
000024ed  COMP_E1_IRQHandler             
200029c0  CPMwait                        
000024ed  CS_IRQHandler                  
200029b8  ClockFrequency                 
00001465  Clock_Delay1ms                 
0000143b  Clock_Delay1us                 
00001427  Clock_GetFreq                  
00001311  Clock_Init48MHz                
200029cc  Crystalstable                  
000024ed  DMA_ERR_IRQHandler             
000024ed  DMA_INT0_IRQHandler            
000024ed  DMA_INT1_IRQHandler            
000024ed  DMA_INT2_IRQHandler            
000024ed  DMA_INT3_IRQHandler            
20000000  Data                           
000024ed  DebugMon_Handler               
000024ed  Default_Handler                
0000243d  DisableInterrupts              
000024ed  EUSCIA0_IRQHandler             
000024ed  EUSCIA1_IRQHandler             
000024ed  EUSCIA2_IRQHandler             
000024ed  EUSCIA3_IRQHandler             
000024ed  EUSCIB0_IRQHandler             
000024ed  EUSCIB1_IRQHandler             
000024ed  EUSCIB2_IRQHandler             
000024ed  EUSCIB3_IRQHandler             
00002443  EnableInterrupts               
00002453  EndCritical                    
000024ed  FLCTL_IRQHandler               
000024ed  FPU_IRQHandler                 
00002101  HOSTclose                      
00001e31  HOSTlseek                      
00001f01  HOSTopen                       
00001fbd  HOSTread                       
00001dc5  HOSTrename                     
00002145  HOSTunlink                     
00002015  HOSTwrite                      
000024ed  HardFault_Handler              
20002000  Histogram                      
200029c8  IFlags                         
200023dc  LPFSum                         
00000819  LPF_Calc                       
000007c5  LPF_Init                       
00001701  LaunchPad_Init                 
00001771  LaunchPad_Input                
0000178f  LaunchPad_LED                  
000017ad  LaunchPad_Output               
000024ed  MemManage_Handler              
200023c0  Messageb                       
200023e0  Messageindexb                  
000024ed  NMI_Handler                    
000024ed  PCM_IRQHandler                 
000024ed  PORT1_IRQHandler               
000024ed  PORT2_IRQHandler               
000024ed  PORT3_IRQHandler               
000024ed  PORT4_IRQHandler               
000024ed  PORT5_IRQHandler               
000024ed  PORT6_IRQHandler               
000024ed  PSS_IRQHandler                 
000024ed  PendSV_Handler                 
200029c4  Postwait                       
200029bc  Prewait                        
200023e4  Pt                             
000024ed  RTC_C_IRQHandler               
000024e1  Reset_Handler                  
000024ed  SVC_Handler                    
200023e8  Sigma                          
200023ec  Size                           
00002449  StartCritical                  
200023f0  Sum                            
200023f4  Sum2                           
0000087b  SysTick_Handler                
0000087b  SysTick_Handler                
00002211  SysTick_Init                   
20002a08  SystemCoreClock                
00000d61  SystemCoreClockUpdate          
00000fd5  SystemInit                     
000024ed  T32_INT1_IRQHandler            
000024ed  T32_INT2_IRQHandler            
000024ed  T32_INTC_IRQHandler            
000024ed  TA0_0_IRQHandler               
000024ed  TA0_N_IRQHandler               
000024ed  TA1_0_IRQHandler               
000024ed  TA1_N_IRQHandler               
000024ed  TA2_0_IRQHandler               
000024ed  TA2_N_IRQHandler               
000024ed  TA3_0_IRQHandler               
000024ed  TA3_N_IRQHandler               
0000012b  UART0_InChar                   
000005d5  UART0_InString                 
00000175  UART0_InUDec                   
00000489  UART0_InUHex                   
000000e5  UART0_Init                     
00000737  UART0_Initprintf               
0000013b  UART0_OutChar                  
00000229  UART0_OutSDec                  
00000157  UART0_OutString                
000001f9  UART0_OutUDec                  
0000039d  UART0_OutUDec4                 
000003e5  UART0_OutUDec5                 
00000417  UART0_OutUFix1                 
0000043f  UART0_OutUFix2                 
0000054d  UART0_OutUHex                  
000005b9  UART0_OutUHex2                 
000024ed  UsageFault_Handler             
200023f8  Variance                       
4000480c  WDTCTL_SYM                     
000024ed  WDT_A_IRQHandler               
0000245b  WaitForInterrupt               
20002200  __CIOBUF_                      
20010000  __STACK_END                    
00000200  __STACK_SIZE                   
00000400  __SYSMEM_SIZE                  
00002598  __TI_CINIT_Base                
000025a8  __TI_CINIT_Limit               
00002580  __TI_Handler_Table_Base        
0000258c  __TI_Handler_Table_Limit       
00002189  __TI_auto_init_nobinit_nopinit 
000022c1  __TI_cleanup                   
200029e0  __TI_cleanup_ptr               
00001ce1  __TI_closefile                 
00001e99  __TI_decompress_lzss           
000024d3  __TI_decompress_none           
0000206d  __TI_doflush                   
200029e4  __TI_dtors_ptr                 
200029e8  __TI_enable_exit_profile_output
200029d0  __TI_ft_end                    
ffffffff  __TI_pprof_out_hndl            
ffffffff  __TI_prof_data_size            
ffffffff  __TI_prof_data_start           
000022f5  __TI_readmsg                   
00000000  __TI_static_base__             
20002320  __TI_tmpnams                   
00002251  __TI_writemsg                  
000024ef  __TI_zero_init                 
00001c65  __aeabi_memclr                 
00001c65  __aeabi_memclr4                
00001c65  __aeabi_memclr8                
00001bc9  __aeabi_memcpy                 
00001bc9  __aeabi_memcpy4                
00001bc9  __aeabi_memcpy8                
00001c67  __aeabi_memset                 
00001c67  __aeabi_memset4                
00001c67  __aeabi_memset8                
200029dc  __aeabi_stderr                 
200029d4  __aeabi_stdin                  
200029d8  __aeabi_stdout                 
ffffffff  __binit__                      
ffffffff  __c_args__                     
UNDEFED   __mpu_init                     
2000fe00  __stack                        
20000000  __start___llvm_prf_cnts        
20000000  __stop___llvm_prf_cnts         
00002329  _c_int00_noargs                
200028f0  _device                        
20002800  _ftable                        
200029ec  _lock                          
00001cdf  _nop                           
20002968  _stream                        
20002400  _sys_memory                    
UNDEFED   _system_post_cinit             
00002503  _system_pre_init               
200029f0  _unlock                        
00002507  abort                          
00001a75  add_device                     
00001601  aligned_alloc                  
ffffffff  binit                          
00001f61  close                          
0000142d  delay                          
000020b9  exit                           
00000669  ferror                         
0000064f  fgetc                          
00002391  finddevice                     
00001b2d  fopen                          
000017f9  free                           
0000235d  freopen                        
000021cd  getdevice                      
00000000  interruptVectors               
00000905  main                           
000024fb  malloc                         
00001601  memalign                       
00001bc9  memcpy                         
00001c6d  memset                         
000019b9  open                           
00000591  outnibble                      
200023c8  parmbuf                        
000023c1  remove                         
000018dd  setvbuf                        
000008b3  sqrt                           
00002495  strchr                         
0000247d  strcmp                         
000024ab  strcpy                         
000024bf  strlen                         
00002289  strncpy                        
0000068f  uart_close                     
0000070d  uart_lseek                     
0000067f  uart_open                      
0000069b  uart_read                      
00000729  uart_rename                    
0000071d  uart_unlink                    
000006cb  uart_write                     
000023c1  unlink                         
00002415  write                          
20001000  x                              


GLOBAL SYMBOLS: SORTED BY Symbol Address 

address   name                           
-------   ----                           
00000000  __TI_static_base__             
00000000  interruptVectors               
000000e5  UART0_Init                     
0000012b  UART0_InChar                   
0000013b  UART0_OutChar                  
00000157  UART0_OutString                
00000175  UART0_InUDec                   
000001f9  UART0_OutUDec                  
00000200  __STACK_SIZE                   
00000229  UART0_OutSDec                  
0000039d  UART0_OutUDec4                 
000003e5  UART0_OutUDec5                 
00000400  __SYSMEM_SIZE                  
00000417  UART0_OutUFix1                 
0000043f  UART0_OutUFix2                 
00000489  UART0_InUHex                   
0000054d  UART0_OutUHex                  
00000591  outnibble                      
000005b9  UART0_OutUHex2                 
000005d5  UART0_InString                 
0000064f  fgetc                          
00000669  ferror                         
0000067f  uart_open                      
0000068f  uart_close                     
0000069b  uart_read                      
000006cb  uart_write                     
0000070d  uart_lseek                     
0000071d  uart_unlink                    
00000729  uart_rename                    
00000737  UART0_Initprintf               
000007c5  LPF_Init                       
00000819  LPF_Calc                       
0000087b  SysTick_Handler                
0000087b  SysTick_Handler                
000008b3  sqrt                           
00000905  main                           
00000d61  SystemCoreClockUpdate          
00000fd5  SystemInit                     
0000108d  ADC0_InitSWTriggerCh6          
000010dd  ADC_In6                        
000010fd  ADC0_InitSWTriggerCh67         
00001153  ADC_In67                       
00001189  ADC0_InitSWTriggerCh14         
0000118b  ADC_In14                       
0000118f  ADC0_InitSWTriggerCh17_14_16   
00001191  ADC_In17_14_16                 
0000119f  ADC0_InitSWTriggerCh21_22_23   
000011fb  ADC_In21_22_23                 
0000123b  ADC0_InitSWTriggerCh12         
0000123d  ADC_In12                       
00001241  ADC0_InitSWTriggerCh19         
00001291  ADC_In19                       
000012b1  ADC0_InitSWTriggerCh23         
000012b3  ADC_In23                       
00001311  Clock_Init48MHz                
00001427  Clock_GetFreq                  
0000142d  delay                          
0000143b  Clock_Delay1us                 
00001465  Clock_Delay1ms                 
00001601  aligned_alloc                  
00001601  memalign                       
00001701  LaunchPad_Init                 
00001771  LaunchPad_Input                
0000178f  LaunchPad_LED                  
000017ad  LaunchPad_Output               
000017f9  free                           
000018dd  setvbuf                        
000019b9  open                           
00001a75  add_device                     
00001b2d  fopen                          
00001bc9  __aeabi_memcpy                 
00001bc9  __aeabi_memcpy4                
00001bc9  __aeabi_memcpy8                
00001bc9  memcpy                         
00001c65  __aeabi_memclr                 
00001c65  __aeabi_memclr4                
00001c65  __aeabi_memclr8                
00001c67  __aeabi_memset                 
00001c67  __aeabi_memset4                
00001c67  __aeabi_memset8                
00001c6d  memset                         
00001cdf  _nop                           
00001ce1  __TI_closefile                 
00001dc5  HOSTrename                     
00001e31  HOSTlseek                      
00001e99  __TI_decompress_lzss           
00001f01  HOSTopen                       
00001f61  close                          
00001fbd  HOSTread                       
00002015  HOSTwrite                      
0000206d  __TI_doflush                   
000020b9  exit                           
00002101  HOSTclose                      
00002145  HOSTunlink                     
00002189  __TI_auto_init_nobinit_nopinit 
000021cd  getdevice                      
00002211  SysTick_Init                   
00002251  __TI_writemsg                  
0000227f  C$$IO$$                        
00002289  strncpy                        
000022c1  __TI_cleanup                   
000022f5  __TI_readmsg                   
00002329  _c_int00_noargs                
0000235d  freopen                        
00002391  finddevice                     
000023c1  remove                         
000023c1  unlink                         
00002415  write                          
0000243d  DisableInterrupts              
00002443  EnableInterrupts               
00002449  StartCritical                  
00002453  EndCritical                    
0000245b  WaitForInterrupt               
0000247d  strcmp                         
00002495  strchr                         
000024ab  strcpy                         
000024bf  strlen                         
000024d3  __TI_decompress_none           
000024e1  Reset_Handler                  
000024ed  ADC14_IRQHandler               
000024ed  AES256_IRQHandler              
000024ed  BusFault_Handler               
000024ed  COMP_E0_IRQHandler             
000024ed  COMP_E1_IRQHandler             
000024ed  CS_IRQHandler                  
000024ed  DMA_ERR_IRQHandler             
000024ed  DMA_INT0_IRQHandler            
000024ed  DMA_INT1_IRQHandler            
000024ed  DMA_INT2_IRQHandler            
000024ed  DMA_INT3_IRQHandler            
000024ed  DebugMon_Handler               
000024ed  Default_Handler                
000024ed  EUSCIA0_IRQHandler             
000024ed  EUSCIA1_IRQHandler             
000024ed  EUSCIA2_IRQHandler             
000024ed  EUSCIA3_IRQHandler             
000024ed  EUSCIB0_IRQHandler             
000024ed  EUSCIB1_IRQHandler             
000024ed  EUSCIB2_IRQHandler             
000024ed  EUSCIB3_IRQHandler             
000024ed  FLCTL_IRQHandler               
000024ed  FPU_IRQHandler                 
000024ed  HardFault_Handler              
000024ed  MemManage_Handler              
000024ed  NMI_Handler                    
000024ed  PCM_IRQHandler                 
000024ed  PORT1_IRQHandler               
000024ed  PORT2_IRQHandler               
000024ed  PORT3_IRQHandler               
000024ed  PORT4_IRQHandler               
000024ed  PORT5_IRQHandler               
000024ed  PORT6_IRQHandler               
000024ed  PSS_IRQHandler                 
000024ed  PendSV_Handler                 
000024ed  RTC_C_IRQHandler               
000024ed  SVC_Handler                    
000024ed  T32_INT1_IRQHandler            
000024ed  T32_INT2_IRQHandler            
000024ed  T32_INTC_IRQHandler            
000024ed  TA0_0_IRQHandler               
000024ed  TA0_N_IRQHandler               
000024ed  TA1_0_IRQHandler               
000024ed  TA1_N_IRQHandler               
000024ed  TA2_0_IRQHandler               
000024ed  TA2_N_IRQHandler               
000024ed  TA3_0_IRQHandler               
000024ed  TA3_N_IRQHandler               
000024ed  UsageFault_Handler             
000024ed  WDT_A_IRQHandler               
000024ef  __TI_zero_init                 
000024fb  malloc                         
00002503  _system_pre_init               
00002507  C$$EXIT                        
00002507  abort                          
00002580  __TI_Handler_Table_Base        
0000258c  __TI_Handler_Table_Limit       
00002598  __TI_CINIT_Base                
000025a8  __TI_CINIT_Limit               
20000000  Data                           
20000000  __start___llvm_prf_cnts        
20000000  __stop___llvm_prf_cnts         
20001000  x                              
20002000  Histogram                      
20002200  __CIOBUF_                      
20002320  __TI_tmpnams                   
200023c0  Messageb                       
200023c8  parmbuf                        
200023d0  ADCflag                        
200023d4  ADCvalue                       
200023d8  Average                        
200023dc  LPFSum                         
200023e0  Messageindexb                  
200023e4  Pt                             
200023e8  Sigma                          
200023ec  Size                           
200023f0  Sum                            
200023f4  Sum2                           
200023f8  Variance                       
20002400  _sys_memory                    
20002800  _ftable                        
200028f0  _device                        
20002968  _stream                        
200029b8  ClockFrequency                 
200029bc  Prewait                        
200029c0  CPMwait                        
200029c4  Postwait                       
200029c8  IFlags                         
200029cc  Crystalstable                  
200029d0  __TI_ft_end                    
200029d4  __aeabi_stdin                  
200029d8  __aeabi_stdout                 
200029dc  __aeabi_stderr                 
200029e0  __TI_cleanup_ptr               
200029e4  __TI_dtors_ptr                 
200029e8  __TI_enable_exit_profile_output
200029ec  _lock                          
200029f0  _unlock                        
20002a08  SystemCoreClock                
2000fe00  __stack                        
20010000  __STACK_END                    
4000480c  WDTCTL_SYM                     
ffffffff  __TI_pprof_out_hndl            
ffffffff  __TI_prof_data_size            
ffffffff  __TI_prof_data_start           
ffffffff  __binit__                      
ffffffff  __c_args__                     
ffffffff  binit                          
UNDEFED   __mpu_init                     
UNDEFED   _system_post_cinit             

[229 symbols]
