******************************************************************************
                  TI ARM Linker PC v20.2.5                     
******************************************************************************
>> Linked Fri Feb 11 12:34:46 2022

OUTPUT FILE NAME:   <Lab04_SoftwareDesign.out>
ENTRY POINT SYMBOL: "_c_int00_noargs"  address: 000008f9


MEMORY CONFIGURATION

         name            origin    length      used     unused   attr    fill
----------------------  --------  ---------  --------  --------  ----  --------
  MAIN                  00000000   00040000  00000a74  0003f58c  R  X
  INFO                  00200000   00004000  00000000  00004000  R  X
  SRAM_CODE             01000000   00010000  00000218  0000fde8  RW X
  SRAM_DATA             20000000   00010000  00000218  0000fde8  RW  


SEGMENT ALLOCATION MAP

run origin  load origin   length   init length attrs members
----------  ----------- ---------- ----------- ----- -------
00000000    00000000    00000a78   00000a78    r-x
  00000000    00000000    000000e4   000000e4    r-- .intvecs
  000000e4    000000e4    00000888   00000888    r-x .text
  0000096c    0000096c    000000c8   000000c8    r-- .const
  00000a38    00000a38    00000040   00000040    r-- .cinit
20000000    20000000    00000018   00000000    rw-
  20000000    20000000    00000014   00000000    rw- .data
  20000014    20000014    00000004   00000000    rw- .bss
2000fe00    2000fe00    00000200   00000000    rw-
  2000fe00    2000fe00    00000200   00000000    rw- .stack


SECTION ALLOCATION MAP

 output                                  attributes/
section   page    origin      length       input sections
--------  ----  ----------  ----------   ----------------
.intvecs   0    00000000    000000e4     
                  00000000    000000e4     startup_msp432p401r_ccs.obj (.intvecs:retain)

.text      0    000000e4    00000888     
                  000000e4    0000032c     system_msp432p401r.obj (.text)
                  00000410    000001e4     Solution.obj (.text)
                  000005f4    000001bc     Lab04_SoftwareDesignmain.obj (.text)
                  000007b0    0000009c     rtsv7M4_T_le_v4SPD16_eabi.lib : memcpy_t2.asm.obj (.text)
                  0000084c    00000068                                   : copy_decompress_lzss.c.obj (.text:decompress:lzss:__TI_decompress_lzss)
                  000008b4    00000044                                   : autoinit.c.obj (.text:__TI_auto_init_nobinit_nopinit:__TI_auto_init_nobinit_nopinit)
                  000008f8    00000034                                   : boot_cortex_m.c.obj (.text:_c_int00_noargs:_c_int00_noargs)
                  0000092c    0000001c                                   : copy_zero_init.c.obj (.text:decompress:ZI:__TI_zero_init_nomemset:__TI_zero_init_nomemset)
                  00000948    0000000e                                   : copy_decompress_none.c.obj (.text:decompress:none:__TI_decompress_none)
                  00000956    0000000e     startup_msp432p401r_ccs.obj (.text)
                  00000964    00000004     rtsv7M4_T_le_v4SPD16_eabi.lib : pre_init.c.obj (.text:_system_pre_init)
                  00000968    00000004                                   : exit.c.obj (.text:abort:abort)

.const     0    0000096c    000000c8     
                  0000096c    00000048     Lab04_SoftwareDesignmain.obj (.const:CornerCases)
                  000009b4    00000040     Lab04_SoftwareDesignmain.obj (.const:ADCBuffer)
                  000009f4    00000040     Lab04_SoftwareDesignmain.obj (.const:DistanceBuffer)

.cinit     0    00000a38    00000040     
                  00000a38    00000019     (.cinit..data.load) [load image, compression = lzss]
                  00000a51    00000003     --HOLE-- [fill = 0]
                  00000a54    0000000c     (__TI_handler_table)
                  00000a60    00000008     (.cinit..bss.load) [load image, compression = zero_init]
                  00000a68    00000010     (__TI_cinit_table)

.init_array 
*          0    00000000    00000000     UNINITIALIZED

.binit     0    00000000    00000000     

.data      0    20000000    00000014     UNINITIALIZED
                  20000000    00000010     Solution.obj (.data)
                  20000010    00000004     system_msp432p401r.obj (.data)

.bss       0    20000014    00000004     UNINITIALIZED
                  20000014    00000004     (.common:errors)

.stack     0    2000fe00    00000200     UNINITIALIZED
                  2000fe00    00000004     rtsv7M4_T_le_v4SPD16_eabi.lib : boot_cortex_m.c.obj (.stack)
                  2000fe04    000001fc     --HOLE--

__llvm_prf_cnts 
*          0    20000000    00000000     UNINITIALIZED

MODULE SUMMARY

       Module                         code   ro data   rw data
       ------                         ----   -------   -------
    ..\
       Solution.obj                   484    0         32     
    +--+------------------------------+------+---------+---------+
       Total:                         484    0         32     
                                                              
    .\
       system_msp432p401r.obj         812    0         8      
       Lab04_SoftwareDesignmain.obj   444    200       8      
       startup_msp432p401r_ccs.obj    14     228       0      
    +--+------------------------------+------+---------+---------+
       Total:                         1270   428       16     
                                                              
    C:\ti\ccs1110\ccs\tools\compiler\ti-cgt-arm_20.2.5.LTS\lib\rtsv7M4_T_le_v4SPD16_eabi.lib
       memcpy_t2.asm.obj              156    0         0      
       copy_decompress_lzss.c.obj     104    0         0      
       autoinit.c.obj                 68     0         0      
       boot_cortex_m.c.obj            52     0         0      
       copy_zero_init.c.obj           28     0         0      
       copy_decompress_none.c.obj     14     0         0      
       exit.c.obj                     4      0         0      
       pre_init.c.obj                 4      0         0      
    +--+------------------------------+------+---------+---------+
       Total:                         430    0         0      
                                                              
       Stack:                         0      0         1024   
       Linker Generated:              0      61        0      
    +--+------------------------------+------+---------+---------+
       Grand Total:                   2184   489       1072   


LINKER GENERATED COPY TABLES

__TI_cinit_table @ 00000a68 records: 2, size/record: 8, table size: 16
	.data: load addr=00000a38, load size=00000019 bytes, run addr=20000000, run size=00000014 bytes, compression=lzss
	.bss: load addr=00000a60, load size=00000008 bytes, run addr=20000014, run size=00000004 bytes, compression=zero_init


LINKER GENERATED HANDLER TABLE

__TI_handler_table @ 00000a54 records: 3, size/record: 4, table size: 12
	index: 0, handler: __TI_decompress_lzss
	index: 1, handler: __TI_decompress_none
	index: 2, handler: __TI_zero_init


GLOBAL SYMBOLS: SORTED ALPHABETICALLY BY Name 

address   name                          
-------   ----                          
00000963  ADC14_IRQHandler              
000009b4  ADCBuffer                     
00000963  AES256_IRQHandler             
00000963  BusFault_Handler              
00000969  C$$EXIT                       
00000963  COMP_E0_IRQHandler            
00000963  COMP_E1_IRQHandler            
00000963  CS_IRQHandler                 
2000000c  Centermin                     
20000008  Centeropen                    
000005f5  Classify                      
0000060d  Convert                       
0000096c  CornerCases                   
00000963  DMA_ERR_IRQHandler            
00000963  DMA_INT0_IRQHandler           
00000963  DMA_INT1_IRQHandler           
00000963  DMA_INT2_IRQHandler           
00000963  DMA_INT3_IRQHandler           
00000963  DebugMon_Handler              
00000963  Default_Handler               
000009f4  DistanceBuffer                
00000963  EUSCIA0_IRQHandler            
00000963  EUSCIA1_IRQHandler            
00000963  EUSCIA2_IRQHandler            
00000963  EUSCIA3_IRQHandler            
00000963  EUSCIB0_IRQHandler            
00000963  EUSCIB1_IRQHandler            
00000963  EUSCIB2_IRQHandler            
00000963  EUSCIB3_IRQHandler            
00000963  FLCTL_IRQHandler              
00000963  FPU_IRQHandler                
00000963  HardFault_Handler             
00000963  MemManage_Handler             
00000963  NMI_Handler                   
00000963  PCM_IRQHandler                
00000963  PORT1_IRQHandler              
00000963  PORT2_IRQHandler              
00000963  PORT3_IRQHandler              
00000963  PORT4_IRQHandler              
00000963  PORT5_IRQHandler              
00000963  PORT6_IRQHandler              
00000963  PSS_IRQHandler                
00000963  PendSV_Handler                
00000619  Program4_1                    
0000066f  Program4_2                    
0000070d  Program4_3                    
00000963  RTC_C_IRQHandler              
00000957  Reset_Handler                 
00000963  SVC_Handler                   
00000411  SetParametersForSolution      
20000000  Sidemax                       
20000004  Sidemin                       
00000439  Solution                      
00000963  SysTick_Handler               
20000010  SystemCoreClock               
000000e5  SystemCoreClockUpdate         
00000359  SystemInit                    
00000963  T32_INT1_IRQHandler           
00000963  T32_INT2_IRQHandler           
00000963  T32_INTC_IRQHandler           
00000963  TA0_0_IRQHandler              
00000963  TA0_N_IRQHandler              
00000963  TA1_0_IRQHandler              
00000963  TA1_N_IRQHandler              
00000963  TA2_0_IRQHandler              
00000963  TA2_N_IRQHandler              
00000963  TA3_0_IRQHandler              
00000963  TA3_N_IRQHandler              
00000963  UsageFault_Handler            
4000480c  WDTCTL_SYM                    
00000963  WDT_A_IRQHandler              
20010000  __STACK_END                   
00000200  __STACK_SIZE                  
00000a68  __TI_CINIT_Base               
00000a78  __TI_CINIT_Limit              
00000a54  __TI_Handler_Table_Base       
00000a60  __TI_Handler_Table_Limit      
000008b5  __TI_auto_init_nobinit_nopinit
0000084d  __TI_decompress_lzss          
00000949  __TI_decompress_none          
ffffffff  __TI_pprof_out_hndl           
ffffffff  __TI_prof_data_size           
ffffffff  __TI_prof_data_start          
00000000  __TI_static_base__            
0000092d  __TI_zero_init_nomemset       
000007b1  __aeabi_memcpy                
000007b1  __aeabi_memcpy4               
000007b1  __aeabi_memcpy8               
ffffffff  __binit__                     
ffffffff  __c_args__                    
UNDEFED   __mpu_init                    
2000fe00  __stack                       
20000000  __start___llvm_prf_cnts       
20000000  __stop___llvm_prf_cnts        
000008f9  _c_int00_noargs               
UNDEFED   _system_post_cinit            
00000965  _system_pre_init              
00000969  abort                         
ffffffff  binit                         
20000014  errors                        
00000000  interruptVectors              
00000799  main                          
000007b1  memcpy                        


GLOBAL SYMBOLS: SORTED BY Symbol Address 

address   name                          
-------   ----                          
00000000  __TI_static_base__            
00000000  interruptVectors              
000000e5  SystemCoreClockUpdate         
00000200  __STACK_SIZE                  
00000359  SystemInit                    
00000411  SetParametersForSolution      
00000439  Solution                      
000005f5  Classify                      
0000060d  Convert                       
00000619  Program4_1                    
0000066f  Program4_2                    
0000070d  Program4_3                    
00000799  main                          
000007b1  __aeabi_memcpy                
000007b1  __aeabi_memcpy4               
000007b1  __aeabi_memcpy8               
000007b1  memcpy                        
0000084d  __TI_decompress_lzss          
000008b5  __TI_auto_init_nobinit_nopinit
000008f9  _c_int00_noargs               
0000092d  __TI_zero_init_nomemset       
00000949  __TI_decompress_none          
00000957  Reset_Handler                 
00000963  ADC14_IRQHandler              
00000963  AES256_IRQHandler             
00000963  BusFault_Handler              
00000963  COMP_E0_IRQHandler            
00000963  COMP_E1_IRQHandler            
00000963  CS_IRQHandler                 
00000963  DMA_ERR_IRQHandler            
00000963  DMA_INT0_IRQHandler           
00000963  DMA_INT1_IRQHandler           
00000963  DMA_INT2_IRQHandler           
00000963  DMA_INT3_IRQHandler           
00000963  DebugMon_Handler              
00000963  Default_Handler               
00000963  EUSCIA0_IRQHandler            
00000963  EUSCIA1_IRQHandler            
00000963  EUSCIA2_IRQHandler            
00000963  EUSCIA3_IRQHandler            
00000963  EUSCIB0_IRQHandler            
00000963  EUSCIB1_IRQHandler            
00000963  EUSCIB2_IRQHandler            
00000963  EUSCIB3_IRQHandler            
00000963  FLCTL_IRQHandler              
00000963  FPU_IRQHandler                
00000963  HardFault_Handler             
00000963  MemManage_Handler             
00000963  NMI_Handler                   
00000963  PCM_IRQHandler                
00000963  PORT1_IRQHandler              
00000963  PORT2_IRQHandler              
00000963  PORT3_IRQHandler              
00000963  PORT4_IRQHandler              
00000963  PORT5_IRQHandler              
00000963  PORT6_IRQHandler              
00000963  PSS_IRQHandler                
00000963  PendSV_Handler                
00000963  RTC_C_IRQHandler              
00000963  SVC_Handler                   
00000963  SysTick_Handler               
00000963  T32_INT1_IRQHandler           
00000963  T32_INT2_IRQHandler           
00000963  T32_INTC_IRQHandler           
00000963  TA0_0_IRQHandler              
00000963  TA0_N_IRQHandler              
00000963  TA1_0_IRQHandler              
00000963  TA1_N_IRQHandler              
00000963  TA2_0_IRQHandler              
00000963  TA2_N_IRQHandler              
00000963  TA3_0_IRQHandler              
00000963  TA3_N_IRQHandler              
00000963  UsageFault_Handler            
00000963  WDT_A_IRQHandler              
00000965  _system_pre_init              
00000969  C$$EXIT                       
00000969  abort                         
0000096c  CornerCases                   
000009b4  ADCBuffer                     
000009f4  DistanceBuffer                
00000a54  __TI_Handler_Table_Base       
00000a60  __TI_Handler_Table_Limit      
00000a68  __TI_CINIT_Base               
00000a78  __TI_CINIT_Limit              
20000000  Sidemax                       
20000000  __start___llvm_prf_cnts       
20000000  __stop___llvm_prf_cnts        
20000004  Sidemin                       
20000008  Centeropen                    
2000000c  Centermin                     
20000010  SystemCoreClock               
20000014  errors                        
2000fe00  __stack                       
20010000  __STACK_END                   
4000480c  WDTCTL_SYM                    
ffffffff  __TI_pprof_out_hndl           
ffffffff  __TI_prof_data_size           
ffffffff  __TI_prof_data_start          
ffffffff  __binit__                     
ffffffff  __c_args__                    
ffffffff  binit                         
UNDEFED   __mpu_init                    
UNDEFED   _system_post_cinit            

[103 symbols]
