******************************************************************************
                  TI ARM Linker PC v20.2.5                     
******************************************************************************
>> Linked Thu Mar  3 15:38:18 2022

OUTPUT FILE NAME:   <Lab12_Motors.out>
ENTRY POINT SYMBOL: "_c_int00_noargs"  address: 000009f5


MEMORY CONFIGURATION

         name            origin    length      used     unused   attr    fill
----------------------  --------  ---------  --------  --------  ----  --------
  MAIN                  00000000   00040000  00000a72  0003f58e  R  X
  INFO                  00200000   00004000  00000000  00004000  R  X
  SRAM_CODE             01000000   00010000  0000021c  0000fde4  RW X
  SRAM_DATA             20000000   00010000  0000021c  0000fde4  RW  


SEGMENT ALLOCATION MAP

run origin  load origin   length   init length attrs members
----------  ----------- ---------- ----------- ----- -------
00000000    00000000    00000a78   00000a78    r-x
  00000000    00000000    000000e4   000000e4    r-- .intvecs
  000000e4    000000e4    0000096e   0000096e    r-x .text
  00000a58    00000a58    00000020   00000020    r-- .cinit
20000000    20000000    0000001c   00000000    rw-
  20000000    20000000    0000001c   00000000    rw- .data
2000fe00    2000fe00    00000200   00000000    rw-
  2000fe00    2000fe00    00000200   00000000    rw- .stack


SECTION ALLOCATION MAP

 output                                  attributes/
section   page    origin      length       input sections
--------  ----  ----------  ----------   ----------------
.intvecs   0    00000000    000000e4     
                  00000000    000000e4     startup_msp432p401r_ccs.obj (.intvecs:retain)

.text      0    000000e4    0000096e     
                  000000e4    0000032c     system_msp432p401r.obj (.text)
                  00000410    000001e0     Clock.obj (.text)
                  000005f0    0000015c     Lab12_Motorsmain.obj (.text)
                  0000074c    000000f8     LaunchPad.obj (.text)
                  00000844    0000009c     rtsv7M4_T_le_v4SPD16_eabi.lib : memcpy_t2.asm.obj (.text)
                  000008e0    00000068     MotorSimple.obj (.text)
                  00000948    00000068     rtsv7M4_T_le_v4SPD16_eabi.lib : copy_decompress_lzss.c.obj (.text:decompress:lzss:__TI_decompress_lzss)
                  000009b0    00000044                                   : autoinit.c.obj (.text:__TI_auto_init_nobinit_nopinit:__TI_auto_init_nobinit_nopinit)
                  000009f4    00000034                                   : boot_cortex_m.c.obj (.text:_c_int00_noargs:_c_int00_noargs)
                  00000a28    0000000e                                   : copy_decompress_none.c.obj (.text:decompress:none:__TI_decompress_none)
                  00000a36    0000000e     startup_msp432p401r_ccs.obj (.text)
                  00000a44    00000006     Bump.obj (.text)
                  00000a4a    00000004     rtsv7M4_T_le_v4SPD16_eabi.lib : pre_init.c.obj (.text:_system_pre_init)
                  00000a4e    00000004                                   : exit.c.obj (.text:abort:abort)

.cinit     0    00000a58    00000020     
                  00000a58    0000000d     (.cinit..data.load) [load image, compression = lzss]
                  00000a65    00000003     --HOLE-- [fill = 0]
                  00000a68    00000008     (__TI_handler_table)
                  00000a70    00000008     (__TI_cinit_table)

.init_array 
*          0    00000000    00000000     UNINITIALIZED

.binit     0    00000000    00000000     

.data      0    20000000    0000001c     UNINITIALIZED
                  20000000    00000018     Clock.obj (.data)
                  20000018    00000004     system_msp432p401r.obj (.data)

.stack     0    2000fe00    00000200     UNINITIALIZED
                  2000fe00    00000004     rtsv7M4_T_le_v4SPD16_eabi.lib : boot_cortex_m.c.obj (.stack)
                  2000fe04    000001fc     --HOLE--

__llvm_prf_cnts 
*          0    20000000    00000000     UNINITIALIZED

MODULE SUMMARY

       Module                        code   ro data   rw data
       ------                        ----   -------   -------
    .\
       system_msp432p401r.obj        812    0         8      
       Clock.obj                     480    0         48     
       Lab12_Motorsmain.obj          348    0         0      
       LaunchPad.obj                 248    0         0      
       startup_msp432p401r_ccs.obj   14     228       0      
       MotorSimple.obj               104    0         0      
       Bump.obj                      6      0         0      
    +--+-----------------------------+------+---------+---------+
       Total:                        2012   228       56     
                                                             
    C:\ti\ccs1110\ccs\tools\compiler\ti-cgt-arm_20.2.5.LTS\lib\rtsv7M4_T_le_v4SPD16_eabi.lib
       memcpy_t2.asm.obj             156    0         0      
       copy_decompress_lzss.c.obj    104    0         0      
       autoinit.c.obj                68     0         0      
       boot_cortex_m.c.obj           52     0         0      
       copy_decompress_none.c.obj    14     0         0      
       exit.c.obj                    4      0         0      
       pre_init.c.obj                4      0         0      
    +--+-----------------------------+------+---------+---------+
       Total:                        402    0         0      
                                                             
       Stack:                        0      0         1024   
       Linker Generated:             0      29        0      
    +--+-----------------------------+------+---------+---------+
       Grand Total:                  2414   257       1080   


LINKER GENERATED COPY TABLES

__TI_cinit_table @ 00000a70 records: 1, size/record: 8, table size: 8
	.data: load addr=00000a58, load size=0000000d bytes, run addr=20000000, run size=0000001c bytes, compression=lzss


LINKER GENERATED HANDLER TABLE

__TI_handler_table @ 00000a68 records: 2, size/record: 4, table size: 8
	index: 0, handler: __TI_decompress_lzss
	index: 1, handler: __TI_decompress_none


GLOBAL SYMBOLS: SORTED ALPHABETICALLY BY Name 

address   name                          
-------   ----                          
00000a43  ADC14_IRQHandler              
00000a43  AES256_IRQHandler             
00000a45  Bump_Init                     
00000a47  Bump_Read                     
00000a43  BusFault_Handler              
00000a4f  C$$EXIT                       
00000a43  COMP_E0_IRQHandler            
00000a43  COMP_E1_IRQHandler            
20000008  CPMwait                       
00000a43  CS_IRQHandler                 
20000000  ClockFrequency                
00000565  Clock_Delay1ms                
0000053b  Clock_Delay1us                
00000527  Clock_GetFreq                 
00000411  Clock_Init48MHz               
20000014  Crystalstable                 
00000a43  DMA_ERR_IRQHandler            
00000a43  DMA_INT0_IRQHandler           
00000a43  DMA_INT1_IRQHandler           
00000a43  DMA_INT2_IRQHandler           
00000a43  DMA_INT3_IRQHandler           
00000a43  DebugMon_Handler              
00000a43  Default_Handler               
00000a43  EUSCIA0_IRQHandler            
00000a43  EUSCIA1_IRQHandler            
00000a43  EUSCIA2_IRQHandler            
00000a43  EUSCIA3_IRQHandler            
00000a43  EUSCIB0_IRQHandler            
00000a43  EUSCIB1_IRQHandler            
00000a43  EUSCIB2_IRQHandler            
00000a43  EUSCIB3_IRQHandler            
00000a43  FLCTL_IRQHandler              
00000a43  FPU_IRQHandler                
00000a43  HardFault_Handler             
20000010  IFlags                        
0000074d  LaunchPad_Init                
000007bd  LaunchPad_Input               
000007db  LaunchPad_LED                 
000007f9  LaunchPad_Output              
00000a43  MemManage_Handler             
00000911  Motor_BackwardSimple          
00000903  Motor_ForwardSimple           
000008e1  Motor_InitSimple              
0000091f  Motor_LeftSimple              
0000092d  Motor_RightSimple             
000008e3  Motor_StopSimple              
00000a43  NMI_Handler                   
00000a43  PCM_IRQHandler                
00000a43  PORT1_IRQHandler              
00000a43  PORT2_IRQHandler              
00000a43  PORT3_IRQHandler              
00000a43  PORT4_IRQHandler              
00000a43  PORT5_IRQHandler              
00000a43  PORT6_IRQHandler              
00000a43  PSS_IRQHandler                
000005f1  Pause                         
00000a43  PendSV_Handler                
2000000c  Postwait                      
20000004  Prewait                       
00000605  Program12_1                   
000006a9  Program12_3                   
000006cd  Program12_4                   
00000a43  RTC_C_IRQHandler              
00000a37  Reset_Handler                 
00000a43  SVC_Handler                   
00000a43  SysTick_Handler               
20000018  SystemCoreClock               
000000e5  SystemCoreClockUpdate         
00000359  SystemInit                    
00000a43  T32_INT1_IRQHandler           
00000a43  T32_INT2_IRQHandler           
00000a43  T32_INTC_IRQHandler           
00000a43  TA0_0_IRQHandler              
00000a43  TA0_N_IRQHandler              
00000a43  TA1_0_IRQHandler              
00000a43  TA1_N_IRQHandler              
00000a43  TA2_0_IRQHandler              
00000a43  TA2_N_IRQHandler              
00000a43  TA3_0_IRQHandler              
00000a43  TA3_N_IRQHandler              
00000a43  UsageFault_Handler            
4000480c  WDTCTL_SYM                    
00000a43  WDT_A_IRQHandler              
20010000  __STACK_END                   
00000200  __STACK_SIZE                  
00000a70  __TI_CINIT_Base               
00000a78  __TI_CINIT_Limit              
00000a68  __TI_Handler_Table_Base       
00000a70  __TI_Handler_Table_Limit      
000009b1  __TI_auto_init_nobinit_nopinit
00000949  __TI_decompress_lzss          
00000a29  __TI_decompress_none          
ffffffff  __TI_pprof_out_hndl           
ffffffff  __TI_prof_data_size           
ffffffff  __TI_prof_data_start          
00000000  __TI_static_base__            
00000845  __aeabi_memcpy                
00000845  __aeabi_memcpy4               
00000845  __aeabi_memcpy8               
ffffffff  __binit__                     
ffffffff  __c_args__                    
UNDEFED   __mpu_init                    
2000fe00  __stack                       
20000000  __start___llvm_prf_cnts       
20000000  __stop___llvm_prf_cnts        
000009f5  _c_int00_noargs               
UNDEFED   _system_post_cinit            
00000a4b  _system_pre_init              
00000a4f  abort                         
ffffffff  binit                         
0000052d  delay                         
00000000  interruptVectors              
00000659  main                          
00000845  memcpy                        


GLOBAL SYMBOLS: SORTED BY Symbol Address 

address   name                          
-------   ----                          
00000000  __TI_static_base__            
00000000  interruptVectors              
000000e5  SystemCoreClockUpdate         
00000200  __STACK_SIZE                  
00000359  SystemInit                    
00000411  Clock_Init48MHz               
00000527  Clock_GetFreq                 
0000052d  delay                         
0000053b  Clock_Delay1us                
00000565  Clock_Delay1ms                
000005f1  Pause                         
00000605  Program12_1                   
00000659  main                          
000006a9  Program12_3                   
000006cd  Program12_4                   
0000074d  LaunchPad_Init                
000007bd  LaunchPad_Input               
000007db  LaunchPad_LED                 
000007f9  LaunchPad_Output              
00000845  __aeabi_memcpy                
00000845  __aeabi_memcpy4               
00000845  __aeabi_memcpy8               
00000845  memcpy                        
000008e1  Motor_InitSimple              
000008e3  Motor_StopSimple              
00000903  Motor_ForwardSimple           
00000911  Motor_BackwardSimple          
0000091f  Motor_LeftSimple              
0000092d  Motor_RightSimple             
00000949  __TI_decompress_lzss          
000009b1  __TI_auto_init_nobinit_nopinit
000009f5  _c_int00_noargs               
00000a29  __TI_decompress_none          
00000a37  Reset_Handler                 
00000a43  ADC14_IRQHandler              
00000a43  AES256_IRQHandler             
00000a43  BusFault_Handler              
00000a43  COMP_E0_IRQHandler            
00000a43  COMP_E1_IRQHandler            
00000a43  CS_IRQHandler                 
00000a43  DMA_ERR_IRQHandler            
00000a43  DMA_INT0_IRQHandler           
00000a43  DMA_INT1_IRQHandler           
00000a43  DMA_INT2_IRQHandler           
00000a43  DMA_INT3_IRQHandler           
00000a43  DebugMon_Handler              
00000a43  Default_Handler               
00000a43  EUSCIA0_IRQHandler            
00000a43  EUSCIA1_IRQHandler            
00000a43  EUSCIA2_IRQHandler            
00000a43  EUSCIA3_IRQHandler            
00000a43  EUSCIB0_IRQHandler            
00000a43  EUSCIB1_IRQHandler            
00000a43  EUSCIB2_IRQHandler            
00000a43  EUSCIB3_IRQHandler            
00000a43  FLCTL_IRQHandler              
00000a43  FPU_IRQHandler                
00000a43  HardFault_Handler             
00000a43  MemManage_Handler             
00000a43  NMI_Handler                   
00000a43  PCM_IRQHandler                
00000a43  PORT1_IRQHandler              
00000a43  PORT2_IRQHandler              
00000a43  PORT3_IRQHandler              
00000a43  PORT4_IRQHandler              
00000a43  PORT5_IRQHandler              
00000a43  PORT6_IRQHandler              
00000a43  PSS_IRQHandler                
00000a43  PendSV_Handler                
00000a43  RTC_C_IRQHandler              
00000a43  SVC_Handler                   
00000a43  SysTick_Handler               
00000a43  T32_INT1_IRQHandler           
00000a43  T32_INT2_IRQHandler           
00000a43  T32_INTC_IRQHandler           
00000a43  TA0_0_IRQHandler              
00000a43  TA0_N_IRQHandler              
00000a43  TA1_0_IRQHandler              
00000a43  TA1_N_IRQHandler              
00000a43  TA2_0_IRQHandler              
00000a43  TA2_N_IRQHandler              
00000a43  TA3_0_IRQHandler              
00000a43  TA3_N_IRQHandler              
00000a43  UsageFault_Handler            
00000a43  WDT_A_IRQHandler              
00000a45  Bump_Init                     
00000a47  Bump_Read                     
00000a4b  _system_pre_init              
00000a4f  C$$EXIT                       
00000a4f  abort                         
00000a68  __TI_Handler_Table_Base       
00000a70  __TI_CINIT_Base               
00000a70  __TI_Handler_Table_Limit      
00000a78  __TI_CINIT_Limit              
20000000  ClockFrequency                
20000000  __start___llvm_prf_cnts       
20000000  __stop___llvm_prf_cnts        
20000004  Prewait                       
20000008  CPMwait                       
2000000c  Postwait                      
20000010  IFlags                        
20000014  Crystalstable                 
20000018  SystemCoreClock               
2000fe00  __stack                       
20010000  __STACK_END                   
4000480c  WDTCTL_SYM                    
ffffffff  __TI_pprof_out_hndl           
ffffffff  __TI_prof_data_size           
ffffffff  __TI_prof_data_start          
ffffffff  __binit__                     
ffffffff  __c_args__                    
ffffffff  binit                         
UNDEFED   __mpu_init                    
UNDEFED   _system_post_cinit            

[114 symbols]
